Archive member included to satisfy reference by file (symbol)

d:/study/stm32cube/arm-none-eabi-gcc/gcc-arm-none-eabi-10.3-2021.10-win32/gcc-arm-none-eabi-10.3-2021.10/bin/../lib/gcc/arm-none-eabi/10.3.1/thumb/v7-m/nofp\libgcc.a(_arm_mulsf3.o)
                              CMakeFiles/coded_lock.elf.dir/Core/Src/tim.c.obj (__aeabi_fmul)
d:/study/stm32cube/arm-none-eabi-gcc/gcc-arm-none-eabi-10.3-2021.10-win32/gcc-arm-none-eabi-10.3-2021.10/bin/../lib/gcc/arm-none-eabi/10.3.1/thumb/v7-m/nofp\libgcc.a(_arm_addsubsf3.o)
                              CMakeFiles/coded_lock.elf.dir/Core/Src/tim.c.obj (__aeabi_fadd)
d:/study/stm32cube/arm-none-eabi-gcc/gcc-arm-none-eabi-10.3-2021.10-win32/gcc-arm-none-eabi-10.3-2021.10/bin/../lib/gcc/arm-none-eabi/10.3.1/thumb/v7-m/nofp\libgcc.a(_arm_muldivsf3.o)
                              CMakeFiles/coded_lock.elf.dir/Core/Src/tim.c.obj (__aeabi_fdiv)
d:/study/stm32cube/arm-none-eabi-gcc/gcc-arm-none-eabi-10.3-2021.10-win32/gcc-arm-none-eabi-10.3-2021.10/bin/../lib/gcc/arm-none-eabi/10.3.1/thumb/v7-m/nofp\libgcc.a(_arm_fixunssfsi.o)
                              CMakeFiles/coded_lock.elf.dir/Core/Src/tim.c.obj (__aeabi_f2uiz)
d:/study/stm32cube/arm-none-eabi-gcc/gcc-arm-none-eabi-10.3-2021.10-win32/gcc-arm-none-eabi-10.3-2021.10/bin/../lib/gcc/arm-none-eabi/10.3.1/thumb/v7-m/nofp\libgcc.a(_aeabi_uldivmod.o)
                              CMakeFiles/coded_lock.elf.dir/UserAPP/Src/My_Uart.c.obj (__aeabi_uldivmod)
d:/study/stm32cube/arm-none-eabi-gcc/gcc-arm-none-eabi-10.3-2021.10-win32/gcc-arm-none-eabi-10.3-2021.10/bin/../lib/gcc/arm-none-eabi/10.3.1/thumb/v7-m/nofp\libgcc.a(_udivmoddi4.o)
                              d:/study/stm32cube/arm-none-eabi-gcc/gcc-arm-none-eabi-10.3-2021.10-win32/gcc-arm-none-eabi-10.3-2021.10/bin/../lib/gcc/arm-none-eabi/10.3.1/thumb/v7-m/nofp\libgcc.a(_aeabi_uldivmod.o) (__udivmoddi4)
d:/study/stm32cube/arm-none-eabi-gcc/gcc-arm-none-eabi-10.3-2021.10-win32/gcc-arm-none-eabi-10.3-2021.10/bin/../lib/gcc/arm-none-eabi/10.3.1/thumb/v7-m/nofp\libgcc.a(_dvmd_tls.o)
                              d:/study/stm32cube/arm-none-eabi-gcc/gcc-arm-none-eabi-10.3-2021.10-win32/gcc-arm-none-eabi-10.3-2021.10/bin/../lib/gcc/arm-none-eabi/10.3.1/thumb/v7-m/nofp\libgcc.a(_aeabi_uldivmod.o) (__aeabi_ldiv0)
d:/study/stm32cube/arm-none-eabi-gcc/gcc-arm-none-eabi-10.3-2021.10-win32/gcc-arm-none-eabi-10.3-2021.10/bin/../lib/gcc/arm-none-eabi/10.3.1/../../../../arm-none-eabi/lib/thumb/v7-m/nofp\libg.a(lib_a-errno.o)
                              CMakeFiles/coded_lock.elf.dir/Core/Src/syscalls.c.obj (__errno)
d:/study/stm32cube/arm-none-eabi-gcc/gcc-arm-none-eabi-10.3-2021.10-win32/gcc-arm-none-eabi-10.3-2021.10/bin/../lib/gcc/arm-none-eabi/10.3.1/../../../../arm-none-eabi/lib/thumb/v7-m/nofp\libg.a(lib_a-exit.o)
                              d:/study/stm32cube/arm-none-eabi-gcc/gcc-arm-none-eabi-10.3-2021.10-win32/gcc-arm-none-eabi-10.3-2021.10/bin/../lib/gcc/arm-none-eabi/10.3.1/../../../../arm-none-eabi/lib/thumb/v7-m/nofp/crt0.o (exit)
d:/study/stm32cube/arm-none-eabi-gcc/gcc-arm-none-eabi-10.3-2021.10-win32/gcc-arm-none-eabi-10.3-2021.10/bin/../lib/gcc/arm-none-eabi/10.3.1/../../../../arm-none-eabi/lib/thumb/v7-m/nofp\libg.a(lib_a-impure.o)
                              d:/study/stm32cube/arm-none-eabi-gcc/gcc-arm-none-eabi-10.3-2021.10-win32/gcc-arm-none-eabi-10.3-2021.10/bin/../lib/gcc/arm-none-eabi/10.3.1/../../../../arm-none-eabi/lib/thumb/v7-m/nofp\libg.a(lib_a-exit.o) (_global_impure_ptr)
d:/study/stm32cube/arm-none-eabi-gcc/gcc-arm-none-eabi-10.3-2021.10-win32/gcc-arm-none-eabi-10.3-2021.10/bin/../lib/gcc/arm-none-eabi/10.3.1/../../../../arm-none-eabi/lib/thumb/v7-m/nofp\libg.a(lib_a-init.o)
                              d:/study/stm32cube/arm-none-eabi-gcc/gcc-arm-none-eabi-10.3-2021.10-win32/gcc-arm-none-eabi-10.3-2021.10/bin/../lib/gcc/arm-none-eabi/10.3.1/../../../../arm-none-eabi/lib/thumb/v7-m/nofp/crt0.o (__libc_init_array)
d:/study/stm32cube/arm-none-eabi-gcc/gcc-arm-none-eabi-10.3-2021.10-win32/gcc-arm-none-eabi-10.3-2021.10/bin/../lib/gcc/arm-none-eabi/10.3.1/../../../../arm-none-eabi/lib/thumb/v7-m/nofp\libg.a(lib_a-memset.o)
                              d:/study/stm32cube/arm-none-eabi-gcc/gcc-arm-none-eabi-10.3-2021.10-win32/gcc-arm-none-eabi-10.3-2021.10/bin/../lib/gcc/arm-none-eabi/10.3.1/../../../../arm-none-eabi/lib/thumb/v7-m/nofp/crt0.o (memset)
d:/study/stm32cube/arm-none-eabi-gcc/gcc-arm-none-eabi-10.3-2021.10-win32/gcc-arm-none-eabi-10.3-2021.10/bin/../lib/gcc/arm-none-eabi/10.3.1/../../../../arm-none-eabi/lib/thumb/v7-m/nofp\libg.a(lib_a-printf.o)
                              CMakeFiles/coded_lock.elf.dir/Core/Src/main.c.obj (printf)
d:/study/stm32cube/arm-none-eabi-gcc/gcc-arm-none-eabi-10.3-2021.10-win32/gcc-arm-none-eabi-10.3-2021.10/bin/../lib/gcc/arm-none-eabi/10.3.1/../../../../arm-none-eabi/lib/thumb/v7-m/nofp\libg.a(lib_a-puts.o)
                              CMakeFiles/coded_lock.elf.dir/Core/Src/main.c.obj (puts)
[...]
Memory Configuration

Name             Origin             Length             Attributes
RAM              0x20000000         0x00005000         xrw
FLASH            0x08000000         0x00010000         xr
*default*        0x00000000         0xffffffff

Linker script and memory map

LOAD d:/study/stm32cube/arm-none-eabi-gcc/gcc-arm-none-eabi-10.3-2021.10-win32/gcc-arm-none-eabi-10.3-2021.10/bin/../lib/gcc/arm-none-eabi/10.3.1/thumb/v7-m/nofp/crti.o
LOAD d:/study/stm32cube/arm-none-eabi-gcc/gcc-arm-none-eabi-10.3-2021.10-win32/gcc-arm-none-eabi-10.3-2021.10/bin/../lib/gcc/arm-none-eabi/10.3.1/thumb/v7-m/nofp/crtbegin.o
LOAD d:/study/stm32cube/arm-none-eabi-gcc/gcc-arm-none-eabi-10.3-2021.10-win32/gcc-arm-none-eabi-10.3-2021.10/bin/../lib/gcc/arm-none-eabi/10.3.1/../../../../arm-none-eabi/lib/thumb/v7-m/nofp/crt0.o
LOAD CMakeFiles/coded_lock.elf.dir/Core/Src/dma.c.obj
LOAD CMakeFiles/coded_lock.elf.dir/Core/Src/gpio.c.obj
LOAD CMakeFiles/coded_lock.elf.dir/Core/Src/i2c.c.obj
LOAD CMakeFiles/coded_lock.elf.dir/Core/Src/main.c.obj
LOAD CMakeFiles/coded_lock.elf.dir/Core/Src/stm32f1xx_hal_msp.c.obj
LOAD CMakeFiles/coded_lock.elf.dir/Core/Src/stm32f1xx_it.c.obj
LOAD CMakeFiles/coded_lock.elf.dir/Core/Src/syscalls.c.obj
LOAD CMakeFiles/coded_lock.elf.dir/Core/Src/sysmem.c.obj
LOAD CMakeFiles/coded_lock.elf.dir/Core/Src/system_stm32f1xx.c.obj
LOAD CMakeFiles/coded_lock.elf.dir/Core/Src/tim.c.obj
LOAD CMakeFiles/coded_lock.elf.dir/Core/Src/usart.c.obj
LOAD CMakeFiles/coded_lock.elf.dir/Core/Startup/startup_stm32f103c8tx.s.obj
LOAD CMakeFiles/coded_lock.elf.dir/Drivers/STM32F1xx_HAL_Driver/Src/stm32f1xx_hal.c.obj
LOAD CMakeFiles/coded_lock.elf.dir/Drivers/STM32F1xx_HAL_Driver/Src/stm32f1xx_hal_cortex.c.obj
LOAD CMakeFiles/coded_lock.elf.dir/Drivers/STM32F1xx_HAL_Driver/Src/stm32f1xx_hal_dma.c.obj
LOAD CMakeFiles/coded_lock.elf.dir/Drivers/STM32F1xx_HAL_Driver/Src/stm32f1xx_hal_exti.c.obj
LOAD CMakeFiles/coded_lock.elf.dir/Drivers/STM32F1xx_HAL_Driver/Src/stm32f1xx_hal_flash.c.obj
LOAD CMakeFiles/coded_lock.elf.dir/Drivers/STM32F1xx_HAL_Driver/Src/stm32f1xx_hal_flash_ex.c.obj
LOAD CMakeFiles/coded_lock.elf.dir/Drivers/STM32F1xx_HAL_Driver/Src/stm32f1xx_hal_gpio.c.obj
LOAD CMakeFiles/coded_lock.elf.dir/Drivers/STM32F1xx_HAL_Driver/Src/stm32f1xx_hal_gpio_ex.c.obj
LOAD CMakeFiles/coded_lock.elf.dir/Drivers/STM32F1xx_HAL_Driver/Src/stm32f1xx_hal_i2c.c.obj
LOAD CMakeFiles/coded_lock.elf.dir/Drivers/STM32F1xx_HAL_Driver/Src/stm32f1xx_hal_pwr.c.obj
LOAD CMakeFiles/coded_lock.elf.dir/Drivers/STM32F1xx_HAL_Driver/Src/stm32f1xx_hal_rcc.c.obj
LOAD CMakeFiles/coded_lock.elf.dir/Drivers/STM32F1xx_HAL_Driver/Src/stm32f1xx_hal_rcc_ex.c.obj
LOAD CMakeFiles/coded_lock.elf.dir/Drivers/STM32F1xx_HAL_Driver/Src/stm32f1xx_hal_tim.c.obj
LOAD CMakeFiles/coded_lock.elf.dir/Drivers/STM32F1xx_HAL_Driver/Src/stm32f1xx_hal_tim_ex.c.obj
LOAD CMakeFiles/coded_lock.elf.dir/Drivers/STM32F1xx_HAL_Driver/Src/stm32f1xx_hal_uart.c.obj
LOAD CMakeFiles/coded_lock.elf.dir/UserAPP/Src/BT_Uart.c.obj
LOAD CMakeFiles/coded_lock.elf.dir/UserAPP/Src/Delay.c.obj
LOAD CMakeFiles/coded_lock.elf.dir/UserAPP/Src/KeyScan.c.obj
LOAD CMakeFiles/coded_lock.elf.dir/UserAPP/Src/Lock.c.obj
LOAD CMakeFiles/coded_lock.elf.dir/UserAPP/Src/My_Flash.c.obj
LOAD CMakeFiles/coded_lock.elf.dir/UserAPP/Src/My_Uart.c.obj
LOAD CMakeFiles/coded_lock.elf.dir/UserAPP/Src/OLED.c.obj
LOAD CMakeFiles/coded_lock.elf.dir/UserAPP/Src/Soft_I2C.c.obj
LOAD CMakeFiles/coded_lock.elf.dir/UserAPP/Src/retarget.c.obj
START GROUP
LOAD d:/study/stm32cube/arm-none-eabi-gcc/gcc-arm-none-eabi-10.3-2021.10-win32/gcc-arm-none-eabi-10.3-2021.10/bin/../lib/gcc/arm-none-eabi/10.3.1/thumb/v7-m/nofp\libgcc.a
LOAD d:/study/stm32cube/arm-none-eabi-gcc/gcc-arm-none-eabi-10.3-2021.10-win32/gcc-arm-none-eabi-10.3-2021.10/bin/../lib/gcc/arm-none-eabi/10.3.1/../../../../arm-none-eabi/lib/thumb/v7-m/nofp\libg.a
LOAD d:/study/stm32cube/arm-none-eabi-gcc/gcc-arm-none-eabi-10.3-2021.10-win32/gcc-arm-none-eabi-10.3-2021.10/bin/../lib/gcc/arm-none-eabi/10.3.1/../../../../arm-none-eabi/lib/thumb/v7-m/nofp\libc.a
END GROUP
LOAD d:/study/stm32cube/arm-none-eabi-gcc/gcc-arm-none-eabi-10.3-2021.10-win32/gcc-arm-none-eabi-10.3-2021.10/bin/../lib/gcc/arm-none-eabi/10.3.1/thumb/v7-m/nofp/crtend.o
LOAD d:/study/stm32cube/arm-none-eabi-gcc/gcc-arm-none-eabi-10.3-2021.10-win32/gcc-arm-none-eabi-10.3-2021.10/bin/../lib/gcc/arm-none-eabi/10.3.1/thumb/v7-m/nofp/crtn.o
                0x20005000                _estack = (ORIGIN (RAM) + LENGTH (RAM))
                0x00000200                _Min_Heap_Size = 0x200
                0x00000400                _Min_Stack_Size = 0x400

.isr_vector     0x08000000      0x10c
                0x08000000                . = ALIGN (0x4)
 *(.isr_vector)
 .isr_vector    0x08000000      0x10c CMakeFiles/coded_lock.elf.dir/Core/Startup/startup_stm32f103c8tx.s.obj
                0x08000000                g_pfnVectors
                0x0800010c                . = ALIGN (0x4)

.text           0x08000110     0xafc8
                0x08000110                . = ALIGN (0x4)
 *(.text)
 .text          0x08000110       0x40 d:/study/stm32cube/arm-none-eabi-gcc/gcc-arm-none-eabi-10.3-2021.10-win32/gcc-arm-none-eabi-10.3-2021.10/bin/../lib/gcc/arm-none-eabi/10.3.1/thumb/v7-m/nofp/crtbegin.o
 .text          0x08000150      0x21c d:/study/stm32cube/arm-none-eabi-gcc/gcc-arm-none-eabi-10.3-2021.10-win32/gcc-arm-none-eabi-10.3-2021.10/bin/../lib/gcc/arm-none-eabi/10.3.1/thumb/v7-m/nofp\libgcc.a(_arm_addsubsf3.o)
                0x08000150                __aeabi_frsub
                0x08000158                __subsf3
                0x08000158                __aeabi_fsub
                0x0800015c                __aeabi_fadd
                0x0800015c                __addsf3
                0x080002bc                __aeabi_ui2f
                0x080002bc                __floatunsisf
                0x080002c4                __aeabi_i2f
                0x080002c4                __floatsisf
                0x080002e0                __aeabi_ul2f
                0x080002e0                __floatundisf
                0x080002f0                __aeabi_l2f
                0x080002f0                __floatdisf
 .text          0x0800036c      0x2a0 d:/study/stm32cube/arm-none-eabi-gcc/gcc-arm-none-eabi-10.3-2021.10-win32/gcc-arm-none-eabi-10.3-2021.10/bin/../lib/gcc/arm-none-eabi/10.3.1/thumb/v7-m/nofp\libgcc.a(_arm_muldivsf3.o)
                0x0800036c                __mulsf3
                0x0800036c                __aeabi_fmul
                0x080004d4                __aeabi_fdiv
                0x080004d4                __divsf3
 .text          0x0800060c       0x40 d:/study/stm32cube/arm-none-eabi-gcc/gcc-arm-none-eabi-10.3-2021.10-win32/gcc-arm-none-eabi-10.3-2021.10/bin/../lib/gcc/arm-none-eabi/10.3.1/thumb/v7-m/nofp\libgcc.a(_arm_fixunssfsi.o)
                0x0800060c                __fixunssfsi
                0x0800060c                __aeabi_f2uiz
 .text          0x0800064c       0x30 d:/study/stm32cube/arm-none-eabi-gcc/gcc-arm-none-eabi-10.3-2021.10-win32/gcc-arm-none-eabi-10.3-2021.10/bin/../lib/gcc/arm-none-eabi/10.3.1/thumb/v7-m/nofp\libgcc.a(_aeabi_uldivmod.o)
                0x0800064c                __aeabi_uldivmod
 .text          0x0800067c      0x2d4 d:/study/stm32cube/arm-none-eabi-gcc/gcc-arm-none-eabi-10.3-2021.10-win32/gcc-arm-none-eabi-10.3-2021.10/bin/../lib/gcc/arm-none-eabi/10.3.1/thumb/v7-m/nofp\libgcc.a(_udivmoddi4.o)
                0x0800067c                __udivmoddi4
 .text          0x08000950        0x4 d:/study/stm32cube/arm-none-eabi-gcc/gcc-arm-none-eabi-10.3-2021.10-win32/gcc-arm-none-eabi-10.3-2021.10/bin/../lib/gcc/arm-none-eabi/10.3.1/thumb/v7-m/nofp\libgcc.a(_dvmd_tls.o)
                0x08000950                __aeabi_idiv0
                0x08000950                __aeabi_ldiv0
 .text          0x08000954       0xec d:/study/stm32cube/arm-none-eabi-gcc/gcc-arm-none-eabi-10.3-2021.10-win32/gcc-arm-none-eabi-10.3-2021.10/bin/../lib/gcc/arm-none-eabi/10.3.1/../../../../arm-none-eabi/lib/thumb/v7-m/nofp\libg.a(lib_a-memcpy.o)
                0x08000954                memcpy
 .text          0x08000a40      0x378 d:/study/stm32cube/arm-none-eabi-gcc/gcc-arm-none-eabi-10.3-2021.10-win32/gcc-arm-none-eabi-10.3-2021.10/bin/../lib/gcc/arm-none-eabi/10.3.1/thumb/v7-m/nofp\libgcc.a(_arm_addsubdf3.o)
                0x08000a40                __aeabi_drsub
                0x08000a48                __aeabi_dsub
                0x08000a48                __subdf3
                0x08000a4c                __aeabi_dadd
                0x08000a4c                __adddf3
                0x08000cc4                __floatunsidf
                0x08000cc4                __aeabi_ui2d
                0x08000ce4                __floatsidf
                0x08000ce4                __aeabi_i2d
                0x08000d08                __aeabi_f2d
                0x08000d08                __extendsfdf2
                0x08000d4c                __floatundidf
                0x08000d4c                __aeabi_ul2d
                0x08000d5c                __floatdidf
                0x08000d5c                __aeabi_l2d
 .text          0x08000db8      0x424 d:/study/stm32cube/arm-none-eabi-gcc/gcc-arm-none-eabi-10.3-2021.10-win32/gcc-arm-none-eabi-10.3-2021.10/bin/../lib/gcc/arm-none-eabi/10.3.1/thumb/v7-m/nofp\libgcc.a(_arm_muldivdf3.o)
                0x08000db8                __aeabi_dmul
                0x08000db8                __muldf3
                0x0800100c                __divdf3
                0x0800100c                __aeabi_ddiv
 .text          0x080011dc      0x110 d:/study/stm32cube/arm-none-eabi-gcc/gcc-arm-none-eabi-10.3-2021.10-win32/gcc-arm-none-eabi-10.3-2021.10/bin/../lib/gcc/arm-none-eabi/10.3.1/thumb/v7-m/nofp\libgcc.a(_arm_cmpdf2.o)
                0x080011dc                __gtdf2
                0x080011dc                __gedf2
                0x080011e4                __ltdf2
                0x080011e4                __ledf2
                0x080011ec                __nedf2
                0x080011ec                __eqdf2
                0x080011ec                __cmpdf2
                0x08001268                __aeabi_cdrcmple
                0x08001278                __aeabi_cdcmpeq
                0x08001278                __aeabi_cdcmple
                0x08001288                __aeabi_dcmpeq
                0x0800129c                __aeabi_dcmplt
                0x080012b0                __aeabi_dcmple
                0x080012c4                __aeabi_dcmpge
                0x080012d8                __aeabi_dcmpgt
 .text          0x080012ec       0x2c d:/study/stm32cube/arm-none-eabi-gcc/gcc-arm-none-eabi-10.3-2021.10-win32/gcc-arm-none-eabi-10.3-2021.10/bin/../lib/gcc/arm-none-eabi/10.3.1/thumb/v7-m/nofp\libgcc.a(_arm_unorddf2.o)
                0x080012ec                __unorddf2
                0x080012ec                __aeabi_dcmpun
 .text          0x08001318       0x50 d:/study/stm32cube/arm-none-eabi-gcc/gcc-arm-none-eabi-10.3-2021.10-win32/gcc-arm-none-eabi-10.3-2021.10/bin/../lib/gcc/arm-none-eabi/10.3.1/thumb/v7-m/nofp\libgcc.a(_arm_fixdfsi.o)
                0x08001318                __aeabi_d2iz
                0x08001318                __fixdfsi
 *(.text*)
 .text.MX_DMA_Init
                0x08001368       0x34 CMakeFiles/coded_lock.elf.dir/Core/Src/dma.c.obj
                0x08001368                MX_DMA_Init
 .text.MX_GPIO_Init
                0x0800139c       0x44 CMakeFiles/coded_lock.elf.dir/Core/Src/gpio.c.obj
                0x0800139c                MX_GPIO_Init
 .text.MX_I2C1_Init
                0x080013e0       0x3c CMakeFiles/coded_lock.elf.dir/Core/Src/i2c.c.obj
                0x080013e0                MX_I2C1_Init
 .text.HAL_I2C_MspInit
                0x0800141c       0x78 CMakeFiles/coded_lock.elf.dir/Core/Src/i2c.c.obj
                0x0800141c                HAL_I2C_MspInit
 .text.HAL_TIM_PeriodElapsedCallback
                0x08001494       0x80 CMakeFiles/coded_lock.elf.dir/Core/Src/main.c.obj
                0x08001494                HAL_TIM_PeriodElapsedCallback
 .text.HAL_UARTEx_RxEventCallback
                0x08001514      0x198 CMakeFiles/coded_lock.elf.dir/Core/Src/main.c.obj
                0x08001514                HAL_UARTEx_RxEventCallback
 .text.Buzzer_On
                0x080016ac       0x10 CMakeFiles/coded_lock.elf.dir/Core/Src/main.c.obj
                0x080016ac                Buzzer_On
 .text.Buzzer_Off
                0x080016bc       0x20 CMakeFiles/coded_lock.elf.dir/Core/Src/main.c.obj
                0x080016bc                Buzzer_Off
 .text.Error_Handler
                0x080016dc        0x4 CMakeFiles/coded_lock.elf.dir/Core/Src/main.c.obj
                0x080016dc                Error_Handler
 .text.SystemClock_Config
                0x080016e0       0x64 CMakeFiles/coded_lock.elf.dir/Core/Src/main.c.obj
                0x080016e0                SystemClock_Config
 .text.main     0x08001744      0x298 CMakeFiles/coded_lock.elf.dir/Core/Src/main.c.obj
                0x08001744                main
 .text.HAL_MspInit
                0x080019dc       0x44 CMakeFiles/coded_lock.elf.dir/Core/Src/stm32f1xx_hal_msp.c.obj
                0x080019dc                HAL_MspInit
 .text.NMI_Handler
                0x08001a20        0x2 CMakeFiles/coded_lock.elf.dir/Core/Src/stm32f1xx_it.c.obj
                0x08001a20                NMI_Handler
 .text.HardFault_Handler
                0x08001a22        0x2 CMakeFiles/coded_lock.elf.dir/Core/Src/stm32f1xx_it.c.obj
                0x08001a22                HardFault_Handler
 .text.MemManage_Handler
                0x08001a24        0x2 CMakeFiles/coded_lock.elf.dir/Core/Src/stm32f1xx_it.c.obj
                0x08001a24                MemManage_Handler
 .text.BusFault_Handler
                0x08001a26        0x2 CMakeFiles/coded_lock.elf.dir/Core/Src/stm32f1xx_it.c.obj
                0x08001a26                BusFault_Handler
 .text.UsageFault_Handler
                0x08001a28        0x2 CMakeFiles/coded_lock.elf.dir/Core/Src/stm32f1xx_it.c.obj
                0x08001a28                UsageFault_Handler
 .text.SVC_Handler
                0x08001a2a        0x2 CMakeFiles/coded_lock.elf.dir/Core/Src/stm32f1xx_it.c.obj
                0x08001a2a                SVC_Handler
 .text.DebugMon_Handler
                0x08001a2c        0x2 CMakeFiles/coded_lock.elf.dir/Core/Src/stm32f1xx_it.c.obj
                0x08001a2c                DebugMon_Handler
 .text.PendSV_Handler
                0x08001a2e        0x2 CMakeFiles/coded_lock.elf.dir/Core/Src/stm32f1xx_it.c.obj
                0x08001a2e                PendSV_Handler
 .text.SysTick_Handler
                0x08001a30        0x8 CMakeFiles/coded_lock.elf.dir/Core/Src/stm32f1xx_it.c.obj
                0x08001a30                SysTick_Handler
 .text.DMA1_Channel5_IRQHandler
                0x08001a38       0x10 CMakeFiles/coded_lock.elf.dir/Core/Src/stm32f1xx_it.c.obj
                0x08001a38                DMA1_Channel5_IRQHandler
 .text.TIM3_IRQHandler
                0x08001a48       0x10 CMakeFiles/coded_lock.elf.dir/Core/Src/stm32f1xx_it.c.obj
                0x08001a48                TIM3_IRQHandler
 .text.TIM4_IRQHandler
                0x08001a58       0x10 CMakeFiles/coded_lock.elf.dir/Core/Src/stm32f1xx_it.c.obj
                0x08001a58                TIM4_IRQHandler
 .text.USART1_IRQHandler
                0x08001a68       0x10 CMakeFiles/coded_lock.elf.dir/Core/Src/stm32f1xx_it.c.obj
                0x08001a68                USART1_IRQHandler
 .text._getpid  0x08001a78        0x4 CMakeFiles/coded_lock.elf.dir/Core/Src/syscalls.c.obj
                0x08001a78                _getpid
 .text._kill    0x08001a7c       0x10 CMakeFiles/coded_lock.elf.dir/Core/Src/syscalls.c.obj
                0x08001a7c                _kill
 .text._exit    0x08001a8c        0xc CMakeFiles/coded_lock.elf.dir/Core/Src/syscalls.c.obj
                0x08001a8c                _exit
 .text._sbrk    0x08001a98       0x48 CMakeFiles/coded_lock.elf.dir/Core/Src/sysmem.c.obj
                0x08001a98                _sbrk
 .text.SystemInit
                0x08001ae0        0x2 CMakeFiles/coded_lock.elf.dir/Core/Src/system_stm32f1xx.c.obj
                0x08001ae0                SystemInit
 *fill*         0x08001ae2        0x2 
 .text.MX_TIM4_Init
                0x08001ae4       0x70 CMakeFiles/coded_lock.elf.dir/Core/Src/tim.c.obj
                0x08001ae4                MX_TIM4_Init
 .text.HAL_TIM_Base_MspInit
                0x08001b54       0x80 CMakeFiles/coded_lock.elf.dir/Core/Src/tim.c.obj
                0x08001b54                HAL_TIM_Base_MspInit
 .text.HAL_TIM_MspPostInit
                0x08001bd4       0x84 CMakeFiles/coded_lock.elf.dir/Core/Src/tim.c.obj
                0x08001bd4                HAL_TIM_MspPostInit
 .text.MX_TIM2_Init
                0x08001c58       0xac CMakeFiles/coded_lock.elf.dir/Core/Src/tim.c.obj
                0x08001c58                MX_TIM2_Init
 .text.MX_TIM3_Init
                0x08001d04       0xb4 CMakeFiles/coded_lock.elf.dir/Core/Src/tim.c.obj
                0x08001d04                MX_TIM3_Init
 .text.Servo_SetAngle
                0x08001db8       0x30 CMakeFiles/coded_lock.elf.dir/Core/Src/tim.c.obj
                0x08001db8                Servo_SetAngle
 .text.MX_USART1_UART_Init
                0x08001de8       0x44 CMakeFiles/coded_lock.elf.dir/Core/Src/usart.c.obj
                0x08001de8                MX_USART1_UART_Init
 .text.HAL_UART_MspInit
                0x08001e2c       0xc0 CMakeFiles/coded_lock.elf.dir/Core/Src/usart.c.obj
                0x08001e2c                HAL_UART_MspInit
 .text.Reset_Handler
                0x08001eec       0x48 CMakeFiles/coded_lock.elf.dir/Core/Startup/startup_stm32f103c8tx.s.obj
                0x08001eec                Reset_Handler
 .text.Default_Handler
                0x08001f34        0x2 CMakeFiles/coded_lock.elf.dir/Core/Startup/startup_stm32f103c8tx.s.obj
                0x08001f34                RTC_Alarm_IRQHandler
                0x08001f34                EXTI2_IRQHandler
                0x08001f34                TIM1_CC_IRQHandler
                0x08001f34                PVD_IRQHandler
                0x08001f34                EXTI3_IRQHandler
                0x08001f34                EXTI0_IRQHandler
                0x08001f34                I2C2_EV_IRQHandler
                0x08001f34                ADC1_2_IRQHandler
                0x08001f34                SPI1_IRQHandler
                0x08001f34                TAMPER_IRQHandler
                0x08001f34                DMA1_Channel4_IRQHandler
                0x08001f34                USART3_IRQHandler
                0x08001f34                RTC_IRQHandler
                0x08001f34                DMA1_Channel7_IRQHandler
                0x08001f34                CAN1_RX1_IRQHandler
                0x08001f34                I2C1_EV_IRQHandler
                0x08001f34                DMA1_Channel6_IRQHandler
                0x08001f34                RCC_IRQHandler
                0x08001f34                TIM1_TRG_COM_IRQHandler
                0x08001f34                DMA1_Channel1_IRQHandler
                0x08001f34                Default_Handler
                0x08001f34                EXTI15_10_IRQHandler
                0x08001f34                EXTI9_5_IRQHandler
                0x08001f34                SPI2_IRQHandler
                0x08001f34                EXTI4_IRQHandler
                0x08001f34                USB_LP_CAN1_RX0_IRQHandler
                0x08001f34                USB_HP_CAN1_TX_IRQHandler
                0x08001f34                DMA1_Channel3_IRQHandler
                0x08001f34                TIM1_UP_IRQHandler
                0x08001f34                WWDG_IRQHandler
                0x08001f34                TIM2_IRQHandler
                0x08001f34                TIM1_BRK_IRQHandler
                0x08001f34                EXTI1_IRQHandler
                0x08001f34                USART2_IRQHandler
                0x08001f34                I2C2_ER_IRQHandler
                0x08001f34                DMA1_Channel2_IRQHandler
                0x08001f34                CAN1_SCE_IRQHandler
                0x08001f34                FLASH_IRQHandler
                0x08001f34                I2C1_ER_IRQHandler
                0x08001f34                USBWakeUp_IRQHandler
 *fill*         0x08001f36        0x2 
 .text.HAL_InitTick
                0x08001f38       0x4c CMakeFiles/coded_lock.elf.dir/Drivers/STM32F1xx_HAL_Driver/Src/stm32f1xx_hal.c.obj
                0x08001f38                HAL_InitTick
 .text.HAL_Init
                0x08001f84       0x24 CMakeFiles/coded_lock.elf.dir/Drivers/STM32F1xx_HAL_Driver/Src/stm32f1xx_hal.c.obj
                0x08001f84                HAL_Init
 .text.HAL_IncTick
                0x08001fa8       0x18 CMakeFiles/coded_lock.elf.dir/Drivers/STM32F1xx_HAL_Driver/Src/stm32f1xx_hal.c.obj
                0x08001fa8                HAL_IncTick
 .text.HAL_GetTick
                0x08001fc0        0xc CMakeFiles/coded_lock.elf.dir/Drivers/STM32F1xx_HAL_Driver/Src/stm32f1xx_hal.c.obj
                0x08001fc0                HAL_GetTick
 .text.HAL_NVIC_SetPriorityGrouping
                0x08001fcc       0x24 CMakeFiles/coded_lock.elf.dir/Drivers/STM32F1xx_HAL_Driver/Src/stm32f1xx_hal_cortex.c.obj
                0x08001fcc                HAL_NVIC_SetPriorityGrouping
 .text.HAL_NVIC_SetPriority
                0x08001ff0       0x70 CMakeFiles/coded_lock.elf.dir/Drivers/STM32F1xx_HAL_Driver/Src/stm32f1xx_hal_cortex.c.obj
                0x08001ff0                HAL_NVIC_SetPriority
 .text.HAL_NVIC_EnableIRQ
                0x08002060       0x1c CMakeFiles/coded_lock.elf.dir/Drivers/STM32F1xx_HAL_Driver/Src/stm32f1xx_hal_cortex.c.obj
                0x08002060                HAL_NVIC_EnableIRQ
 .text.HAL_SYSTICK_Config
                0x0800207c       0x28 CMakeFiles/coded_lock.elf.dir/Drivers/STM32F1xx_HAL_Driver/Src/stm32f1xx_hal_cortex.c.obj
                0x0800207c                HAL_SYSTICK_Config
 .text.DMA_SetConfig
                0x080020a4       0x2c CMakeFiles/coded_lock.elf.dir/Drivers/STM32F1xx_HAL_Driver/Src/stm32f1xx_hal_dma.c.obj
 .text.HAL_DMA_Init
                0x080020d0       0x6c CMakeFiles/coded_lock.elf.dir/Drivers/STM32F1xx_HAL_Driver/Src/stm32f1xx_hal_dma.c.obj
                0x080020d0                HAL_DMA_Init
 .text.HAL_DMA_Start_IT
                0x0800213c       0x76 CMakeFiles/coded_lock.elf.dir/Drivers/STM32F1xx_HAL_Driver/Src/stm32f1xx_hal_dma.c.obj
                0x0800213c                HAL_DMA_Start_IT
 .text.HAL_DMA_Abort
                0x080021b2       0x46 CMakeFiles/coded_lock.elf.dir/Drivers/STM32F1xx_HAL_Driver/Src/stm32f1xx_hal_dma.c.obj
                0x080021b2                HAL_DMA_Abort
 .text.HAL_DMA_Abort_IT
                0x080021f8       0x98 CMakeFiles/coded_lock.elf.dir/Drivers/STM32F1xx_HAL_Driver/Src/stm32f1xx_hal_dma.c.obj
                0x080021f8                HAL_DMA_Abort_IT
 .text.HAL_DMA_IRQHandler
                0x08002290      0x144 CMakeFiles/coded_lock.elf.dir/Drivers/STM32F1xx_HAL_Driver/Src/stm32f1xx_hal_dma.c.obj
                0x08002290                HAL_DMA_IRQHandler
 .text.FLASH_Program_HalfWord
                0x080023d4       0x1c CMakeFiles/coded_lock.elf.dir/Drivers/STM32F1xx_HAL_Driver/Src/stm32f1xx_hal_flash.c.obj
 .text.FLASH_SetErrorCode
                0x080023f0       0x70 CMakeFiles/coded_lock.elf.dir/Drivers/STM32F1xx_HAL_Driver/Src/stm32f1xx_hal_flash.c.obj
 .text.HAL_FLASH_Unlock
                0x08002460       0x34 CMakeFiles/coded_lock.elf.dir/Drivers/STM32F1xx_HAL_Driver/Src/stm32f1xx_hal_flash.c.obj
                0x08002460                HAL_FLASH_Unlock
 .text.HAL_FLASH_Lock
                0x08002494       0x14 CMakeFiles/coded_lock.elf.dir/Drivers/STM32F1xx_HAL_Driver/Src/stm32f1xx_hal_flash.c.obj
                0x08002494                HAL_FLASH_Lock
 .text.FLASH_WaitForLastOperation
                0x080024a8       0x68 CMakeFiles/coded_lock.elf.dir/Drivers/STM32F1xx_HAL_Driver/Src/stm32f1xx_hal_flash.c.obj
                0x080024a8                FLASH_WaitForLastOperation
 .text.HAL_FLASH_Program
                0x08002510       0xa0 CMakeFiles/coded_lock.elf.dir/Drivers/STM32F1xx_HAL_Driver/Src/stm32f1xx_hal_flash.c.obj
                0x08002510                HAL_FLASH_Program
 .text.FLASH_MassErase
                0x080025b0       0x24 CMakeFiles/coded_lock.elf.dir/Drivers/STM32F1xx_HAL_Driver/Src/stm32f1xx_hal_flash_ex.c.obj
 .text.FLASH_PageErase
                0x080025d4       0x24 CMakeFiles/coded_lock.elf.dir/Drivers/STM32F1xx_HAL_Driver/Src/stm32f1xx_hal_flash_ex.c.obj
                0x080025d4                FLASH_PageErase
 .text.HAL_FLASHEx_Erase
                0x080025f8       0xa4 CMakeFiles/coded_lock.elf.dir/Drivers/STM32F1xx_HAL_Driver/Src/stm32f1xx_hal_flash_ex.c.obj
                0x080025f8                HAL_FLASHEx_Erase
 .text.HAL_GPIO_Init
                0x0800269c      0x224 CMakeFiles/coded_lock.elf.dir/Drivers/STM32F1xx_HAL_Driver/Src/stm32f1xx_hal_gpio.c.obj
                0x0800269c                HAL_GPIO_Init
 .text.HAL_GPIO_ReadPin
                0x080028c0        0xe CMakeFiles/coded_lock.elf.dir/Drivers/STM32F1xx_HAL_Driver/Src/stm32f1xx_hal_gpio.c.obj
                0x080028c0                HAL_GPIO_ReadPin
 .text.HAL_GPIO_WritePin
                0x080028ce        0xc CMakeFiles/coded_lock.elf.dir/Drivers/STM32F1xx_HAL_Driver/Src/stm32f1xx_hal_gpio.c.obj
                0x080028ce                HAL_GPIO_WritePin
 *fill*         0x080028da        0x2 
 .text.HAL_I2C_Init
                0x080028dc      0x1bc CMakeFiles/coded_lock.elf.dir/Drivers/STM32F1xx_HAL_Driver/Src/stm32f1xx_hal_i2c.c.obj
                0x080028dc                HAL_I2C_Init
 .text.RCC_Delay
                0x08002a98       0x2c CMakeFiles/coded_lock.elf.dir/Drivers/STM32F1xx_HAL_Driver/Src/stm32f1xx_hal_rcc.c.obj
 .text.HAL_RCC_OscConfig
                0x08002ac4      0x410 CMakeFiles/coded_lock.elf.dir/Drivers/STM32F1xx_HAL_Driver/Src/stm32f1xx_hal_rcc.c.obj
                0x08002ac4                HAL_RCC_OscConfig
 .text.HAL_RCC_GetSysClockFreq
                0x08002ed4       0x54 CMakeFiles/coded_lock.elf.dir/Drivers/STM32F1xx_HAL_Driver/Src/stm32f1xx_hal_rcc.c.obj
                0x08002ed4                HAL_RCC_GetSysClockFreq
 .text.HAL_RCC_ClockConfig
                0x08002f28      0x16c CMakeFiles/coded_lock.elf.dir/Drivers/STM32F1xx_HAL_Driver/Src/stm32f1xx_hal_rcc.c.obj
                0x08002f28                HAL_RCC_ClockConfig
 .text.HAL_RCC_GetHCLKFreq
                0x08003094        0xc CMakeFiles/coded_lock.elf.dir/Drivers/STM32F1xx_HAL_Driver/Src/stm32f1xx_hal_rcc.c.obj
                0x08003094                HAL_RCC_GetHCLKFreq
 .text.HAL_RCC_GetPCLK1Freq
                0x080030a0       0x20 CMakeFiles/coded_lock.elf.dir/Drivers/STM32F1xx_HAL_Driver/Src/stm32f1xx_hal_rcc.c.obj
                0x080030a0                HAL_RCC_GetPCLK1Freq
 .text.HAL_RCC_GetPCLK2Freq
                0x080030c0       0x20 CMakeFiles/coded_lock.elf.dir/Drivers/STM32F1xx_HAL_Driver/Src/stm32f1xx_hal_rcc.c.obj
                0x080030c0                HAL_RCC_GetPCLK2Freq
 .text.TIM_OC1_SetConfig
                0x080030e0       0x5c CMakeFiles/coded_lock.elf.dir/Drivers/STM32F1xx_HAL_Driver/Src/stm32f1xx_hal_tim.c.obj
 .text.TIM_OC3_SetConfig
                0x0800313c       0x64 CMakeFiles/coded_lock.elf.dir/Drivers/STM32F1xx_HAL_Driver/Src/stm32f1xx_hal_tim.c.obj
 .text.TIM_OC4_SetConfig
                0x080031a0       0x48 CMakeFiles/coded_lock.elf.dir/Drivers/STM32F1xx_HAL_Driver/Src/stm32f1xx_hal_tim.c.obj
 .text.TIM_TI1_ConfigInputStage
                0x080031e8       0x24 CMakeFiles/coded_lock.elf.dir/Drivers/STM32F1xx_HAL_Driver/Src/stm32f1xx_hal_tim.c.obj
 .text.TIM_TI2_ConfigInputStage
                0x0800320c       0x26 CMakeFiles/coded_lock.elf.dir/Drivers/STM32F1xx_HAL_Driver/Src/stm32f1xx_hal_tim.c.obj
 .text.TIM_ITRx_SetConfig
                0x08003232       0x10 CMakeFiles/coded_lock.elf.dir/Drivers/STM32F1xx_HAL_Driver/Src/stm32f1xx_hal_tim.c.obj
 *fill*         0x08003242        0x2 
 .text.HAL_TIM_Base_Start_IT
                0x08003244       0x68 CMakeFiles/coded_lock.elf.dir/Drivers/STM32F1xx_HAL_Driver/Src/stm32f1xx_hal_tim.c.obj
                0x08003244                HAL_TIM_Base_Start_IT
 .text.HAL_TIM_PWM_MspInit
                0x080032ac        0x2 CMakeFiles/coded_lock.elf.dir/Drivers/STM32F1xx_HAL_Driver/Src/stm32f1xx_hal_tim.c.obj
                0x080032ac                HAL_TIM_PWM_MspInit
 .text.HAL_TIM_OC_DelayElapsedCallback
                0x080032ae        0x2 CMakeFiles/coded_lock.elf.dir/Drivers/STM32F1xx_HAL_Driver/Src/stm32f1xx_hal_tim.c.obj
                0x080032ae                HAL_TIM_OC_DelayElapsedCallback
 .text.HAL_TIM_IC_CaptureCallback
                0x080032b0        0x2 CMakeFiles/coded_lock.elf.dir/Drivers/STM32F1xx_HAL_Driver/Src/stm32f1xx_hal_tim.c.obj
                0x080032b0                HAL_TIM_IC_CaptureCallback
 .text.HAL_TIM_PWM_PulseFinishedCallback
                0x080032b2        0x2 CMakeFiles/coded_lock.elf.dir/Drivers/STM32F1xx_HAL_Driver/Src/stm32f1xx_hal_tim.c.obj
                0x080032b2                HAL_TIM_PWM_PulseFinishedCallback
 .text.HAL_TIM_TriggerCallback
                0x080032b4        0x2 CMakeFiles/coded_lock.elf.dir/Drivers/STM32F1xx_HAL_Driver/Src/stm32f1xx_hal_tim.c.obj
                0x080032b4                HAL_TIM_TriggerCallback
 .text.HAL_TIM_IRQHandler
                0x080032b6      0x17a CMakeFiles/coded_lock.elf.dir/Drivers/STM32F1xx_HAL_Driver/Src/stm32f1xx_hal_tim.c.obj
                0x080032b6                HAL_TIM_IRQHandler
 .text.TIM_Base_SetConfig
                0x08003430       0x74 CMakeFiles/coded_lock.elf.dir/Drivers/STM32F1xx_HAL_Driver/Src/stm32f1xx_hal_tim.c.obj
                0x08003430                TIM_Base_SetConfig
 .text.HAL_TIM_Base_Init
                0x080034a4       0x58 CMakeFiles/coded_lock.elf.dir/Drivers/STM32F1xx_HAL_Driver/Src/stm32f1xx_hal_tim.c.obj
                0x080034a4                HAL_TIM_Base_Init
 .text.HAL_TIM_PWM_Init
                0x080034fc       0x58 CMakeFiles/coded_lock.elf.dir/Drivers/STM32F1xx_HAL_Driver/Src/stm32f1xx_hal_tim.c.obj
                0x080034fc                HAL_TIM_PWM_Init
 .text.TIM_OC2_SetConfig
                0x08003554       0x64 CMakeFiles/coded_lock.elf.dir/Drivers/STM32F1xx_HAL_Driver/Src/stm32f1xx_hal_tim.c.obj
                0x08003554                TIM_OC2_SetConfig
 .text.HAL_TIM_PWM_ConfigChannel
                0x080035b8       0xdc CMakeFiles/coded_lock.elf.dir/Drivers/STM32F1xx_HAL_Driver/Src/stm32f1xx_hal_tim.c.obj
                0x080035b8                HAL_TIM_PWM_ConfigChannel
 .text.TIM_ETR_SetConfig
                0x08003694       0x18 CMakeFiles/coded_lock.elf.dir/Drivers/STM32F1xx_HAL_Driver/Src/stm32f1xx_hal_tim.c.obj
                0x08003694                TIM_ETR_SetConfig
 .text.HAL_TIM_ConfigClockSource
                0x080036ac       0xfe CMakeFiles/coded_lock.elf.dir/Drivers/STM32F1xx_HAL_Driver/Src/stm32f1xx_hal_tim.c.obj
                0x080036ac                HAL_TIM_ConfigClockSource
 .text.TIM_CCxChannelCmd
                0x080037aa       0x1e CMakeFiles/coded_lock.elf.dir/Drivers/STM32F1xx_HAL_Driver/Src/stm32f1xx_hal_tim.c.obj
                0x080037aa                TIM_CCxChannelCmd
 .text.HAL_TIM_PWM_Start
                0x080037c8       0xdc CMakeFiles/coded_lock.elf.dir/Drivers/STM32F1xx_HAL_Driver/Src/stm32f1xx_hal_tim.c.obj
                0x080037c8                HAL_TIM_PWM_Start
 .text.HAL_TIM_PWM_Stop
                0x080038a4       0x84 CMakeFiles/coded_lock.elf.dir/Drivers/STM32F1xx_HAL_Driver/Src/stm32f1xx_hal_tim.c.obj
                0x080038a4                HAL_TIM_PWM_Stop
 .text.HAL_TIMEx_MasterConfigSynchronization
                0x08003928       0x6c CMakeFiles/coded_lock.elf.dir/Drivers/STM32F1xx_HAL_Driver/Src/stm32f1xx_hal_tim_ex.c.obj
                0x08003928                HAL_TIMEx_MasterConfigSynchronization
 .text.HAL_TIMEx_CommutCallback
                0x08003994        0x2 CMakeFiles/coded_lock.elf.dir/Drivers/STM32F1xx_HAL_Driver/Src/stm32f1xx_hal_tim_ex.c.obj
                0x08003994                HAL_TIMEx_CommutCallback
 .text.HAL_TIMEx_BreakCallback
                0x08003996        0x2 CMakeFiles/coded_lock.elf.dir/Drivers/STM32F1xx_HAL_Driver/Src/stm32f1xx_hal_tim_ex.c.obj
                0x08003996                HAL_TIMEx_BreakCallback
 .text.UART_EndTxTransfer
                0x08003998       0x20 CMakeFiles/coded_lock.elf.dir/Drivers/STM32F1xx_HAL_Driver/Src/stm32f1xx_hal_uart.c.obj
 .text.UART_EndRxTransfer
                0x080039b8       0x5c CMakeFiles/coded_lock.elf.dir/Drivers/STM32F1xx_HAL_Driver/Src/stm32f1xx_hal_uart.c.obj
 .text.UART_Transmit_IT
                0x08003a14       0x60 CMakeFiles/coded_lock.elf.dir/Drivers/STM32F1xx_HAL_Driver/Src/stm32f1xx_hal_uart.c.obj
 .text.UART_SetConfig
                0x08003a74       0x94 CMakeFiles/coded_lock.elf.dir/Drivers/STM32F1xx_HAL_Driver/Src/stm32f1xx_hal_uart.c.obj
 .text.UART_WaitOnFlagUntilTimeout
                0x08003b08       0x88 CMakeFiles/coded_lock.elf.dir/Drivers/STM32F1xx_HAL_Driver/Src/stm32f1xx_hal_uart.c.obj
 .text.HAL_UART_Init
                0x08003b90       0x60 CMakeFiles/coded_lock.elf.dir/Drivers/STM32F1xx_HAL_Driver/Src/stm32f1xx_hal_uart.c.obj
                0x08003b90                HAL_UART_Init
 .text.HAL_UART_Transmit
                0x08003bf0       0xbe CMakeFiles/coded_lock.elf.dir/Drivers/STM32F1xx_HAL_Driver/Src/stm32f1xx_hal_uart.c.obj
                0x08003bf0                HAL_UART_Transmit
 .text.HAL_UART_Receive
                0x08003cae       0xca CMakeFiles/coded_lock.elf.dir/Drivers/STM32F1xx_HAL_Driver/Src/stm32f1xx_hal_uart.c.obj
                0x08003cae                HAL_UART_Receive
 .text.HAL_UART_DMAStop
                0x08003d78       0x84 CMakeFiles/coded_lock.elf.dir/Drivers/STM32F1xx_HAL_Driver/Src/stm32f1xx_hal_uart.c.obj
                0x08003d78                HAL_UART_DMAStop
 .text.HAL_UART_TxCpltCallback
                0x08003dfc        0x2 CMakeFiles/coded_lock.elf.dir/Drivers/STM32F1xx_HAL_Driver/Src/stm32f1xx_hal_uart.c.obj
                0x08003dfc                HAL_UART_TxCpltCallback
 .text.UART_EndTransmit_IT
                0x08003dfe       0x1a CMakeFiles/coded_lock.elf.dir/Drivers/STM32F1xx_HAL_Driver/Src/stm32f1xx_hal_uart.c.obj
 .text.HAL_UART_RxCpltCallback
                0x08003e18        0x2 CMakeFiles/coded_lock.elf.dir/Drivers/STM32F1xx_HAL_Driver/Src/stm32f1xx_hal_uart.c.obj
                0x08003e18                HAL_UART_RxCpltCallback
 .text.HAL_UART_RxHalfCpltCallback
                0x08003e1a        0x2 CMakeFiles/coded_lock.elf.dir/Drivers/STM32F1xx_HAL_Driver/Src/stm32f1xx_hal_uart.c.obj
                0x08003e1a                HAL_UART_RxHalfCpltCallback
 .text.UART_DMARxHalfCplt
                0x08003e1c       0x16 CMakeFiles/coded_lock.elf.dir/Drivers/STM32F1xx_HAL_Driver/Src/stm32f1xx_hal_uart.c.obj
 .text.HAL_UART_ErrorCallback
                0x08003e32        0x2 CMakeFiles/coded_lock.elf.dir/Drivers/STM32F1xx_HAL_Driver/Src/stm32f1xx_hal_uart.c.obj
                0x08003e32                HAL_UART_ErrorCallback
 .text.UART_DMAError
                0x08003e34       0x58 CMakeFiles/coded_lock.elf.dir/Drivers/STM32F1xx_HAL_Driver/Src/stm32f1xx_hal_uart.c.obj
 .text.UART_DMAAbortOnError
                0x08003e8c       0x10 CMakeFiles/coded_lock.elf.dir/Drivers/STM32F1xx_HAL_Driver/Src/stm32f1xx_hal_uart.c.obj
 .text.UART_Receive_IT
                0x08003e9c       0xe6 CMakeFiles/coded_lock.elf.dir/Drivers/STM32F1xx_HAL_Driver/Src/stm32f1xx_hal_uart.c.obj
 *fill*         0x08003f82        0x2 
 .text.HAL_UART_IRQHandler
                0x08003f84      0x288 CMakeFiles/coded_lock.elf.dir/Drivers/STM32F1xx_HAL_Driver/Src/stm32f1xx_hal_uart.c.obj
                0x08003f84                HAL_UART_IRQHandler
 .text.UART_DMAReceiveCplt
                0x0800420c       0x9a CMakeFiles/coded_lock.elf.dir/Drivers/STM32F1xx_HAL_Driver/Src/stm32f1xx_hal_uart.c.obj
 *fill*         0x080042a6        0x2 
 .text.UART_Start_Receive_DMA
                0x080042a8       0xa4 CMakeFiles/coded_lock.elf.dir/Drivers/STM32F1xx_HAL_Driver/Src/stm32f1xx_hal_uart.c.obj
                0x080042a8                UART_Start_Receive_DMA
 .text.HAL_UARTEx_ReceiveToIdle_DMA
                0x0800434c       0x66 CMakeFiles/coded_lock.elf.dir/Drivers/STM32F1xx_HAL_Driver/Src/stm32f1xx_hal_uart.c.obj
                0x0800434c                HAL_UARTEx_ReceiveToIdle_DMA
 .text.String_Compare1
                0x080043b2       0x36 CMakeFiles/coded_lock.elf.dir/UserAPP/Src/BT_Uart.c.obj
                0x080043b2                String_Compare1
 .text.Delay_us
                0x080043e8       0x2a CMakeFiles/coded_lock.elf.dir/UserAPP/Src/Delay.c.obj
                0x080043e8                Delay_us
 .text.Delay_ms
                0x08004412       0x16 CMakeFiles/coded_lock.elf.dir/UserAPP/Src/Delay.c.obj
                0x08004412                Delay_ms
 .text.Key_Init
                0x08004428      0x19c CMakeFiles/coded_lock.elf.dir/UserAPP/Src/KeyScan.c.obj
                0x08004428                Key_Init
 .text.Get_KeyValue
                0x080045c4       0x50 CMakeFiles/coded_lock.elf.dir/UserAPP/Src/KeyScan.c.obj
                0x080045c4                Get_KeyValue
 .text.R_GPIO_PULLUP
                0x08004614       0x34 CMakeFiles/coded_lock.elf.dir/UserAPP/Src/KeyScan.c.obj
                0x08004614                R_GPIO_PULLUP
 .text.R_GPIO_PULLDOWN
                0x08004648       0x40 CMakeFiles/coded_lock.elf.dir/UserAPP/Src/KeyScan.c.obj
                0x08004648                R_GPIO_PULLDOWN
 .text.C_GPIO_PULLUP
                0x08004688       0x38 CMakeFiles/coded_lock.elf.dir/UserAPP/Src/KeyScan.c.obj
                0x08004688                C_GPIO_PULLUP
 .text.C_GPIO_PULLDOWN
                0x080046c0       0x44 CMakeFiles/coded_lock.elf.dir/UserAPP/Src/KeyScan.c.obj
                0x080046c0                C_GPIO_PULLDOWN
 .text.KeyScan  0x08004704       0x5c CMakeFiles/coded_lock.elf.dir/UserAPP/Src/KeyScan.c.obj
                0x08004704                KeyScan
 .text.OLED_ShowLockStatus
                0x08004760       0x98 CMakeFiles/coded_lock.elf.dir/UserAPP/Src/Lock.c.obj
                0x08004760                OLED_ShowLockStatus
 .text.My_Flash_ClearPage
                0x080047f8       0x38 CMakeFiles/coded_lock.elf.dir/UserAPP/Src/My_Flash.c.obj
                0x080047f8                My_Flash_ClearPage
 .text.My_Flash_ReadByte
                0x08004830        0x4 CMakeFiles/coded_lock.elf.dir/UserAPP/Src/My_Flash.c.obj
                0x08004830                My_Flash_ReadByte
 .text.My_Flash_WriteByteArray
                0x08004834       0x9c CMakeFiles/coded_lock.elf.dir/UserAPP/Src/My_Flash.c.obj
                0x08004834                My_Flash_WriteByteArray
 .text.My_Flash_ReadByteArray
                0x080048d0       0x1e CMakeFiles/coded_lock.elf.dir/UserAPP/Src/My_Flash.c.obj
                0x080048d0                My_Flash_ReadByteArray
 *fill*         0x080048ee        0x2 
 .text.My_Flash_WriteShort
                0x080048f0       0x7c CMakeFiles/coded_lock.elf.dir/UserAPP/Src/My_Flash.c.obj
                0x080048f0                My_Flash_WriteShort
 .text.My_Flash_ReadData
                0x0800496c        0x6 CMakeFiles/coded_lock.elf.dir/UserAPP/Src/My_Flash.c.obj
                0x0800496c                My_Flash_ReadData
 *fill*         0x08004972        0x2 
 .text.OLED_I2C_Init
                0x08004974       0x44 CMakeFiles/coded_lock.elf.dir/UserAPP/Src/OLED.c.obj
                0x08004974                OLED_I2C_Init
 .text.OLED_WriteCommand
                0x080049b8       0x44 CMakeFiles/coded_lock.elf.dir/UserAPP/Src/OLED.c.obj
                0x080049b8                OLED_WriteCommand
 .text.OLED_WriteData
                0x080049fc       0x44 CMakeFiles/coded_lock.elf.dir/UserAPP/Src/OLED.c.obj
                0x080049fc                OLED_WriteData
 .text.OLED_SetCursor
                0x08004a40       0x20 CMakeFiles/coded_lock.elf.dir/UserAPP/Src/OLED.c.obj
                0x08004a40                OLED_SetCursor
 .text.OLED_Clear
                0x08004a60       0x2c CMakeFiles/coded_lock.elf.dir/UserAPP/Src/OLED.c.obj
                0x08004a60                OLED_Clear
 .text.OLED_ShowChar
                0x08004a8c       0x64 CMakeFiles/coded_lock.elf.dir/UserAPP/Src/OLED.c.obj
                0x08004a8c                OLED_ShowChar
 .text.OLED_ShowString
                0x08004af0       0x22 CMakeFiles/coded_lock.elf.dir/UserAPP/Src/OLED.c.obj
                0x08004af0                OLED_ShowString
 .text.OLED_Init
                0x08004b12       0xae CMakeFiles/coded_lock.elf.dir/UserAPP/Src/OLED.c.obj
                0x08004b12                OLED_Init
 .text.Soft_I2C_GPIO_Init
                0x08004bc0       0x4e CMakeFiles/coded_lock.elf.dir/UserAPP/Src/Soft_I2C.c.obj
                0x08004bc0                Soft_I2C_GPIO_Init
 .text.SOFT_I2C_Start
                0x08004c0e       0x2e CMakeFiles/coded_lock.elf.dir/UserAPP/Src/Soft_I2C.c.obj
                0x08004c0e                SOFT_I2C_Start
 .text.SOFT_I2C_Stop
                0x08004c3c       0x24 CMakeFiles/coded_lock.elf.dir/UserAPP/Src/Soft_I2C.c.obj
                0x08004c3c                SOFT_I2C_Stop
 .text.SOFT_I2C_SendByte
                0x08004c60       0x36 CMakeFiles/coded_lock.elf.dir/UserAPP/Src/Soft_I2C.c.obj
                0x08004c60                SOFT_I2C_SendByte
 .text.SOFT_I2C_ReceiveAckBit
                0x08004c96       0x30 CMakeFiles/coded_lock.elf.dir/UserAPP/Src/Soft_I2C.c.obj
                0x08004c96                SOFT_I2C_ReceiveAckBit
 *fill*         0x08004cc6        0x2 
 .text.RetargetInit
                0x08004cc8       0x20 CMakeFiles/coded_lock.elf.dir/UserAPP/Src/retarget.c.obj
                0x08004cc8                RetargetInit
 .text._isatty  0x08004ce8       0x16 CMakeFiles/coded_lock.elf.dir/UserAPP/Src/retarget.c.obj
                0x08004ce8                _isatty
 *fill*         0x08004cfe        0x2 
 .text._write   0x08004d00       0x34 CMakeFiles/coded_lock.elf.dir/UserAPP/Src/retarget.c.obj
                0x08004d00                _write
 .text._close   0x08004d34       0x18 CMakeFiles/coded_lock.elf.dir/UserAPP/Src/retarget.c.obj
                0x08004d34                _close
 .text._lseek   0x08004d4c       0x10 CMakeFiles/coded_lock.elf.dir/UserAPP/Src/retarget.c.obj
                0x08004d4c                _lseek
 .text._read    0x08004d5c       0x30 CMakeFiles/coded_lock.elf.dir/UserAPP/Src/retarget.c.obj
                0x08004d5c                _read
 .text._fstat   0x08004d8c       0x1a CMakeFiles/coded_lock.elf.dir/UserAPP/Src/retarget.c.obj
                0x08004d8c                _fstat
 *fill*         0x08004da6        0x2 
 .text.__errno  0x08004da8        0xc d:/study/stm32cube/arm-none-eabi-gcc/gcc-arm-none-eabi-10.3-2021.10-win32/gcc-arm-none-eabi-10.3-2021.10/bin/../lib/gcc/arm-none-eabi/10.3.1/../../../../arm-none-eabi/lib/thumb/v7-m/nofp\libg.a(lib_a-errno.o)
                0x08004da8                __errno
 .text.__libc_init_array
                0x08004db4       0x48 d:/study/stm32cube/arm-none-eabi-gcc/gcc-arm-none-eabi-10.3-2021.10-win32/gcc-arm-none-eabi-10.3-2021.10/bin/../lib/gcc/arm-none-eabi/10.3.1/../../../../arm-none-eabi/lib/thumb/v7-m/nofp\libg.a(lib_a-init.o)
                0x08004db4                __libc_init_array
 .text.memset   0x08004dfc       0xa4 d:/study/stm32cube/arm-none-eabi-gcc/gcc-arm-none-eabi-10.3-2021.10-win32/gcc-arm-none-eabi-10.3-2021.10/bin/../lib/gcc/arm-none-eabi/10.3.1/../../../../arm-none-eabi/lib/thumb/v7-m/nofp\libg.a(lib_a-memset.o)
                0x08004dfc                memset
 .text.printf   0x08004ea0       0x28 d:/study/stm32cube/arm-none-eabi-gcc/gcc-arm-none-eabi-10.3-2021.10-win32/gcc-arm-none-eabi-10.3-2021.10/bin/../lib/gcc/arm-none-eabi/10.3.1/../../../../arm-none-eabi/lib/thumb/v7-m/nofp\libg.a(lib_a-printf.o)
                0x08004ea0                printf
 .text._puts_r  0x08004ec8       0x9c d:/study/stm32cube/arm-none-eabi-gcc/gcc-arm-none-eabi-10.3-2021.10-win32/gcc-arm-none-eabi-10.3-2021.10/bin/../lib/gcc/arm-none-eabi/10.3.1/../../../../arm-none-eabi/lib/thumb/v7-m/nofp\libg.a(lib_a-puts.o)
                0x08004ec8                _puts_r
 .text.puts     0x08004f64       0x10 d:/study/stm32cube/arm-none-eabi-gcc/gcc-arm-none-eabi-10.3-2021.10-win32/gcc-arm-none-eabi-10.3-2021.10/bin/../lib/gcc/arm-none-eabi/10.3.1/../../../../arm-none-eabi/lib/thumb/v7-m/nofp\libg.a(lib_a-puts.o)
                0x08004f64                puts
 .text.setvbuf  0x08004f74      0x1b0 d:/study/stm32cube/arm-none-eabi-gcc/gcc-arm-none-eabi-10.3-2021.10-win32/gcc-arm-none-eabi-10.3-2021.10/bin/../lib/gcc/arm-none-eabi/10.3.1/../../../../arm-none-eabi/lib/thumb/v7-m/nofp\libg.a(lib_a-setvbuf.o)
                0x08004f74                setvbuf
 .text.strlen   0x08005124       0x5c d:/study/stm32cube/arm-none-eabi-gcc/gcc-arm-none-eabi-10.3-2021.10-win32/gcc-arm-none-eabi-10.3-2021.10/bin/../lib/gcc/arm-none-eabi/10.3.1/../../../../arm-none-eabi/lib/thumb/v7-m/nofp\libg.a(lib_a-strlen-stub.o)
                0x08005124                strlen
 .text._vfprintf_r
                0x08005180     0x1b58 d:/study/stm32cube/arm-none-eabi-gcc/gcc-arm-none-eabi-10.3-2021.10-win32/gcc-arm-none-eabi-10.3-2021.10/bin/../lib/gcc/arm-none-eabi/10.3.1/../../../../arm-none-eabi/lib/thumb/v7-m/nofp\libg.a(lib_a-vfprintf.o)
                0x08005180                _vfprintf_r
 .text.__sbprintf
                0x08006cd8       0x84 d:/study/stm32cube/arm-none-eabi-gcc/gcc-arm-none-eabi-10.3-2021.10-win32/gcc-arm-none-eabi-10.3-2021.10/bin/../lib/gcc/arm-none-eabi/10.3.1/../../../../arm-none-eabi/lib/thumb/v7-m/nofp\libg.a(lib_a-vfprintf.o)
 .text.__swsetup_r
                0x08006d5c       0xd4 d:/study/stm32cube/arm-none-eabi-gcc/gcc-arm-none-eabi-10.3-2021.10-win32/gcc-arm-none-eabi-10.3-2021.10/bin/../lib/gcc/arm-none-eabi/10.3.1/../../../../arm-none-eabi/lib/thumb/v7-m/nofp\libg.a(lib_a-wsetup.o)
                0x08006d5c                __swsetup_r
 .text.startup.register_fini
                0x08006e30       0x14 d:/study/stm32cube/arm-none-eabi-gcc/gcc-arm-none-eabi-10.3-2021.10-win32/gcc-arm-none-eabi-10.3-2021.10/bin/../lib/gcc/arm-none-eabi/10.3.1/../../../../arm-none-eabi/lib/thumb/v7-m/nofp\libg.a(lib_a-__call_atexit.o)
 .text.atexit   0x08006e44        0xc d:/study/stm32cube/arm-none-eabi-gcc/gcc-arm-none-eabi-10.3-2021.10-win32/gcc-arm-none-eabi-10.3-2021.10/bin/../lib/gcc/arm-none-eabi/10.3.1/../../../../arm-none-eabi/lib/thumb/v7-m/nofp\libg.a(lib_a-atexit.o)
                0x08006e44                atexit
 .text.quorem   0x08006e50      0x12c d:/study/stm32cube/arm-none-eabi-gcc/gcc-arm-none-eabi-10.3-2021.10-win32/gcc-arm-none-eabi-10.3-2021.10/bin/../lib/gcc/arm-none-eabi/10.3.1/../../../../arm-none-eabi/lib/thumb/v7-m/nofp\libg.a(lib_a-dtoa.o)
 *fill*         0x08006f7c        0x4 
 .text._dtoa_r  0x08006f80      0xecc d:/study/stm32cube/arm-none-eabi-gcc/gcc-arm-none-eabi-10.3-2021.10-win32/gcc-arm-none-eabi-10.3-2021.10/bin/../lib/gcc/arm-none-eabi/10.3.1/../../../../arm-none-eabi/lib/thumb/v7-m/nofp\libg.a(lib_a-dtoa.o)
                0x08006f80                _dtoa_r
 .text.__sflush_r
                0x08007e4c      0x124 d:/study/stm32cube/arm-none-eabi-gcc/gcc-arm-none-eabi-10.3-2021.10-win32/gcc-arm-none-eabi-10.3-2021.10/bin/../lib/gcc/arm-none-eabi/10.3.1/../../../../arm-none-eabi/lib/thumb/v7-m/nofp\libg.a(lib_a-fflush.o)
                0x08007e4c                __sflush_r
 .text._fflush_r
                0x08007f70       0x5c d:/study/stm32cube/arm-none-eabi-gcc/gcc-arm-none-eabi-10.3-2021.10-win32/gcc-arm-none-eabi-10.3-2021.10/bin/../lib/gcc/arm-none-eabi/10.3.1/../../../../arm-none-eabi/lib/thumb/v7-m/nofp\libg.a(lib_a-fflush.o)
                0x08007f70                _fflush_r
 .text._cleanup_r
                0x08007fcc        0xc d:/study/stm32cube/arm-none-eabi-gcc/gcc-arm-none-eabi-10.3-2021.10-win32/gcc-arm-none-eabi-10.3-2021.10/bin/../lib/gcc/arm-none-eabi/10.3.1/../../../../arm-none-eabi/lib/thumb/v7-m/nofp\libg.a(lib_a-findfp.o)
                0x08007fcc                _cleanup_r
 .text.__sinit  0x08007fd8      0x10c d:/study/stm32cube/arm-none-eabi-gcc/gcc-arm-none-eabi-10.3-2021.10-win32/gcc-arm-none-eabi-10.3-2021.10/bin/../lib/gcc/arm-none-eabi/10.3.1/../../../../arm-none-eabi/lib/thumb/v7-m/nofp\libg.a(lib_a-findfp.o)
                0x08007fd8                __sinit
 .text.__sfp_lock_acquire
                0x080080e4        0xc d:/study/stm32cube/arm-none-eabi-gcc/gcc-arm-none-eabi-10.3-2021.10-win32/gcc-arm-none-eabi-10.3-2021.10/bin/../lib/gcc/arm-none-eabi/10.3.1/../../../../arm-none-eabi/lib/thumb/v7-m/nofp\libg.a(lib_a-findfp.o)
                0x080080e4                __sfp_lock_acquire
 .text.__sfp_lock_release
                0x080080f0        0xc d:/study/stm32cube/arm-none-eabi-gcc/gcc-arm-none-eabi-10.3-2021.10-win32/gcc-arm-none-eabi-10.3-2021.10/bin/../lib/gcc/arm-none-eabi/10.3.1/../../../../arm-none-eabi/lib/thumb/v7-m/nofp\libg.a(lib_a-findfp.o)
                0x080080f0                __sfp_lock_release
 .text.__libc_fini_array
                0x080080fc       0x2c d:/study/stm32cube/arm-none-eabi-gcc/gcc-arm-none-eabi-10.3-2021.10-win32/gcc-arm-none-eabi-10.3-2021.10/bin/../lib/gcc/arm-none-eabi/10.3.1/../../../../arm-none-eabi/lib/thumb/v7-m/nofp\libg.a(lib_a-fini.o)
                0x080080fc                __libc_fini_array
 .text._malloc_trim_r
                0x08008128       0xa0 d:/study/stm32cube/arm-none-eabi-gcc/gcc-arm-none-eabi-10.3-2021.10-win32/gcc-arm-none-eabi-10.3-2021.10/bin/../lib/gcc/arm-none-eabi/10.3.1/../../../../arm-none-eabi/lib/thumb/v7-m/nofp\libg.a(lib_a-freer.o)
                0x08008128                _malloc_trim_r
 .text._free_r  0x080081c8      0x200 d:/study/stm32cube/arm-none-eabi-gcc/gcc-arm-none-eabi-10.3-2021.10-win32/gcc-arm-none-eabi-10.3-2021.10/bin/../lib/gcc/arm-none-eabi/10.3.1/../../../../arm-none-eabi/lib/thumb/v7-m/nofp\libg.a(lib_a-freer.o)
                0x080081c8                _free_r
 .text.__sfvwrite_r
                0x080083c8      0x2f0 d:/study/stm32cube/arm-none-eabi-gcc/gcc-arm-none-eabi-10.3-2021.10-win32/gcc-arm-none-eabi-10.3-2021.10/bin/../lib/gcc/arm-none-eabi/10.3.1/../../../../arm-none-eabi/lib/thumb/v7-m/nofp\libg.a(lib_a-fvwrite.o)
                0x080083c8                __sfvwrite_r
 .text._fwalk_reent
                0x080086b8       0x48 d:/study/stm32cube/arm-none-eabi-gcc/gcc-arm-none-eabi-10.3-2021.10-win32/gcc-arm-none-eabi-10.3-2021.10/bin/../lib/gcc/arm-none-eabi/10.3.1/../../../../arm-none-eabi/lib/thumb/v7-m/nofp\libg.a(lib_a-fwalk.o)
                0x080086b8                _fwalk_reent
 .text._localeconv_r
                0x08008700        0x8 d:/study/stm32cube/arm-none-eabi-gcc/gcc-arm-none-eabi-10.3-2021.10-win32/gcc-arm-none-eabi-10.3-2021.10/bin/../lib/gcc/arm-none-eabi/10.3.1/../../../../arm-none-eabi/lib/thumb/v7-m/nofp\libg.a(lib_a-localeconv.o)
                0x08008700                _localeconv_r
 .text.__retarget_lock_init_recursive
                0x08008708        0x4 d:/study/stm32cube/arm-none-eabi-gcc/gcc-arm-none-eabi-10.3-2021.10-win32/gcc-arm-none-eabi-10.3-2021.10/bin/../lib/gcc/arm-none-eabi/10.3.1/../../../../arm-none-eabi/lib/thumb/v7-m/nofp\libg.a(lib_a-lock.o)
                0x08008708                __retarget_lock_init_recursive
 .text.__retarget_lock_close_recursive
                0x0800870c        0x4 d:/study/stm32cube/arm-none-eabi-gcc/gcc-arm-none-eabi-10.3-2021.10-win32/gcc-arm-none-eabi-10.3-2021.10/bin/../lib/gcc/arm-none-eabi/10.3.1/../../../../arm-none-eabi/lib/thumb/v7-m/nofp\libg.a(lib_a-lock.o)
                0x0800870c                __retarget_lock_close_recursive
 .text.__retarget_lock_acquire_recursive
                0x08008710        0x4 d:/study/stm32cube/arm-none-eabi-gcc/gcc-arm-none-eabi-10.3-2021.10-win32/gcc-arm-none-eabi-10.3-2021.10/bin/../lib/gcc/arm-none-eabi/10.3.1/../../../../arm-none-eabi/lib/thumb/v7-m/nofp\libg.a(lib_a-lock.o)
                0x08008710                __retarget_lock_acquire_recursive
 .text.__retarget_lock_release_recursive
                0x08008714        0x4 d:/study/stm32cube/arm-none-eabi-gcc/gcc-arm-none-eabi-10.3-2021.10-win32/gcc-arm-none-eabi-10.3-2021.10/bin/../lib/gcc/arm-none-eabi/10.3.1/../../../../arm-none-eabi/lib/thumb/v7-m/nofp\libg.a(lib_a-lock.o)
                0x08008714                __retarget_lock_release_recursive
 .text.__smakebuf_r
                0x08008718       0xe0 d:/study/stm32cube/arm-none-eabi-gcc/gcc-arm-none-eabi-10.3-2021.10-win32/gcc-arm-none-eabi-10.3-2021.10/bin/../lib/gcc/arm-none-eabi/10.3.1/../../../../arm-none-eabi/lib/thumb/v7-m/nofp\libg.a(lib_a-makebuf.o)
                0x08008718                __smakebuf_r
 .text.__swhatbuf_r
                0x080087f8       0x60 d:/study/stm32cube/arm-none-eabi-gcc/gcc-arm-none-eabi-10.3-2021.10-win32/gcc-arm-none-eabi-10.3-2021.10/bin/../lib/gcc/arm-none-eabi/10.3.1/../../../../arm-none-eabi/lib/thumb/v7-m/nofp\libg.a(lib_a-makebuf.o)
                0x080087f8                __swhatbuf_r
 .text.malloc   0x08008858       0x10 d:/study/stm32cube/arm-none-eabi-gcc/gcc-arm-none-eabi-10.3-2021.10-win32/gcc-arm-none-eabi-10.3-2021.10/bin/../lib/gcc/arm-none-eabi/10.3.1/../../../../arm-none-eabi/lib/thumb/v7-m/nofp\libg.a(lib_a-malloc.o)
                0x08008858                malloc
 .text._malloc_r
                0x08008868      0x558 d:/study/stm32cube/arm-none-eabi-gcc/gcc-arm-none-eabi-10.3-2021.10-win32/gcc-arm-none-eabi-10.3-2021.10/bin/../lib/gcc/arm-none-eabi/10.3.1/../../../../arm-none-eabi/lib/thumb/v7-m/nofp\libg.a(lib_a-mallocr.o)
                0x08008868                _malloc_r
 .text.memchr   0x08008dc0       0x90 d:/study/stm32cube/arm-none-eabi-gcc/gcc-arm-none-eabi-10.3-2021.10-win32/gcc-arm-none-eabi-10.3-2021.10/bin/../lib/gcc/arm-none-eabi/10.3.1/../../../../arm-none-eabi/lib/thumb/v7-m/nofp\libg.a(lib_a-memchr-stub.o)
                0x08008dc0                memchr
 .text.memmove  0x08008e50       0xf8 d:/study/stm32cube/arm-none-eabi-gcc/gcc-arm-none-eabi-10.3-2021.10-win32/gcc-arm-none-eabi-10.3-2021.10/bin/../lib/gcc/arm-none-eabi/10.3.1/../../../../arm-none-eabi/lib/thumb/v7-m/nofp\libg.a(lib_a-memmove.o)
                0x08008e50                memmove
 .text.__malloc_lock
                0x08008f48        0xc d:/study/stm32cube/arm-none-eabi-gcc/gcc-arm-none-eabi-10.3-2021.10-win32/gcc-arm-none-eabi-10.3-2021.10/bin/../lib/gcc/arm-none-eabi/10.3.1/../../../../arm-none-eabi/lib/thumb/v7-m/nofp\libg.a(lib_a-mlock.o)
                0x08008f48                __malloc_lock
 .text.__malloc_unlock
                0x08008f54        0xc d:/study/stm32cube/arm-none-eabi-gcc/gcc-arm-none-eabi-10.3-2021.10-win32/gcc-arm-none-eabi-10.3-2021.10/bin/../lib/gcc/arm-none-eabi/10.3.1/../../../../arm-none-eabi/lib/thumb/v7-m/nofp\libg.a(lib_a-mlock.o)
                0x08008f54                __malloc_unlock
 .text._Balloc  0x08008f60       0x4c d:/study/stm32cube/arm-none-eabi-gcc/gcc-arm-none-eabi-10.3-2021.10-win32/gcc-arm-none-eabi-10.3-2021.10/bin/../lib/gcc/arm-none-eabi/10.3.1/../../../../arm-none-eabi/lib/thumb/v7-m/nofp\libg.a(lib_a-mprec.o)
                0x08008f60                _Balloc
 .text._Bfree   0x08008fac       0x14 d:/study/stm32cube/arm-none-eabi-gcc/gcc-arm-none-eabi-10.3-2021.10-win32/gcc-arm-none-eabi-10.3-2021.10/bin/../lib/gcc/arm-none-eabi/10.3.1/../../../../arm-none-eabi/lib/thumb/v7-m/nofp\libg.a(lib_a-mprec.o)
                0x08008fac                _Bfree
 .text.__multadd
                0x08008fc0       0xa4 d:/study/stm32cube/arm-none-eabi-gcc/gcc-arm-none-eabi-10.3-2021.10-win32/gcc-arm-none-eabi-10.3-2021.10/bin/../lib/gcc/arm-none-eabi/10.3.1/../../../../arm-none-eabi/lib/thumb/v7-m/nofp\libg.a(lib_a-mprec.o)
                0x08008fc0                __multadd
 .text.__hi0bits
                0x08009064       0x40 d:/study/stm32cube/arm-none-eabi-gcc/gcc-arm-none-eabi-10.3-2021.10-win32/gcc-arm-none-eabi-10.3-2021.10/bin/../lib/gcc/arm-none-eabi/10.3.1/../../../../arm-none-eabi/lib/thumb/v7-m/nofp\libg.a(lib_a-mprec.o)
                0x08009064                __hi0bits
 .text.__lo0bits
                0x080090a4       0x58 d:/study/stm32cube/arm-none-eabi-gcc/gcc-arm-none-eabi-10.3-2021.10-win32/gcc-arm-none-eabi-10.3-2021.10/bin/../lib/gcc/arm-none-eabi/10.3.1/../../../../arm-none-eabi/lib/thumb/v7-m/nofp\libg.a(lib_a-mprec.o)
                0x080090a4                __lo0bits
 .text.__i2b    0x080090fc       0x5c d:/study/stm32cube/arm-none-eabi-gcc/gcc-arm-none-eabi-10.3-2021.10-win32/gcc-arm-none-eabi-10.3-2021.10/bin/../lib/gcc/arm-none-eabi/10.3.1/../../../../arm-none-eabi/lib/thumb/v7-m/nofp\libg.a(lib_a-mprec.o)
                0x080090fc                __i2b
 .text.__multiply
                0x08009158      0x15c d:/study/stm32cube/arm-none-eabi-gcc/gcc-arm-none-eabi-10.3-2021.10-win32/gcc-arm-none-eabi-10.3-2021.10/bin/../lib/gcc/arm-none-eabi/10.3.1/../../../../arm-none-eabi/lib/thumb/v7-m/nofp\libg.a(lib_a-mprec.o)
                0x08009158                __multiply
 .text.__pow5mult
                0x080092b4       0xb8 d:/study/stm32cube/arm-none-eabi-gcc/gcc-arm-none-eabi-10.3-2021.10-win32/gcc-arm-none-eabi-10.3-2021.10/bin/../lib/gcc/arm-none-eabi/10.3.1/../../../../arm-none-eabi/lib/thumb/v7-m/nofp\libg.a(lib_a-mprec.o)
                0x080092b4                __pow5mult
 .text.__lshift
                0x0800936c       0xec d:/study/stm32cube/arm-none-eabi-gcc/gcc-arm-none-eabi-10.3-2021.10-win32/gcc-arm-none-eabi-10.3-2021.10/bin/../lib/gcc/arm-none-eabi/10.3.1/../../../../arm-none-eabi/lib/thumb/v7-m/nofp\libg.a(lib_a-mprec.o)
                0x0800936c                __lshift
 .text.__mcmp   0x08009458       0x40 d:/study/stm32cube/arm-none-eabi-gcc/gcc-arm-none-eabi-10.3-2021.10-win32/gcc-arm-none-eabi-10.3-2021.10/bin/../lib/gcc/arm-none-eabi/10.3.1/../../../../arm-none-eabi/lib/thumb/v7-m/nofp\libg.a(lib_a-mprec.o)
                0x08009458                __mcmp
 .text.__mdiff  0x08009498      0x14c d:/study/stm32cube/arm-none-eabi-gcc/gcc-arm-none-eabi-10.3-2021.10-win32/gcc-arm-none-eabi-10.3-2021.10/bin/../lib/gcc/arm-none-eabi/10.3.1/../../../../arm-none-eabi/lib/thumb/v7-m/nofp\libg.a(lib_a-mprec.o)
                0x08009498                __mdiff
 .text.__d2b    0x080095e4       0xc4 d:/study/stm32cube/arm-none-eabi-gcc/gcc-arm-none-eabi-10.3-2021.10-win32/gcc-arm-none-eabi-10.3-2021.10/bin/../lib/gcc/arm-none-eabi/10.3.1/../../../../arm-none-eabi/lib/thumb/v7-m/nofp\libg.a(lib_a-mprec.o)
                0x080095e4                __d2b
 .text._realloc_r
                0x080096a8      0x3dc d:/study/stm32cube/arm-none-eabi-gcc/gcc-arm-none-eabi-10.3-2021.10-win32/gcc-arm-none-eabi-10.3-2021.10/bin/../lib/gcc/arm-none-eabi/10.3.1/../../../../arm-none-eabi/lib/thumb/v7-m/nofp\libg.a(lib_a-reallocr.o)
                0x080096a8                _realloc_r
 .text.frexp    0x08009a84       0x70 d:/study/stm32cube/arm-none-eabi-gcc/gcc-arm-none-eabi-10.3-2021.10-win32/gcc-arm-none-eabi-10.3-2021.10/bin/../lib/gcc/arm-none-eabi/10.3.1/../../../../arm-none-eabi/lib/thumb/v7-m/nofp\libg.a(lib_a-s_frexp.o)
                0x08009a84                frexp
 .text._sbrk_r  0x08009af4       0x24 d:/study/stm32cube/arm-none-eabi-gcc/gcc-arm-none-eabi-10.3-2021.10-win32/gcc-arm-none-eabi-10.3-2021.10/bin/../lib/gcc/arm-none-eabi/10.3.1/../../../../arm-none-eabi/lib/thumb/v7-m/nofp\libg.a(lib_a-sbrkr.o)
                0x08009af4                _sbrk_r
 .text.__sread  0x08009b18       0x24 d:/study/stm32cube/arm-none-eabi-gcc/gcc-arm-none-eabi-10.3-2021.10-win32/gcc-arm-none-eabi-10.3-2021.10/bin/../lib/gcc/arm-none-eabi/10.3.1/../../../../arm-none-eabi/lib/thumb/v7-m/nofp\libg.a(lib_a-stdio.o)
                0x08009b18                __sread
 .text.__swrite
                0x08009b3c       0x40 d:/study/stm32cube/arm-none-eabi-gcc/gcc-arm-none-eabi-10.3-2021.10-win32/gcc-arm-none-eabi-10.3-2021.10/bin/../lib/gcc/arm-none-eabi/10.3.1/../../../../arm-none-eabi/lib/thumb/v7-m/nofp\libg.a(lib_a-stdio.o)
                0x08009b3c                __swrite
 .text.__sseek  0x08009b7c       0x20 d:/study/stm32cube/arm-none-eabi-gcc/gcc-arm-none-eabi-10.3-2021.10-win32/gcc-arm-none-eabi-10.3-2021.10/bin/../lib/gcc/arm-none-eabi/10.3.1/../../../../arm-none-eabi/lib/thumb/v7-m/nofp\libg.a(lib_a-stdio.o)
                0x08009b7c                __sseek
 .text.__sclose
                0x08009b9c        0x8 d:/study/stm32cube/arm-none-eabi-gcc/gcc-arm-none-eabi-10.3-2021.10-win32/gcc-arm-none-eabi-10.3-2021.10/bin/../lib/gcc/arm-none-eabi/10.3.1/../../../../arm-none-eabi/lib/thumb/v7-m/nofp\libg.a(lib_a-stdio.o)
                0x08009b9c                __sclose
 .text.strncpy  0x08009ba4       0x68 d:/study/stm32cube/arm-none-eabi-gcc/gcc-arm-none-eabi-10.3-2021.10-win32/gcc-arm-none-eabi-10.3-2021.10/bin/../lib/gcc/arm-none-eabi/10.3.1/../../../../arm-none-eabi/lib/thumb/v7-m/nofp\libg.a(lib_a-strncpy.o)
                0x08009ba4                strncpy
 .text.__sprint_r.part.0
                0x08009c0c       0x78 d:/study/stm32cube/arm-none-eabi-gcc/gcc-arm-none-eabi-10.3-2021.10-win32/gcc-arm-none-eabi-10.3-2021.10/bin/../lib/gcc/arm-none-eabi/10.3.1/../../../../arm-none-eabi/lib/thumb/v7-m/nofp\libg.a(lib_a-vfiprintf.o)
 .text.__sprint_r
                0x08009c84       0x14 d:/study/stm32cube/arm-none-eabi-gcc/gcc-arm-none-eabi-10.3-2021.10-win32/gcc-arm-none-eabi-10.3-2021.10/bin/../lib/gcc/arm-none-eabi/10.3.1/../../../../arm-none-eabi/lib/thumb/v7-m/nofp\libg.a(lib_a-vfiprintf.o)
                0x08009c84                __sprint_r
 .text._vfiprintf_r
                0x08009c98      0xd98 d:/study/stm32cube/arm-none-eabi-gcc/gcc-arm-none-eabi-10.3-2021.10-win32/gcc-arm-none-eabi-10.3-2021.10/bin/../lib/gcc/arm-none-eabi/10.3.1/../../../../arm-none-eabi/lib/thumb/v7-m/nofp\libg.a(lib_a-vfiprintf.o)
                0x08009c98                _vfiprintf_r
 .text.__sbprintf
                0x0800aa30       0x84 d:/study/stm32cube/arm-none-eabi-gcc/gcc-arm-none-eabi-10.3-2021.10-win32/gcc-arm-none-eabi-10.3-2021.10/bin/../lib/gcc/arm-none-eabi/10.3.1/../../../../arm-none-eabi/lib/thumb/v7-m/nofp\libg.a(lib_a-vfiprintf.o)
 .text._write_r
                0x0800aab4       0x2c d:/study/stm32cube/arm-none-eabi-gcc/gcc-arm-none-eabi-10.3-2021.10-win32/gcc-arm-none-eabi-10.3-2021.10/bin/../lib/gcc/arm-none-eabi/10.3.1/../../../../arm-none-eabi/lib/thumb/v7-m/nofp\libg.a(lib_a-writer.o)
                0x0800aab4                _write_r
 .text.__register_exitproc
                0x0800aae0       0x8c d:/study/stm32cube/arm-none-eabi-gcc/gcc-arm-none-eabi-10.3-2021.10-win32/gcc-arm-none-eabi-10.3-2021.10/bin/../lib/gcc/arm-none-eabi/10.3.1/../../../../arm-none-eabi/lib/thumb/v7-m/nofp\libg.a(lib_a-__atexit.o)
                0x0800aae0                __register_exitproc
 .text.__assert_func
                0x0800ab6c       0x40 d:/study/stm32cube/arm-none-eabi-gcc/gcc-arm-none-eabi-10.3-2021.10-win32/gcc-arm-none-eabi-10.3-2021.10/bin/../lib/gcc/arm-none-eabi/10.3.1/../../../../arm-none-eabi/lib/thumb/v7-m/nofp\libg.a(lib_a-assert.o)
                0x0800ab6c                __assert_func
 .text._calloc_r
                0x0800abac       0x78 d:/study/stm32cube/arm-none-eabi-gcc/gcc-arm-none-eabi-10.3-2021.10-win32/gcc-arm-none-eabi-10.3-2021.10/bin/../lib/gcc/arm-none-eabi/10.3.1/../../../../arm-none-eabi/lib/thumb/v7-m/nofp\libg.a(lib_a-callocr.o)
                0x0800abac                _calloc_r
 .text._close_r
                0x0800ac24       0x24 d:/study/stm32cube/arm-none-eabi-gcc/gcc-arm-none-eabi-10.3-2021.10-win32/gcc-arm-none-eabi-10.3-2021.10/bin/../lib/gcc/arm-none-eabi/10.3.1/../../../../arm-none-eabi/lib/thumb/v7-m/nofp\libg.a(lib_a-closer.o)
                0x0800ac24                _close_r
 .text._fclose_r
                0x0800ac48       0xcc d:/study/stm32cube/arm-none-eabi-gcc/gcc-arm-none-eabi-10.3-2021.10-win32/gcc-arm-none-eabi-10.3-2021.10/bin/../lib/gcc/arm-none-eabi/10.3.1/../../../../arm-none-eabi/lib/thumb/v7-m/nofp\libg.a(lib_a-fclose.o)
                0x0800ac48                _fclose_r
 .text.fiprintf
                0x0800ad14       0x28 d:/study/stm32cube/arm-none-eabi-gcc/gcc-arm-none-eabi-10.3-2021.10-win32/gcc-arm-none-eabi-10.3-2021.10/bin/../lib/gcc/arm-none-eabi/10.3.1/../../../../arm-none-eabi/lib/thumb/v7-m/nofp\libg.a(lib_a-fiprintf.o)
                0x0800ad14                fiprintf
 .text.__fputwc
                0x0800ad3c       0xa0 d:/study/stm32cube/arm-none-eabi-gcc/gcc-arm-none-eabi-10.3-2021.10-win32/gcc-arm-none-eabi-10.3-2021.10/bin/../lib/gcc/arm-none-eabi/10.3.1/../../../../arm-none-eabi/lib/thumb/v7-m/nofp\libg.a(lib_a-fputwc.o)
                0x0800ad3c                __fputwc
 .text._fputwc_r
                0x0800addc       0x68 d:/study/stm32cube/arm-none-eabi-gcc/gcc-arm-none-eabi-10.3-2021.10-win32/gcc-arm-none-eabi-10.3-2021.10/bin/../lib/gcc/arm-none-eabi/10.3.1/../../../../arm-none-eabi/lib/thumb/v7-m/nofp\libg.a(lib_a-fputwc.o)
                0x0800addc                _fputwc_r
 .text._fstat_r
                0x0800ae44       0x28 d:/study/stm32cube/arm-none-eabi-gcc/gcc-arm-none-eabi-10.3-2021.10-win32/gcc-arm-none-eabi-10.3-2021.10/bin/../lib/gcc/arm-none-eabi/10.3.1/../../../../arm-none-eabi/lib/thumb/v7-m/nofp\libg.a(lib_a-fstatr.o)
                0x0800ae44                _fstat_r
 .text._isatty_r
                0x0800ae6c       0x24 d:/study/stm32cube/arm-none-eabi-gcc/gcc-arm-none-eabi-10.3-2021.10-win32/gcc-arm-none-eabi-10.3-2021.10/bin/../lib/gcc/arm-none-eabi/10.3.1/../../../../arm-none-eabi/lib/thumb/v7-m/nofp\libg.a(lib_a-isattyr.o)
                0x0800ae6c                _isatty_r
 .text.__locale_mb_cur_max
                0x0800ae90        0xc d:/study/stm32cube/arm-none-eabi-gcc/gcc-arm-none-eabi-10.3-2021.10-win32/gcc-arm-none-eabi-10.3-2021.10/bin/../lib/gcc/arm-none-eabi/10.3.1/../../../../arm-none-eabi/lib/thumb/v7-m/nofp\libg.a(lib_a-locale.o)
                0x0800ae90                __locale_mb_cur_max
 .text._lseek_r
                0x0800ae9c       0x2c d:/study/stm32cube/arm-none-eabi-gcc/gcc-arm-none-eabi-10.3-2021.10-win32/gcc-arm-none-eabi-10.3-2021.10/bin/../lib/gcc/arm-none-eabi/10.3.1/../../../../arm-none-eabi/lib/thumb/v7-m/nofp\libg.a(lib_a-lseekr.o)
                0x0800ae9c                _lseek_r
 .text.__ascii_mbtowc
                0x0800aec8       0x2c d:/study/stm32cube/arm-none-eabi-gcc/gcc-arm-none-eabi-10.3-2021.10-win32/gcc-arm-none-eabi-10.3-2021.10/bin/../lib/gcc/arm-none-eabi/10.3.1/../../../../arm-none-eabi/lib/thumb/v7-m/nofp\libg.a(lib_a-mbtowc_r.o)
                0x0800aec8                __ascii_mbtowc
 .text._read_r  0x0800aef4       0x2c d:/study/stm32cube/arm-none-eabi-gcc/gcc-arm-none-eabi-10.3-2021.10-win32/gcc-arm-none-eabi-10.3-2021.10/bin/../lib/gcc/arm-none-eabi/10.3.1/../../../../arm-none-eabi/lib/thumb/v7-m/nofp\libg.a(lib_a-readr.o)
                0x0800aef4                _read_r
 .text.__swbuf_r
                0x0800af20       0xb0 d:/study/stm32cube/arm-none-eabi-gcc/gcc-arm-none-eabi-10.3-2021.10-win32/gcc-arm-none-eabi-10.3-2021.10/bin/../lib/gcc/arm-none-eabi/10.3.1/../../../../arm-none-eabi/lib/thumb/v7-m/nofp\libg.a(lib_a-wbuf.o)
                0x0800af20                __swbuf_r
 .text._wcrtomb_r
                0x0800afd0       0x3c d:/study/stm32cube/arm-none-eabi-gcc/gcc-arm-none-eabi-10.3-2021.10-win32/gcc-arm-none-eabi-10.3-2021.10/bin/../lib/gcc/arm-none-eabi/10.3.1/../../../../arm-none-eabi/lib/thumb/v7-m/nofp\libg.a(lib_a-wcrtomb.o)
                0x0800afd0                _wcrtomb_r
 .text.__ascii_wctomb
                0x0800b00c       0x1c d:/study/stm32cube/arm-none-eabi-gcc/gcc-arm-none-eabi-10.3-2021.10-win32/gcc-arm-none-eabi-10.3-2021.10/bin/../lib/gcc/arm-none-eabi/10.3.1/../../../../arm-none-eabi/lib/thumb/v7-m/nofp\libg.a(lib_a-wctomb_r.o)
                0x0800b00c                __ascii_wctomb
 .text.abort    0x0800b028       0x10 d:/study/stm32cube/arm-none-eabi-gcc/gcc-arm-none-eabi-10.3-2021.10-win32/gcc-arm-none-eabi-10.3-2021.10/bin/../lib/gcc/arm-none-eabi/10.3.1/../../../../arm-none-eabi/lib/thumb/v7-m/nofp\libg.a(lib_a-abort.o)
                0x0800b028                abort
 .text.raise    0x0800b038       0x5c d:/study/stm32cube/arm-none-eabi-gcc/gcc-arm-none-eabi-10.3-2021.10-win32/gcc-arm-none-eabi-10.3-2021.10/bin/../lib/gcc/arm-none-eabi/10.3.1/../../../../arm-none-eabi/lib/thumb/v7-m/nofp\libg.a(lib_a-signal.o)
                0x0800b038                raise
 .text._kill_r  0x0800b094       0x28 d:/study/stm32cube/arm-none-eabi-gcc/gcc-arm-none-eabi-10.3-2021.10-win32/gcc-arm-none-eabi-10.3-2021.10/bin/../lib/gcc/arm-none-eabi/10.3.1/../../../../arm-none-eabi/lib/thumb/v7-m/nofp\libg.a(lib_a-signalr.o)
                0x0800b094                _kill_r
 .text._getpid_r
                0x0800b0bc        0x4 d:/study/stm32cube/arm-none-eabi-gcc/gcc-arm-none-eabi-10.3-2021.10-win32/gcc-arm-none-eabi-10.3-2021.10/bin/../lib/gcc/arm-none-eabi/10.3.1/../../../../arm-none-eabi/lib/thumb/v7-m/nofp\libg.a(lib_a-signalr.o)
                0x0800b0bc                _getpid_r
 *(.glue_7)
 .glue_7        0x0800b0c0        0x0 linker stubs
 *(.glue_7t)
 .glue_7t       0x0800b0c0        0x0 linker stubs
 *(.eh_frame)
 .eh_frame      0x0800b0c0        0x0 d:/study/stm32cube/arm-none-eabi-gcc/gcc-arm-none-eabi-10.3-2021.10-win32/gcc-arm-none-eabi-10.3-2021.10/bin/../lib/gcc/arm-none-eabi/10.3.1/thumb/v7-m/nofp/crtbegin.o
 *(.init)
 .init          0x0800b0c0        0x4 d:/study/stm32cube/arm-none-eabi-gcc/gcc-arm-none-eabi-10.3-2021.10-win32/gcc-arm-none-eabi-10.3-2021.10/bin/../lib/gcc/arm-none-eabi/10.3.1/thumb/v7-m/nofp/crti.o
                0x0800b0c0                _init
 .init          0x0800b0c4        0x8 d:/study/stm32cube/arm-none-eabi-gcc/gcc-arm-none-eabi-10.3-2021.10-win32/gcc-arm-none-eabi-10.3-2021.10/bin/../lib/gcc/arm-none-eabi/10.3.1/thumb/v7-m/nofp/crtn.o
 *(.fini)
 .fini          0x0800b0cc        0x4 d:/study/stm32cube/arm-none-eabi-gcc/gcc-arm-none-eabi-10.3-2021.10-win32/gcc-arm-none-eabi-10.3-2021.10/bin/../lib/gcc/arm-none-eabi/10.3.1/thumb/v7-m/nofp/crti.o
                0x0800b0cc                _fini
 .fini          0x0800b0d0        0x8 d:/study/stm32cube/arm-none-eabi-gcc/gcc-arm-none-eabi-10.3-2021.10-win32/gcc-arm-none-eabi-10.3-2021.10/bin/../lib/gcc/arm-none-eabi/10.3.1/thumb/v7-m/nofp/crtn.o
                0x0800b0d8                . = ALIGN (0x4)
                0x0800b0d8                _etext = .

.vfp11_veneer   0x0800b0d8        0x0
 .vfp11_veneer  0x0800b0d8        0x0 linker stubs

.v4_bx          0x0800b0d8        0x0
 .v4_bx         0x0800b0d8        0x0 linker stubs

.iplt           0x0800b0d8        0x0
 .iplt          0x0800b0d8        0x0 d:/study/stm32cube/arm-none-eabi-gcc/gcc-arm-none-eabi-10.3-2021.10-win32/gcc-arm-none-eabi-10.3-2021.10/bin/../lib/gcc/arm-none-eabi/10.3.1/thumb/v7-m/nofp/crtbegin.o

.rodata         0x0800b0d8      0xd10
                0x0800b0d8                . = ALIGN (0x4)
 *(.rodata)
 *(.rodata*)
 .rodata.HAL_UARTEx_RxEventCallback.str1.4
                0x0800b0d8      0x192 CMakeFiles/coded_lock.elf.dir/Core/Src/main.c.obj
 *fill*         0x0800b26a        0x2 
 .rodata.main.str1.4
                0x0800b26c       0x95 CMakeFiles/coded_lock.elf.dir/Core/Src/main.c.obj
 *fill*         0x0800b301        0x3 
 .rodata.AdminBuff
                0x0800b304        0x8 CMakeFiles/coded_lock.elf.dir/Core/Src/main.c.obj
                0x0800b304                AdminBuff
 .rodata.PassBuff
                0x0800b30c        0x8 CMakeFiles/coded_lock.elf.dir/Core/Src/main.c.obj
                0x0800b30c                PassBuff
 .rodata.AHBPrescTable
                0x0800b314       0x10 CMakeFiles/coded_lock.elf.dir/Core/Src/system_stm32f1xx.c.obj
                0x0800b314                AHBPrescTable
 .rodata.APBPrescTable
                0x0800b324        0x8 CMakeFiles/coded_lock.elf.dir/Core/Src/system_stm32f1xx.c.obj
                0x0800b324                APBPrescTable
 .rodata.aPLLMULFactorTable.1
                0x0800b32c       0x10 CMakeFiles/coded_lock.elf.dir/Drivers/STM32F1xx_HAL_Driver/Src/stm32f1xx_hal_rcc.c.obj
 .rodata.aPredivFactorTable.0
                0x0800b33c        0x2 CMakeFiles/coded_lock.elf.dir/Drivers/STM32F1xx_HAL_Driver/Src/stm32f1xx_hal_rcc.c.obj
 *fill*         0x0800b33e        0x2 
 .rodata.OLED_ShowLockStatus.str1.4
                0x0800b340       0x3f CMakeFiles/coded_lock.elf.dir/UserAPP/Src/Lock.c.obj
 *fill*         0x0800b37f        0x1 
 .rodata.Admin  0x0800b380        0x7 CMakeFiles/coded_lock.elf.dir/UserAPP/Src/Lock.c.obj
                0x0800b380                Admin
 *fill*         0x0800b387        0x1 
 .rodata.GetStatus
                0x0800b388        0xa CMakeFiles/coded_lock.elf.dir/UserAPP/Src/Lock.c.obj
                0x0800b388                GetStatus
 *fill*         0x0800b392        0x2 
 .rodata.Modify
                0x0800b394        0x8 CMakeFiles/coded_lock.elf.dir/UserAPP/Src/Lock.c.obj
                0x0800b394                Modify
 .rodata.Pass   0x0800b39c        0x6 CMakeFiles/coded_lock.elf.dir/UserAPP/Src/Lock.c.obj
                0x0800b39c                Pass
 *fill*         0x0800b3a2        0x2 
 .rodata.Reset  0x0800b3a4        0x6 CMakeFiles/coded_lock.elf.dir/UserAPP/Src/Lock.c.obj
                0x0800b3a4                Reset
 *fill*         0x0800b3aa        0x2 
 .rodata.My_Flash_ClearPage.str1.4
                0x0800b3ac       0x1f CMakeFiles/coded_lock.elf.dir/UserAPP/Src/My_Flash.c.obj
 *fill*         0x0800b3cb        0x1 
 .rodata.My_Flash_WriteByte.str1.4
                0x0800b3cc       0x29 CMakeFiles/coded_lock.elf.dir/UserAPP/Src/My_Flash.c.obj
 *fill*         0x0800b3f5        0x3 
 .rodata.OLED_F8x16
                0x0800b3f8      0x5f0 CMakeFiles/coded_lock.elf.dir/UserAPP/Src/OLED.c.obj
                0x0800b3f8                OLED_F8x16
 .rodata._global_impure_ptr
                0x0800b9e8        0x4 d:/study/stm32cube/arm-none-eabi-gcc/gcc-arm-none-eabi-10.3-2021.10-win32/gcc-arm-none-eabi-10.3-2021.10/bin/../lib/gcc/arm-none-eabi/10.3.1/../../../../arm-none-eabi/lib/thumb/v7-m/nofp\libg.a(lib_a-impure.o)
                0x0800b9e8                _global_impure_ptr
 .rodata._puts_r.str1.4
                0x0800b9ec        0x2 d:/study/stm32cube/arm-none-eabi-gcc/gcc-arm-none-eabi-10.3-2021.10-win32/gcc-arm-none-eabi-10.3-2021.10/bin/../lib/gcc/arm-none-eabi/10.3.1/../../../../arm-none-eabi/lib/thumb/v7-m/nofp\libg.a(lib_a-puts.o)
 *fill*         0x0800b9ee        0x2 
 .rodata._vfprintf_r.str1.4
                0x0800b9f0       0x42 d:/study/stm32cube/arm-none-eabi-gcc/gcc-arm-none-eabi-10.3-2021.10-win32/gcc-arm-none-eabi-10.3-2021.10/bin/../lib/gcc/arm-none-eabi/10.3.1/../../../../arm-none-eabi/lib/thumb/v7-m/nofp\libg.a(lib_a-vfprintf.o)
 *fill*         0x0800ba32        0x2 
 .rodata.blanks.1
                0x0800ba34       0x10 d:/study/stm32cube/arm-none-eabi-gcc/gcc-arm-none-eabi-10.3-2021.10-win32/gcc-arm-none-eabi-10.3-2021.10/bin/../lib/gcc/arm-none-eabi/10.3.1/../../../../arm-none-eabi/lib/thumb/v7-m/nofp\libg.a(lib_a-vfprintf.o)
 .rodata.zeroes.0
                0x0800ba44       0x10 d:/study/stm32cube/arm-none-eabi-gcc/gcc-arm-none-eabi-10.3-2021.10-win32/gcc-arm-none-eabi-10.3-2021.10/bin/../lib/gcc/arm-none-eabi/10.3.1/../../../../arm-none-eabi/lib/thumb/v7-m/nofp\libg.a(lib_a-vfprintf.o)
 .rodata._dtoa_r.str1.4
                0x0800ba54       0xa2 d:/study/stm32cube/arm-none-eabi-gcc/gcc-arm-none-eabi-10.3-2021.10-win32/gcc-arm-none-eabi-10.3-2021.10/bin/../lib/gcc/arm-none-eabi/10.3.1/../../../../arm-none-eabi/lib/thumb/v7-m/nofp\libg.a(lib_a-dtoa.o)
                                 0xa6 (size before relaxing)
 *fill*         0x0800baf6        0x2 
 .rodata.__multadd.str1.4
                0x0800baf8       0x7f d:/study/stm32cube/arm-none-eabi-gcc/gcc-arm-none-eabi-10.3-2021.10-win32/gcc-arm-none-eabi-10.3-2021.10/bin/../lib/gcc/arm-none-eabi/10.3.1/../../../../arm-none-eabi/lib/thumb/v7-m/nofp\libg.a(lib_a-mprec.o)
                                 0x93 (size before relaxing)
 *fill*         0x0800bb77        0x1 
 .rodata.__mprec_bigtens
                0x0800bb78       0x28 d:/study/stm32cube/arm-none-eabi-gcc/gcc-arm-none-eabi-10.3-2021.10-win32/gcc-arm-none-eabi-10.3-2021.10/bin/../lib/gcc/arm-none-eabi/10.3.1/../../../../arm-none-eabi/lib/thumb/v7-m/nofp\libg.a(lib_a-mprec.o)
                0x0800bb78                __mprec_bigtens
 .rodata.__mprec_tens
                0x0800bba0       0xc8 d:/study/stm32cube/arm-none-eabi-gcc/gcc-arm-none-eabi-10.3-2021.10-win32/gcc-arm-none-eabi-10.3-2021.10/bin/../lib/gcc/arm-none-eabi/10.3.1/../../../../arm-none-eabi/lib/thumb/v7-m/nofp\libg.a(lib_a-mprec.o)
                0x0800bba0                __mprec_tens
 .rodata.p05.0  0x0800bc68        0xc d:/study/stm32cube/arm-none-eabi-gcc/gcc-arm-none-eabi-10.3-2021.10-win32/gcc-arm-none-eabi-10.3-2021.10/bin/../lib/gcc/arm-none-eabi/10.3.1/../../../../arm-none-eabi/lib/thumb/v7-m/nofp\libg.a(lib_a-mprec.o)
 .rodata._vfiprintf_r.str1.4
                0x0800bc74       0x2f d:/study/stm32cube/arm-none-eabi-gcc/gcc-arm-none-eabi-10.3-2021.10-win32/gcc-arm-none-eabi-10.3-2021.10/bin/../lib/gcc/arm-none-eabi/10.3.1/../../../../arm-none-eabi/lib/thumb/v7-m/nofp\libg.a(lib_a-vfiprintf.o)
 .rodata.blanks.1
                0x0800bc74       0x10 d:/study/stm32cube/arm-none-eabi-gcc/gcc-arm-none-eabi-10.3-2021.10-win32/gcc-arm-none-eabi-10.3-2021.10/bin/../lib/gcc/arm-none-eabi/10.3.1/../../../../arm-none-eabi/lib/thumb/v7-m/nofp\libg.a(lib_a-vfiprintf.o)
 .rodata.zeroes.0
                0x0800bc84       0x10 d:/study/stm32cube/arm-none-eabi-gcc/gcc-arm-none-eabi-10.3-2021.10-win32/gcc-arm-none-eabi-10.3-2021.10/bin/../lib/gcc/arm-none-eabi/10.3.1/../../../../arm-none-eabi/lib/thumb/v7-m/nofp\libg.a(lib_a-vfiprintf.o)
 .rodata.__assert_func.str1.4
                0x0800bc94       0x3f d:/study/stm32cube/arm-none-eabi-gcc/gcc-arm-none-eabi-10.3-2021.10-win32/gcc-arm-none-eabi-10.3-2021.10/bin/../lib/gcc/arm-none-eabi/10.3.1/../../../../arm-none-eabi/lib/thumb/v7-m/nofp\libg.a(lib_a-assert.o)
                                 0x43 (size before relaxing)
 *fill*         0x0800bcd3        0x1 
 .rodata._setlocale_r.str1.4
                0x0800bcd4        0xa d:/study/stm32cube/arm-none-eabi-gcc/gcc-arm-none-eabi-10.3-2021.10-win32/gcc-arm-none-eabi-10.3-2021.10/bin/../lib/gcc/arm-none-eabi/10.3.1/../../../../arm-none-eabi/lib/thumb/v7-m/nofp\libg.a(lib_a-locale.o)
                                  0xd (size before relaxing)
 *fill*         0x0800bcde        0x2 
 .rodata.str1.4
                0x0800bce0        0x2 d:/study/stm32cube/arm-none-eabi-gcc/gcc-arm-none-eabi-10.3-2021.10-win32/gcc-arm-none-eabi-10.3-2021.10/bin/../lib/gcc/arm-none-eabi/10.3.1/../../../../arm-none-eabi/lib/thumb/v7-m/nofp\libg.a(lib_a-locale.o)
 *fill*         0x0800bce2        0x2 
 .rodata._ctype_
                0x0800bce4      0x101 d:/study/stm32cube/arm-none-eabi-gcc/gcc-arm-none-eabi-10.3-2021.10-win32/gcc-arm-none-eabi-10.3-2021.10/bin/../lib/gcc/arm-none-eabi/10.3.1/../../../../arm-none-eabi/lib/thumb/v7-m/nofp\libg.a(lib_a-ctype_.o)
                0x0800bce4                _ctype_
                0x0800bde8                . = ALIGN (0x4)
 *fill*         0x0800bde5        0x3 

.ARM.extab      0x0800bde8        0x0
                0x0800bde8                . = ALIGN (0x4)
 *(.ARM.extab* .gnu.linkonce.armextab.*)
                0x0800bde8                . = ALIGN (0x4)

.ARM            0x0800bde8        0x8
                0x0800bde8                . = ALIGN (0x4)
                0x0800bde8                __exidx_start = .
 *(.ARM.exidx*)
 .ARM.exidx     0x0800bde8        0x8 d:/study/stm32cube/arm-none-eabi-gcc/gcc-arm-none-eabi-10.3-2021.10-win32/gcc-arm-none-eabi-10.3-2021.10/bin/../lib/gcc/arm-none-eabi/10.3.1/thumb/v7-m/nofp\libgcc.a(_udivmoddi4.o)
                0x0800bdf0                __exidx_end = .
                0x0800bdf0                . = ALIGN (0x4)

.rel.dyn        0x0800bdf0        0x0
 .rel.iplt      0x0800bdf0        0x0 d:/study/stm32cube/arm-none-eabi-gcc/gcc-arm-none-eabi-10.3-2021.10-win32/gcc-arm-none-eabi-10.3-2021.10/bin/../lib/gcc/arm-none-eabi/10.3.1/thumb/v7-m/nofp/crtbegin.o

.preinit_array  0x0800bdf0        0x0
                0x0800bdf0                . = ALIGN (0x4)
                0x0800bdf0                PROVIDE (__preinit_array_start = .)
 *(.preinit_array*)
                0x0800bdf0                PROVIDE (__preinit_array_end = .)
                0x0800bdf0                . = ALIGN (0x4)

.init_array     0x0800bdf0        0x8
                0x0800bdf0                . = ALIGN (0x4)
                0x0800bdf0                PROVIDE (__init_array_start = .)
 *(SORT_BY_NAME(.init_array.*))
 .init_array.00000
                0x0800bdf0        0x4 d:/study/stm32cube/arm-none-eabi-gcc/gcc-arm-none-eabi-10.3-2021.10-win32/gcc-arm-none-eabi-10.3-2021.10/bin/../lib/gcc/arm-none-eabi/10.3.1/../../../../arm-none-eabi/lib/thumb/v7-m/nofp\libg.a(lib_a-__call_atexit.o)
 *(.init_array*)
 .init_array    0x0800bdf4        0x4 d:/study/stm32cube/arm-none-eabi-gcc/gcc-arm-none-eabi-10.3-2021.10-win32/gcc-arm-none-eabi-10.3-2021.10/bin/../lib/gcc/arm-none-eabi/10.3.1/thumb/v7-m/nofp/crtbegin.o
                0x0800bdf8                PROVIDE (__init_array_end = .)
                0x0800bdf8                . = ALIGN (0x4)

.fini_array     0x0800bdf8        0x4
                0x0800bdf8                . = ALIGN (0x4)
                0x0800bdf8                PROVIDE (__fini_array_start = .)
 *(SORT_BY_NAME(.fini_array.*))
 *(.fini_array*)
 .fini_array    0x0800bdf8        0x4 d:/study/stm32cube/arm-none-eabi-gcc/gcc-arm-none-eabi-10.3-2021.10-win32/gcc-arm-none-eabi-10.3-2021.10/bin/../lib/gcc/arm-none-eabi/10.3.1/thumb/v7-m/nofp/crtbegin.o
                0x0800bdfc                PROVIDE (__fini_array_end = .)
                0x0800bdfc                . = ALIGN (0x4)
                0x0800bdfc                _sidata = LOADADDR (.data)

.data           0x20000000      0x9e0 load address 0x0800bdfc
                0x20000000                . = ALIGN (0x4)
                0x20000000                _sdata = .
 *(.data)
 *(.data*)
 .data.SystemCoreClock
                0x20000000        0x4 CMakeFiles/coded_lock.elf.dir/Core/Src/system_stm32f1xx.c.obj
                0x20000000                SystemCoreClock
 .data.uwTickFreq
                0x20000004        0x1 CMakeFiles/coded_lock.elf.dir/Drivers/STM32F1xx_HAL_Driver/Src/stm32f1xx_hal.c.obj
                0x20000004                uwTickFreq
 *fill*         0x20000005        0x3 
 .data.uwTickPrio
                0x20000008        0x4 CMakeFiles/coded_lock.elf.dir/Drivers/STM32F1xx_HAL_Driver/Src/stm32f1xx_hal.c.obj
                0x20000008                uwTickPrio
 .data.KeyValue
                0x2000000c       0x10 CMakeFiles/coded_lock.elf.dir/UserAPP/Src/KeyScan.c.obj
                0x2000000c                KeyValue
 .data.LOCK_STRING
                0x2000001c       0x14 CMakeFiles/coded_lock.elf.dir/UserAPP/Src/Lock.c.obj
                0x2000001c                LOCK_STRING
 .data._impure_ptr
                0x20000030        0x4 d:/study/stm32cube/arm-none-eabi-gcc/gcc-arm-none-eabi-10.3-2021.10-win32/gcc-arm-none-eabi-10.3-2021.10/bin/../lib/gcc/arm-none-eabi/10.3.1/../../../../arm-none-eabi/lib/thumb/v7-m/nofp\libg.a(lib_a-impure.o)
                0x20000030                _impure_ptr
 *fill*         0x20000034        0x4 
 .data.impure_data
                0x20000038      0x428 d:/study/stm32cube/arm-none-eabi-gcc/gcc-arm-none-eabi-10.3-2021.10-win32/gcc-arm-none-eabi-10.3-2021.10/bin/../lib/gcc/arm-none-eabi/10.3.1/../../../../arm-none-eabi/lib/thumb/v7-m/nofp\libg.a(lib_a-impure.o)
 .data.__atexit_recursive_mutex
                0x20000460        0x4 d:/study/stm32cube/arm-none-eabi-gcc/gcc-arm-none-eabi-10.3-2021.10-win32/gcc-arm-none-eabi-10.3-2021.10/bin/../lib/gcc/arm-none-eabi/10.3.1/../../../../arm-none-eabi/lib/thumb/v7-m/nofp\libg.a(lib_a-__call_atexit.o)
                0x20000460                __atexit_recursive_mutex
 .data.__malloc_av_
                0x20000464      0x408 d:/study/stm32cube/arm-none-eabi-gcc/gcc-arm-none-eabi-10.3-2021.10-win32/gcc-arm-none-eabi-10.3-2021.10/bin/../lib/gcc/arm-none-eabi/10.3.1/../../../../arm-none-eabi/lib/thumb/v7-m/nofp\libg.a(lib_a-mallocr.o)
                0x20000464                __malloc_av_
 .data.__malloc_sbrk_base
                0x2000086c        0x4 d:/study/stm32cube/arm-none-eabi-gcc/gcc-arm-none-eabi-10.3-2021.10-win32/gcc-arm-none-eabi-10.3-2021.10/bin/../lib/gcc/arm-none-eabi/10.3.1/../../../../arm-none-eabi/lib/thumb/v7-m/nofp\libg.a(lib_a-mallocr.o)
                0x2000086c                __malloc_sbrk_base
 .data.__malloc_trim_threshold
                0x20000870        0x4 d:/study/stm32cube/arm-none-eabi-gcc/gcc-arm-none-eabi-10.3-2021.10-win32/gcc-arm-none-eabi-10.3-2021.10/bin/../lib/gcc/arm-none-eabi/10.3.1/../../../../arm-none-eabi/lib/thumb/v7-m/nofp\libg.a(lib_a-mallocr.o)
                0x20000870                __malloc_trim_threshold
 .data.__global_locale
                0x20000874      0x16c d:/study/stm32cube/arm-none-eabi-gcc/gcc-arm-none-eabi-10.3-2021.10-win32/gcc-arm-none-eabi-10.3-2021.10/bin/../lib/gcc/arm-none-eabi/10.3.1/../../../../arm-none-eabi/lib/thumb/v7-m/nofp\libg.a(lib_a-locale.o)
                0x20000874                __global_locale
 *(.RamFunc)
 *(.RamFunc*)
                0x200009e0                . = ALIGN (0x4)
                0x200009e0                _edata = .

.igot.plt       0x200009e0        0x0 load address 0x0800c7dc
 .igot.plt      0x200009e0        0x0 d:/study/stm32cube/arm-none-eabi-gcc/gcc-arm-none-eabi-10.3-2021.10-win32/gcc-arm-none-eabi-10.3-2021.10/bin/../lib/gcc/arm-none-eabi/10.3.1/thumb/v7-m/nofp/crtbegin.o
                0x200009e0                . = ALIGN (0x4)

.bss            0x200009e0      0x2e0 load address 0x0800c7dc
                0x200009e0                _sbss = .
                0x200009e0                __bss_start__ = _sbss
 *(.bss)
 .bss           0x200009e0       0x1c d:/study/stm32cube/arm-none-eabi-gcc/gcc-arm-none-eabi-10.3-2021.10-win32/gcc-arm-none-eabi-10.3-2021.10/bin/../lib/gcc/arm-none-eabi/10.3.1/thumb/v7-m/nofp/crtbegin.o
 *(.bss*)
 .bss.hi2c1     0x200009fc       0x54 CMakeFiles/coded_lock.elf.dir/Core/Src/i2c.c.obj
                0x200009fc                hi2c1
 .bss.KeyPassBuff
                0x20000a50        0x8 CMakeFiles/coded_lock.elf.dir/Core/Src/main.c.obj
                0x20000a50                KeyPassBuff
 .bss.Key_In_Length
                0x20000a58        0x1 CMakeFiles/coded_lock.elf.dir/Core/Src/main.c.obj
                0x20000a58                Key_In_Length
 .bss.Key_Value
                0x20000a59        0x1 CMakeFiles/coded_lock.elf.dir/Core/Src/main.c.obj
                0x20000a59                Key_Value
 .bss.Lock_Flag
                0x20000a5a        0x2 CMakeFiles/coded_lock.elf.dir/Core/Src/main.c.obj
                0x20000a5a                Lock_Flag
 .bss.MyLock    0x20000a5c       0x12 CMakeFiles/coded_lock.elf.dir/Core/Src/main.c.obj
                0x20000a5c                MyLock
 *fill*         0x20000a6e        0x2 
 .bss.Uart_RxBuff
                0x20000a70       0x14 CMakeFiles/coded_lock.elf.dir/Core/Src/main.c.obj
                0x20000a70                Uart_RxBuff
 .bss.Uart_RxBuff2
                0x20000a84       0x14 CMakeFiles/coded_lock.elf.dir/Core/Src/main.c.obj
                0x20000a84                Uart_RxBuff2
 .bss.__sbrk_heap_end
                0x20000a98        0x4 CMakeFiles/coded_lock.elf.dir/Core/Src/sysmem.c.obj
 .bss.htim2     0x20000a9c       0x48 CMakeFiles/coded_lock.elf.dir/Core/Src/tim.c.obj
                0x20000a9c                htim2
 .bss.htim3     0x20000ae4       0x48 CMakeFiles/coded_lock.elf.dir/Core/Src/tim.c.obj
                0x20000ae4                htim3
 .bss.htim4     0x20000b2c       0x48 CMakeFiles/coded_lock.elf.dir/Core/Src/tim.c.obj
                0x20000b2c                htim4
 .bss.hdma_usart1_rx
                0x20000b74       0x44 CMakeFiles/coded_lock.elf.dir/Core/Src/usart.c.obj
                0x20000b74                hdma_usart1_rx
 .bss.huart1    0x20000bb8       0x48 CMakeFiles/coded_lock.elf.dir/Core/Src/usart.c.obj
                0x20000bb8                huart1
 .bss.uwTick    0x20000c00        0x4 CMakeFiles/coded_lock.elf.dir/Drivers/STM32F1xx_HAL_Driver/Src/stm32f1xx_hal.c.obj
                0x20000c00                uwTick
 *fill*         0x20000c04        0x4 
 .bss.pFlash    0x20000c08       0x20 CMakeFiles/coded_lock.elf.dir/Drivers/STM32F1xx_HAL_Driver/Src/stm32f1xx_hal_flash.c.obj
                0x20000c08                pFlash
 .bss.Key_list  0x20000c28       0x40 CMakeFiles/coded_lock.elf.dir/UserAPP/Src/KeyScan.c.obj
                0x20000c28                Key_list
 .bss.OLED_Soft_I2C
                0x20000c68        0xc CMakeFiles/coded_lock.elf.dir/UserAPP/Src/OLED.c.obj
                0x20000c68                OLED_Soft_I2C
 .bss.gHuart    0x20000c74        0x4 CMakeFiles/coded_lock.elf.dir/UserAPP/Src/retarget.c.obj
                0x20000c74                gHuart
 .bss.__lock___atexit_recursive_mutex
                0x20000c78        0x1 d:/study/stm32cube/arm-none-eabi-gcc/gcc-arm-none-eabi-10.3-2021.10-win32/gcc-arm-none-eabi-10.3-2021.10/bin/../lib/gcc/arm-none-eabi/10.3.1/../../../../arm-none-eabi/lib/thumb/v7-m/nofp\libg.a(lib_a-lock.o)
                0x20000c78                __lock___atexit_recursive_mutex
 *fill*         0x20000c79        0x3 
 .bss.__lock___malloc_recursive_mutex
                0x20000c7c        0x1 d:/study/stm32cube/arm-none-eabi-gcc/gcc-arm-none-eabi-10.3-2021.10-win32/gcc-arm-none-eabi-10.3-2021.10/bin/../lib/gcc/arm-none-eabi/10.3.1/../../../../arm-none-eabi/lib/thumb/v7-m/nofp\libg.a(lib_a-lock.o)
                0x20000c7c                __lock___malloc_recursive_mutex
 *fill*         0x20000c7d        0x3 
 .bss.__lock___sfp_recursive_mutex
                0x20000c80        0x1 d:/study/stm32cube/arm-none-eabi-gcc/gcc-arm-none-eabi-10.3-2021.10-win32/gcc-arm-none-eabi-10.3-2021.10/bin/../lib/gcc/arm-none-eabi/10.3.1/../../../../arm-none-eabi/lib/thumb/v7-m/nofp\libg.a(lib_a-lock.o)
                0x20000c80                __lock___sfp_recursive_mutex
 *fill*         0x20000c81        0x3 
 .bss.__lock___sinit_recursive_mutex
                0x20000c84        0x1 d:/study/stm32cube/arm-none-eabi-gcc/gcc-arm-none-eabi-10.3-2021.10-win32/gcc-arm-none-eabi-10.3-2021.10/bin/../lib/gcc/arm-none-eabi/10.3.1/../../../../arm-none-eabi/lib/thumb/v7-m/nofp\libg.a(lib_a-lock.o)
                0x20000c84                __lock___sinit_recursive_mutex
 *fill*         0x20000c85        0x3 
 .bss.__malloc_current_mallinfo
                0x20000c88       0x28 d:/study/stm32cube/arm-none-eabi-gcc/gcc-arm-none-eabi-10.3-2021.10-win32/gcc-arm-none-eabi-10.3-2021.10/bin/../lib/gcc/arm-none-eabi/10.3.1/../../../../arm-none-eabi/lib/thumb/v7-m/nofp\libg.a(lib_a-mallocr.o)
                0x20000c88                __malloc_current_mallinfo
 .bss.__malloc_max_sbrked_mem
                0x20000cb0        0x4 d:/study/stm32cube/arm-none-eabi-gcc/gcc-arm-none-eabi-10.3-2021.10-win32/gcc-arm-none-eabi-10.3-2021.10/bin/../lib/gcc/arm-none-eabi/10.3.1/../../../../arm-none-eabi/lib/thumb/v7-m/nofp\libg.a(lib_a-mallocr.o)
                0x20000cb0                __malloc_max_sbrked_mem
 .bss.__malloc_max_total_mem
                0x20000cb4        0x4 d:/study/stm32cube/arm-none-eabi-gcc/gcc-arm-none-eabi-10.3-2021.10-win32/gcc-arm-none-eabi-10.3-2021.10/bin/../lib/gcc/arm-none-eabi/10.3.1/../../../../arm-none-eabi/lib/thumb/v7-m/nofp\libg.a(lib_a-mallocr.o)
                0x20000cb4                __malloc_max_total_mem
 .bss.__malloc_top_pad
                0x20000cb8        0x4 d:/study/stm32cube/arm-none-eabi-gcc/gcc-arm-none-eabi-10.3-2021.10-win32/gcc-arm-none-eabi-10.3-2021.10/bin/../lib/gcc/arm-none-eabi/10.3.1/../../../../arm-none-eabi/lib/thumb/v7-m/nofp\libg.a(lib_a-mallocr.o)
                0x20000cb8                __malloc_top_pad
 .bss.errno     0x20000cbc        0x4 d:/study/stm32cube/arm-none-eabi-gcc/gcc-arm-none-eabi-10.3-2021.10-win32/gcc-arm-none-eabi-10.3-2021.10/bin/../lib/gcc/arm-none-eabi/10.3.1/../../../../arm-none-eabi/lib/thumb/v7-m/nofp\libg.a(lib_a-reent.o)
                0x20000cbc                errno
 *(COMMON)
                0x20000cc0                . = ALIGN (0x4)
                0x20000cc0                _ebss = .
                0x20000cc0                __bss_end__ = _ebss

._user_heap_stack
                0x20000cc0      0x600 load address 0x0800c7dc
                0x20000cc0                . = ALIGN (0x8)
                [!provide]                PROVIDE (end = .)
                0x20000cc0                PROVIDE (_end = .)
                0x20000ec0                . = (. + _Min_Heap_Size)
 *fill*         0x20000cc0      0x200 
                0x200012c0                . = (. + _Min_Stack_Size)
 *fill*         0x20000ec0      0x400 
                0x200012c0                . = ALIGN (0x8)

/DISCARD/
 libc.a(*)
 libm.a(*)
 libgcc.a(*)

.ARM.attributes
                0x00000000       0x29
 *(.ARM.attributes)
 .ARM.attributes
                0x00000000       0x1d d:/study/stm32cube/arm-none-eabi-gcc/gcc-arm-none-eabi-10.3-2021.10-win32/gcc-arm-none-eabi-10.3-2021.10/bin/../lib/gcc/arm-none-eabi/10.3.1/thumb/v7-m/nofp/crti.o
 .ARM.attributes
                0x0000001d       0x2d d:/study/stm32cube/arm-none-eabi-gcc/gcc-arm-none-eabi-10.3-2021.10-win32/gcc-arm-none-eabi-10.3-2021.10/bin/../lib/gcc/arm-none-eabi/10.3.1/thumb/v7-m/nofp/crtbegin.o
 .ARM.attributes
                0x0000004a       0x2d CMakeFiles/coded_lock.elf.dir/Core/Src/dma.c.obj
 .ARM.attributes
                0x00000077       0x2d CMakeFiles/coded_lock.elf.dir/Core/Src/gpio.c.obj
 .ARM.attributes