Archive member included to satisfy reference by file (symbol)

d:/study/stm32cube/arm-none-eabi-gcc/gcc-arm-none-eabi-10.3-2021.10-win32/gcc-arm-none-eabi-10.3-2021.10/bin/../lib/gcc/arm-none-eabi/10.3.1/thumb/v7-m/nofp\libgcc.a(_arm_mulsf3.o)
                              CMakeFiles/TCD1304Derives.elf.dir/Core/Src/Gaussian.c.obj (__aeabi_fmul)
d:/study/stm32cube/arm-none-eabi-gcc/gcc-arm-none-eabi-10.3-2021.10-win32/gcc-arm-none-eabi-10.3-2021.10/bin/../lib/gcc/arm-none-eabi/10.3.1/thumb/v7-m/nofp\libgcc.a(_arm_addsubdf3.o)
                              CMakeFiles/TCD1304Derives.elf.dir/Core/Src/Gaussian.c.obj (__aeabi_i2d)
d:/study/stm32cube/arm-none-eabi-gcc/gcc-arm-none-eabi-10.3-2021.10-win32/gcc-arm-none-eabi-10.3-2021.10/bin/../lib/gcc/arm-none-eabi/10.3.1/thumb/v7-m/nofp\libgcc.a(_arm_muldivdf3.o)
                              CMakeFiles/TCD1304Derives.elf.dir/Core/Src/Gaussian.c.obj (__aeabi_ddiv)
d:/study/stm32cube/arm-none-eabi-gcc/gcc-arm-none-eabi-10.3-2021.10-win32/gcc-arm-none-eabi-10.3-2021.10/bin/../lib/gcc/arm-none-eabi/10.3.1/thumb/v7-m/nofp\libgcc.a(_arm_truncdfsf2.o)
                              CMakeFiles/TCD1304Derives.elf.dir/Core/Src/Gaussian.c.obj (__aeabi_d2f)
d:/study/stm32cube/arm-none-eabi-gcc/gcc-arm-none-eabi-10.3-2021.10-win32/gcc-arm-none-eabi-10.3-2021.10/bin/../lib/gcc/arm-none-eabi/10.3.1/thumb/v7-m/nofp\libgcc.a(_arm_addsubsf3.o)
                              CMakeFiles/TCD1304Derives.elf.dir/Core/Src/Gaussian.c.obj (__aeabi_fsub)
d:/study/stm32cube/arm-none-eabi-gcc/gcc-arm-none-eabi-10.3-2021.10-win32/gcc-arm-none-eabi-10.3-2021.10/bin/../lib/gcc/arm-none-eabi/10.3.1/thumb/v7-m/nofp\libgcc.a(_arm_muldivsf3.o)
                              CMakeFiles/TCD1304Derives.elf.dir/Core/Src/Gaussian.c.obj (__aeabi_fdiv)
d:/study/stm32cube/arm-none-eabi-gcc/gcc-arm-none-eabi-10.3-2021.10-win32/gcc-arm-none-eabi-10.3-2021.10/bin/../lib/gcc/arm-none-eabi/10.3.1/thumb/v7-m/nofp\libgcc.a(_arm_fixsfsi.o)
                              CMakeFiles/TCD1304Derives.elf.dir/Core/Src/main.c.obj (__aeabi_f2iz)
d:/study/stm32cube/arm-none-eabi-gcc/gcc-arm-none-eabi-10.3-2021.10-win32/gcc-arm-none-eabi-10.3-2021.10/bin/../lib/gcc/arm-none-eabi/10.3.1/../../../../arm-none-eabi/lib/thumb/v7-m/nofp\libg.a(lib_a-errno.o)
                              CMakeFiles/TCD1304Derives.elf.dir/Core/Src/syscalls.c.obj (__errno)
d:/study/stm32cube/arm-none-eabi-gcc/gcc-arm-none-eabi-10.3-2021.10-win32/gcc-arm-none-eabi-10.3-2021.10/bin/../lib/gcc/arm-none-eabi/10.3.1/../../../../arm-none-eabi/lib/thumb/v7-m/nofp\libg.a(lib_a-exit.o)
                              d:/study/stm32cube/arm-none-eabi-gcc/gcc-arm-none-eabi-10.3-2021.10-win32/gcc-arm-none-eabi-10.3-2021.10/bin/../lib/gcc/arm-none-eabi/10.3.1/../../../../arm-none-eabi/lib/thumb/v7-m/nofp/crt0.o (exit)
d:/study/stm32cube/arm-none-eabi-gcc/gcc-arm-none-eabi-10.3-2021.10-win32/gcc-arm-none-eabi-10.3-2021.10/bin/../lib/gcc/arm-none-eabi/10.3.1/../../../../arm-none-eabi/lib/thumb/v7-m/nofp\libg.a(lib_a-impure.o)
                              d:/study/stm32cube/arm-none-eabi-gcc/gcc-arm-none-eabi-10.3-2021.10-win32/gcc-arm-none-eabi-10.3-2021.10/bin/../lib/gcc/arm-none-eabi/10.3.1/../../../../arm-none-eabi/lib/thumb/v7-m/nofp\libg.a(lib_a-exit.o) (_global_impure_ptr)
d:/study/stm32cube/arm-none-eabi-gcc/gcc-arm-none-eabi-10.3-2021.10-win32/gcc-arm-none-eabi-10.3-2021.10/bin/../lib/gcc/arm-none-eabi/10.3.1/../../../../arm-none-eabi/lib/thumb/v7-m/nofp\libg.a(lib_a-init.o)
                              d:/study/stm32cube/arm-none-eabi-gcc/gcc-arm-none-eabi-10.3-2021.10-win32/gcc-arm-none-eabi-10.3-2021.10/bin/../lib/gcc/arm-none-eabi/10.3.1/../../../../arm-none-eabi/lib/thumb/v7-m/nofp/crt0.o (__libc_init_array)
d:/study/stm32cube/arm-none-eabi-gcc/gcc-arm-none-eabi-10.3-2021.10-win32/gcc-arm-none-eabi-10.3-2021.10/bin/../lib/gcc/arm-none-eabi/10.3.1/../../../../arm-none-eabi/lib/thumb/v7-m/nofp\libg.a(lib_a-memset.o)
                              d:/study/stm32cube/arm-none-eabi-gcc/gcc-arm-none-eabi-10.3-2021.10-win32/gcc-arm-none-eabi-10.3-2021.10/bin/../lib/gcc/arm-none-eabi/10.3.1/../../../../arm-none-eabi/lib/thumb/v7-m/nofp/crt0.o (memset)
d:/study/stm32cube/arm-none-eabi-gcc/gcc-arm-none-eabi-10.3-2021.10-win32/gcc-arm-none-eabi-10.3-2021.10/bin/../lib/gcc/arm-none-eabi/10.3.1/../../../../arm-none-eabi/lib/thumb/v7-m/nofp\libg.a(lib_a-__call_atexit.o)
                              d:/study/stm32cube/arm-none-eabi-gcc/gcc-arm-none-eabi-10.3-2021.10-win32/gcc-arm-none-eabi-10.3-2021.10/bin/../lib/gcc/arm-none-eabi/10.3.1/../../../../arm-none-eabi/lib/thumb/v7-m/nofp\libg.a(lib_a-exit.o) (__call_exitprocs)
d:/study/stm32cube/arm-none-eabi-gcc/gcc-arm-none-eabi-10.3-2021.10-win32/gcc-arm-none-eabi-10.3-2021.10/bin/../lib/gcc/arm-none-eabi/10.3.1/../../../../arm-none-eabi/lib/thumb/v7-m/nofp\libg.a(lib_a-atexit.o)
[...]
Memory Configuration

Name             Origin             Length             Attributes
RAM              0x20000000         0x00005000         xrw
FLASH            0x08000000         0x00010000         xr
*default*        0x00000000         0xffffffff

Linker script and memory map

LOAD d:/study/stm32cube/arm-none-eabi-gcc/gcc-arm-none-eabi-10.3-2021.10-win32/gcc-arm-none-eabi-10.3-2021.10/bin/../lib/gcc/arm-none-eabi/10.3.1/thumb/v7-m/nofp/crti.o
LOAD d:/study/stm32cube/arm-none-eabi-gcc/gcc-arm-none-eabi-10.3-2021.10-win32/gcc-arm-none-eabi-10.3-2021.10/bin/../lib/gcc/arm-none-eabi/10.3.1/thumb/v7-m/nofp/crtbegin.o
LOAD d:/study/stm32cube/arm-none-eabi-gcc/gcc-arm-none-eabi-10.3-2021.10-win32/gcc-arm-none-eabi-10.3-2021.10/bin/../lib/gcc/arm-none-eabi/10.3.1/../../../../arm-none-eabi/lib/thumb/v7-m/nofp/crt0.o
LOAD CMakeFiles/TCD1304Derives.elf.dir/Core/Src/AHT20.c.obj
LOAD CMakeFiles/TCD1304Derives.elf.dir/Core/Src/Gaussian.c.obj
LOAD CMakeFiles/TCD1304Derives.elf.dir/Core/Src/KeyScan.c.obj
LOAD CMakeFiles/TCD1304Derives.elf.dir/Core/Src/OLED.c.obj
LOAD CMakeFiles/TCD1304Derives.elf.dir/Core/Src/Soft_I2C.c.obj
LOAD CMakeFiles/TCD1304Derives.elf.dir/Core/Src/adc.c.obj
LOAD CMakeFiles/TCD1304Derives.elf.dir/Core/Src/dma.c.obj
LOAD CMakeFiles/TCD1304Derives.elf.dir/Core/Src/gpio.c.obj
LOAD CMakeFiles/TCD1304Derives.elf.dir/Core/Src/main.c.obj
LOAD CMakeFiles/TCD1304Derives.elf.dir/Core/Src/stm32f1xx_hal_msp.c.obj
LOAD CMakeFiles/TCD1304Derives.elf.dir/Core/Src/stm32f1xx_it.c.obj
LOAD CMakeFiles/TCD1304Derives.elf.dir/Core/Src/syscalls.c.obj
LOAD CMakeFiles/TCD1304Derives.elf.dir/Core/Src/sysmem.c.obj
LOAD CMakeFiles/TCD1304Derives.elf.dir/Core/Src/system_stm32f1xx.c.obj
LOAD CMakeFiles/TCD1304Derives.elf.dir/Core/Src/tim.c.obj
LOAD CMakeFiles/TCD1304Derives.elf.dir/Core/Src/usart.c.obj
LOAD CMakeFiles/TCD1304Derives.elf.dir/Core/Startup/startup_stm32f103c8tx.s.obj
LOAD CMakeFiles/TCD1304Derives.elf.dir/Drivers/STM32F1xx_HAL_Driver/Src/stm32f1xx_hal.c.obj
LOAD CMakeFiles/TCD1304Derives.elf.dir/Drivers/STM32F1xx_HAL_Driver/Src/stm32f1xx_hal_adc.c.obj
LOAD CMakeFiles/TCD1304Derives.elf.dir/Drivers/STM32F1xx_HAL_Driver/Src/stm32f1xx_hal_adc_ex.c.obj
LOAD CMakeFiles/TCD1304Derives.elf.dir/Drivers/STM32F1xx_HAL_Driver/Src/stm32f1xx_hal_cortex.c.obj
LOAD CMakeFiles/TCD1304Derives.elf.dir/Drivers/STM32F1xx_HAL_Driver/Src/stm32f1xx_hal_dma.c.obj
LOAD CMakeFiles/TCD1304Derives.elf.dir/Drivers/STM32F1xx_HAL_Driver/Src/stm32f1xx_hal_exti.c.obj
LOAD CMakeFiles/TCD1304Derives.elf.dir/Drivers/STM32F1xx_HAL_Driver/Src/stm32f1xx_hal_flash.c.obj
LOAD CMakeFiles/TCD1304Derives.elf.dir/Drivers/STM32F1xx_HAL_Driver/Src/stm32f1xx_hal_flash_ex.c.obj
LOAD CMakeFiles/TCD1304Derives.elf.dir/Drivers/STM32F1xx_HAL_Driver/Src/stm32f1xx_hal_gpio.c.obj
LOAD CMakeFiles/TCD1304Derives.elf.dir/Drivers/STM32F1xx_HAL_Driver/Src/stm32f1xx_hal_gpio_ex.c.obj
LOAD CMakeFiles/TCD1304Derives.elf.dir/Drivers/STM32F1xx_HAL_Driver/Src/stm32f1xx_hal_pwr.c.obj
LOAD CMakeFiles/TCD1304Derives.elf.dir/Drivers/STM32F1xx_HAL_Driver/Src/stm32f1xx_hal_rcc.c.obj
LOAD CMakeFiles/TCD1304Derives.elf.dir/Drivers/STM32F1xx_HAL_Driver/Src/stm32f1xx_hal_rcc_ex.c.obj
LOAD CMakeFiles/TCD1304Derives.elf.dir/Drivers/STM32F1xx_HAL_Driver/Src/stm32f1xx_hal_tim.c.obj
LOAD CMakeFiles/TCD1304Derives.elf.dir/Drivers/STM32F1xx_HAL_Driver/Src/stm32f1xx_hal_tim_ex.c.obj
LOAD CMakeFiles/TCD1304Derives.elf.dir/Drivers/STM32F1xx_HAL_Driver/Src/stm32f1xx_hal_uart.c.obj
START GROUP
LOAD d:/study/stm32cube/arm-none-eabi-gcc/gcc-arm-none-eabi-10.3-2021.10-win32/gcc-arm-none-eabi-10.3-2021.10/bin/../lib/gcc/arm-none-eabi/10.3.1/thumb/v7-m/nofp\libgcc.a
LOAD d:/study/stm32cube/arm-none-eabi-gcc/gcc-arm-none-eabi-10.3-2021.10-win32/gcc-arm-none-eabi-10.3-2021.10/bin/../lib/gcc/arm-none-eabi/10.3.1/../../../../arm-none-eabi/lib/thumb/v7-m/nofp\libg.a
LOAD d:/study/stm32cube/arm-none-eabi-gcc/gcc-arm-none-eabi-10.3-2021.10-win32/gcc-arm-none-eabi-10.3-2021.10/bin/../lib/gcc/arm-none-eabi/10.3.1/../../../../arm-none-eabi/lib/thumb/v7-m/nofp\libc.a
END GROUP
LOAD d:/study/stm32cube/arm-none-eabi-gcc/gcc-arm-none-eabi-10.3-2021.10-win32/gcc-arm-none-eabi-10.3-2021.10/bin/../lib/gcc/arm-none-eabi/10.3.1/thumb/v7-m/nofp/crtend.o
LOAD d:/study/stm32cube/arm-none-eabi-gcc/gcc-arm-none-eabi-10.3-2021.10-win32/gcc-arm-none-eabi-10.3-2021.10/bin/../lib/gcc/arm-none-eabi/10.3.1/thumb/v7-m/nofp/crtn.o
                0x20005000                _estack = (ORIGIN (RAM) + LENGTH (RAM))
                0x00000200                _Min_Heap_Size = 0x200
                0x00000400                _Min_Stack_Size = 0x400

.isr_vector     0x08000000      0x10c
                0x08000000                . = ALIGN (0x4)
 *(.isr_vector)
 .isr_vector    0x08000000      0x10c CMakeFiles/TCD1304Derives.elf.dir/Core/Startup/startup_stm32f103c8tx.s.obj
                0x08000000                g_pfnVectors
                0x0800010c                . = ALIGN (0x4)

.text           0x0800010c     0x46a0
                0x0800010c                . = ALIGN (0x4)
 *(.text)
 .text          0x0800010c       0x40 d:/study/stm32cube/arm-none-eabi-gcc/gcc-arm-none-eabi-10.3-2021.10-win32/gcc-arm-none-eabi-10.3-2021.10/bin/../lib/gcc/arm-none-eabi/10.3.1/thumb/v7-m/nofp/crtbegin.o
 .text          0x0800014c      0x378 d:/study/stm32cube/arm-none-eabi-gcc/gcc-arm-none-eabi-10.3-2021.10-win32/gcc-arm-none-eabi-10.3-2021.10/bin/../lib/gcc/arm-none-eabi/10.3.1/thumb/v7-m/nofp\libgcc.a(_arm_addsubdf3.o)
                0x0800014c                __aeabi_drsub
                0x08000154                __aeabi_dsub
                0x08000154                __subdf3
                0x08000158                __aeabi_dadd
                0x08000158                __adddf3
                0x080003d0                __floatunsidf
                0x080003d0                __aeabi_ui2d
                0x080003f0                __floatsidf
                0x080003f0                __aeabi_i2d
                0x08000414                __aeabi_f2d
                0x08000414                __extendsfdf2
                0x08000458                __floatundidf
                0x08000458                __aeabi_ul2d
                0x08000468                __floatdidf
                0x08000468                __aeabi_l2d
 .text          0x080004c4      0x424 d:/study/stm32cube/arm-none-eabi-gcc/gcc-arm-none-eabi-10.3-2021.10-win32/gcc-arm-none-eabi-10.3-2021.10/bin/../lib/gcc/arm-none-eabi/10.3.1/thumb/v7-m/nofp\libgcc.a(_arm_muldivdf3.o)
                0x080004c4                __aeabi_dmul
                0x080004c4                __muldf3
                0x08000718                __divdf3
                0x08000718                __aeabi_ddiv
 .text          0x080008e8       0xa0 d:/study/stm32cube/arm-none-eabi-gcc/gcc-arm-none-eabi-10.3-2021.10-win32/gcc-arm-none-eabi-10.3-2021.10/bin/../lib/gcc/arm-none-eabi/10.3.1/thumb/v7-m/nofp\libgcc.a(_arm_truncdfsf2.o)
                0x080008e8                __truncdfsf2
                0x080008e8                __aeabi_d2f
 .text          0x08000988      0x21c d:/study/stm32cube/arm-none-eabi-gcc/gcc-arm-none-eabi-10.3-2021.10-win32/gcc-arm-none-eabi-10.3-2021.10/bin/../lib/gcc/arm-none-eabi/10.3.1/thumb/v7-m/nofp\libgcc.a(_arm_addsubsf3.o)
                0x08000988                __aeabi_frsub
                0x08000990                __subsf3
                0x08000990                __aeabi_fsub
                0x08000994                __aeabi_fadd
                0x08000994                __addsf3
                0x08000af4                __aeabi_ui2f
                0x08000af4                __floatunsisf
                0x08000afc                __aeabi_i2f
                0x08000afc                __floatsisf
                0x08000b18                __aeabi_ul2f
                0x08000b18                __floatundisf
                0x08000b28                __aeabi_l2f
                0x08000b28                __floatdisf
 .text          0x08000ba4      0x2a0 d:/study/stm32cube/arm-none-eabi-gcc/gcc-arm-none-eabi-10.3-2021.10-win32/gcc-arm-none-eabi-10.3-2021.10/bin/../lib/gcc/arm-none-eabi/10.3.1/thumb/v7-m/nofp\libgcc.a(_arm_muldivsf3.o)
                0x08000ba4                __mulsf3
                0x08000ba4                __aeabi_fmul
                0x08000d0c                __aeabi_fdiv
                0x08000d0c                __divsf3
 .text          0x08000e44       0x4c d:/study/stm32cube/arm-none-eabi-gcc/gcc-arm-none-eabi-10.3-2021.10-win32/gcc-arm-none-eabi-10.3-2021.10/bin/../lib/gcc/arm-none-eabi/10.3.1/thumb/v7-m/nofp\libgcc.a(_arm_fixsfsi.o)
                0x08000e44                __aeabi_f2iz
                0x08000e44                __fixsfsi
 .text          0x08000e90       0xec d:/study/stm32cube/arm-none-eabi-gcc/gcc-arm-none-eabi-10.3-2021.10-win32/gcc-arm-none-eabi-10.3-2021.10/bin/../lib/gcc/arm-none-eabi/10.3.1/thumb/v7-m/nofp\libgcc.a(_arm_cmpsf2.o)
                0x08000e90                __gesf2
                0x08000e90                __gtsf2
                0x08000e98                __lesf2
                0x08000e98                __ltsf2
                0x08000ea0                __nesf2
                0x08000ea0                __eqsf2
                0x08000ea0                __cmpsf2
                0x08000f00                __aeabi_cfrcmple
                0x08000f08                __aeabi_cfcmpeq
                0x08000f08                __aeabi_cfcmple
                0x08000f18                __aeabi_fcmpeq
                0x08000f2c                __aeabi_fcmplt
                0x08000f40                __aeabi_fcmple
                0x08000f54                __aeabi_fcmpge
                0x08000f68                __aeabi_fcmpgt
 .text          0x08000f7c       0x2c d:/study/stm32cube/arm-none-eabi-gcc/gcc-arm-none-eabi-10.3-2021.10-win32/gcc-arm-none-eabi-10.3-2021.10/bin/../lib/gcc/arm-none-eabi/10.3.1/thumb/v7-m/nofp\libgcc.a(_arm_unordsf2.o)
                0x08000f7c                __unordsf2
                0x08000f7c                __aeabi_fcmpun
 *(.text*)
 .text.Guassian_Func
                0x08000fa8       0xc4 CMakeFiles/TCD1304Derives.elf.dir/Core/Src/Gaussian.c.obj
                0x08000fa8                Guassian_Func
 .text.Key_GPIO_Init
                0x0800106c       0x28 CMakeFiles/TCD1304Derives.elf.dir/Core/Src/KeyScan.c.obj
                0x0800106c                Key_GPIO_Init
 .text.Key_Init
                0x08001094       0x38 CMakeFiles/TCD1304Derives.elf.dir/Core/Src/KeyScan.c.obj
                0x08001094                Key_Init
 .text.Key_Scan
                0x080010cc       0x3e CMakeFiles/TCD1304Derives.elf.dir/Core/Src/KeyScan.c.obj
                0x080010cc                Key_Scan
 *fill*         0x0800110a        0x2 
 .text.Get_Key1Status
                0x0800110c       0x14 CMakeFiles/TCD1304Derives.elf.dir/Core/Src/KeyScan.c.obj
                0x0800110c                Get_Key1Status
 .text.Get_Key2Status
                0x08001120       0x14 CMakeFiles/TCD1304Derives.elf.dir/Core/Src/KeyScan.c.obj
                0x08001120                Get_Key2Status
 .text.OLED_I2C_Init
                0x08001134       0x44 CMakeFiles/TCD1304Derives.elf.dir/Core/Src/OLED.c.obj
                0x08001134                OLED_I2C_Init
 .text.OLED_WriteCommand
                0x08001178       0x3c CMakeFiles/TCD1304Derives.elf.dir/Core/Src/OLED.c.obj
                0x08001178                OLED_WriteCommand
 .text.OLED_WriteData
                0x080011b4       0x3c CMakeFiles/TCD1304Derives.elf.dir/Core/Src/OLED.c.obj
                0x080011b4                OLED_WriteData
 .text.OLED_SetCursor
                0x080011f0       0x2c CMakeFiles/TCD1304Derives.elf.dir/Core/Src/OLED.c.obj
                0x080011f0                OLED_SetCursor
 .text.OLED_Clear
                0x0800121c       0x34 CMakeFiles/TCD1304Derives.elf.dir/Core/Src/OLED.c.obj
                0x0800121c                OLED_Clear
 .text.OLED_ReDraw
                0x08001250       0x38 CMakeFiles/TCD1304Derives.elf.dir/Core/Src/OLED.c.obj
                0x08001250                OLED_ReDraw
 .text.OLED_ClearBuff
                0x08001288       0x2c CMakeFiles/TCD1304Derives.elf.dir/Core/Src/OLED.c.obj
                0x08001288                OLED_ClearBuff
 .text.OLED_DrawPoint
                0x080012b4       0x24 CMakeFiles/TCD1304Derives.elf.dir/Core/Src/OLED.c.obj
                0x080012b4                OLED_DrawPoint
 .text.OLED_ClearPoint
                0x080012d8       0x24 CMakeFiles/TCD1304Derives.elf.dir/Core/Src/OLED.c.obj
                0x080012d8                OLED_ClearPoint
 .text.OLED_ShowChar
                0x080012fc       0xc4 CMakeFiles/TCD1304Derives.elf.dir/Core/Src/OLED.c.obj
                0x080012fc                OLED_ShowChar
 .text.OLED_ShowString
                0x080013c0       0x3c CMakeFiles/TCD1304Derives.elf.dir/Core/Src/OLED.c.obj
                0x080013c0                OLED_ShowString
 .text.OLED_Pow
                0x080013fc       0x14 CMakeFiles/TCD1304Derives.elf.dir/Core/Src/OLED.c.obj
                0x080013fc                OLED_Pow
 .text.OLED_ShowSignedNum
                0x08001410       0x70 CMakeFiles/TCD1304Derives.elf.dir/Core/Src/OLED.c.obj
                0x08001410                OLED_ShowSignedNum
 .text.OLED_Init
                0x08001480       0xe4 CMakeFiles/TCD1304Derives.elf.dir/Core/Src/OLED.c.obj
                0x08001480                OLED_Init
 .text.Soft_I2C_GPIO_Init
                0x08001564       0x4e CMakeFiles/TCD1304Derives.elf.dir/Core/Src/Soft_I2C.c.obj
                0x08001564                Soft_I2C_GPIO_Init
 .text.SOFT_I2C_Start
                0x080015b2       0x2e CMakeFiles/TCD1304Derives.elf.dir/Core/Src/Soft_I2C.c.obj
                0x080015b2                SOFT_I2C_Start
 .text.SOFT_I2C_Stop
                0x080015e0       0x24 CMakeFiles/TCD1304Derives.elf.dir/Core/Src/Soft_I2C.c.obj
                0x080015e0                SOFT_I2C_Stop
 .text.SOFT_I2C_SendByte
                0x08001604       0x36 CMakeFiles/TCD1304Derives.elf.dir/Core/Src/Soft_I2C.c.obj
                0x08001604                SOFT_I2C_SendByte
 .text.SOFT_I2C_ReceiveAckBit
                0x0800163a       0x30 CMakeFiles/TCD1304Derives.elf.dir/Core/Src/Soft_I2C.c.obj
                0x0800163a                SOFT_I2C_ReceiveAckBit
 *fill*         0x0800166a        0x2 
 .text.MX_ADC1_Init
                0x0800166c       0x58 CMakeFiles/TCD1304Derives.elf.dir/Core/Src/adc.c.obj
                0x0800166c                MX_ADC1_Init
 .text.HAL_ADC_MspInit
                0x080016c4       0x9c CMakeFiles/TCD1304Derives.elf.dir/Core/Src/adc.c.obj
                0x080016c4                HAL_ADC_MspInit
 .text.MX_DMA_Init
                0x08001760       0x78 CMakeFiles/TCD1304Derives.elf.dir/Core/Src/dma.c.obj
                0x08001760                MX_DMA_Init
 .text.MX_GPIO_Init
                0x080017d8       0x68 CMakeFiles/TCD1304Derives.elf.dir/Core/Src/gpio.c.obj
                0x080017d8                MX_GPIO_Init
 .text.HAL_ADC_ConvCpltCallback
                0x08001840       0x48 CMakeFiles/TCD1304Derives.elf.dir/Core/Src/main.c.obj
                0x08001840                HAL_ADC_ConvCpltCallback
 .text.HAL_UART_TxCpltCallback
                0x08001888       0x3c CMakeFiles/TCD1304Derives.elf.dir/Core/Src/main.c.obj
                0x08001888                HAL_UART_TxCpltCallback
 .text.OLED_ShowCCD_Status
                0x080018c4       0x58 CMakeFiles/TCD1304Derives.elf.dir/Core/Src/main.c.obj
                0x080018c4                OLED_ShowCCD_Status
 .text.CCD_GetData
                0x0800191c       0x54 CMakeFiles/TCD1304Derives.elf.dir/Core/Src/main.c.obj
                0x0800191c                CCD_GetData
 .text.Get_Err  0x08001970       0x46 CMakeFiles/TCD1304Derives.elf.dir/Core/Src/main.c.obj
                0x08001970                Get_Err
 .text.Error_Handler
                0x080019b6        0x4 CMakeFiles/TCD1304Derives.elf.dir/Core/Src/main.c.obj
                0x080019b6                Error_Handler
 .text.SystemClock_Config
                0x080019ba       0x84 CMakeFiles/TCD1304Derives.elf.dir/Core/Src/main.c.obj
                0x080019ba                SystemClock_Config
 *fill*         0x08001a3e        0x2 
 .text.main     0x08001a40      0x190 CMakeFiles/TCD1304Derives.elf.dir/Core/Src/main.c.obj
                0x08001a40                main
 .text.HAL_MspInit
                0x08001bd0       0x44 CMakeFiles/TCD1304Derives.elf.dir/Core/Src/stm32f1xx_hal_msp.c.obj
                0x08001bd0                HAL_MspInit
 .text.NMI_Handler
                0x08001c14        0x2 CMakeFiles/TCD1304Derives.elf.dir/Core/Src/stm32f1xx_it.c.obj
                0x08001c14                NMI_Handler
 .text.HardFault_Handler
                0x08001c16        0x2 CMakeFiles/TCD1304Derives.elf.dir/Core/Src/stm32f1xx_it.c.obj
                0x08001c16                HardFault_Handler
 .text.MemManage_Handler
                0x08001c18        0x2 CMakeFiles/TCD1304Derives.elf.dir/Core/Src/stm32f1xx_it.c.obj
                0x08001c18                MemManage_Handler
 .text.BusFault_Handler
                0x08001c1a        0x2 CMakeFiles/TCD1304Derives.elf.dir/Core/Src/stm32f1xx_it.c.obj
                0x08001c1a                BusFault_Handler
 .text.UsageFault_Handler
                0x08001c1c        0x2 CMakeFiles/TCD1304Derives.elf.dir/Core/Src/stm32f1xx_it.c.obj
                0x08001c1c                UsageFault_Handler
 .text.SVC_Handler
                0x08001c1e        0x2 CMakeFiles/TCD1304Derives.elf.dir/Core/Src/stm32f1xx_it.c.obj
                0x08001c1e                SVC_Handler
 .text.DebugMon_Handler
                0x08001c20        0x2 CMakeFiles/TCD1304Derives.elf.dir/Core/Src/stm32f1xx_it.c.obj
                0x08001c20                DebugMon_Handler
 .text.PendSV_Handler
                0x08001c22        0x2 CMakeFiles/TCD1304Derives.elf.dir/Core/Src/stm32f1xx_it.c.obj
                0x08001c22                PendSV_Handler
 .text.SysTick_Handler
                0x08001c24        0x8 CMakeFiles/TCD1304Derives.elf.dir/Core/Src/stm32f1xx_it.c.obj
                0x08001c24                SysTick_Handler
 .text.DMA1_Channel1_IRQHandler
                0x08001c2c       0x10 CMakeFiles/TCD1304Derives.elf.dir/Core/Src/stm32f1xx_it.c.obj
                0x08001c2c                DMA1_Channel1_IRQHandler
 .text.DMA1_Channel4_IRQHandler
                0x08001c3c       0x10 CMakeFiles/TCD1304Derives.elf.dir/Core/Src/stm32f1xx_it.c.obj
                0x08001c3c                DMA1_Channel4_IRQHandler
 .text.USART1_IRQHandler
                0x08001c4c       0x10 CMakeFiles/TCD1304Derives.elf.dir/Core/Src/stm32f1xx_it.c.obj
                0x08001c4c                USART1_IRQHandler
 .text.SystemInit
                0x08001c5c        0x2 CMakeFiles/TCD1304Derives.elf.dir/Core/Src/system_stm32f1xx.c.obj
                0x08001c5c                SystemInit
 *fill*         0x08001c5e        0x2 
 .text.MX_TIM4_Init
                0x08001c60       0xa8 CMakeFiles/TCD1304Derives.elf.dir/Core/Src/tim.c.obj
                0x08001c60                MX_TIM4_Init
 .text.HAL_TIM_Base_MspInit
                0x08001d08       0x88 CMakeFiles/TCD1304Derives.elf.dir/Core/Src/tim.c.obj
                0x08001d08                HAL_TIM_Base_MspInit
 .text.HAL_TIM_MspPostInit
                0x08001d90       0xb4 CMakeFiles/TCD1304Derives.elf.dir/Core/Src/tim.c.obj
                0x08001d90                HAL_TIM_MspPostInit
 .text.MX_TIM1_Init
                0x08001e44       0xfc CMakeFiles/TCD1304Derives.elf.dir/Core/Src/tim.c.obj
                0x08001e44                MX_TIM1_Init
 .text.MX_TIM2_Init
                0x08001f40       0xa8 CMakeFiles/TCD1304Derives.elf.dir/Core/Src/tim.c.obj
                0x08001f40                MX_TIM2_Init
 .text.MX_TIM3_Init
                0x08001fe8       0xc0 CMakeFiles/TCD1304Derives.elf.dir/Core/Src/tim.c.obj
                0x08001fe8                MX_TIM3_Init
 .text.MX_USART1_UART_Init
                0x080020a8       0x34 CMakeFiles/TCD1304Derives.elf.dir/Core/Src/usart.c.obj
                0x080020a8                MX_USART1_UART_Init
 .text.HAL_UART_MspInit
                0x080020dc       0xbc CMakeFiles/TCD1304Derives.elf.dir/Core/Src/usart.c.obj
                0x080020dc                HAL_UART_MspInit
 .text.Reset_Handler
                0x08002198       0x48 CMakeFiles/TCD1304Derives.elf.dir/Core/Startup/startup_stm32f103c8tx.s.obj
                0x08002198                Reset_Handler
 .text.Default_Handler
                0x080021e0        0x2 CMakeFiles/TCD1304Derives.elf.dir/Core/Startup/startup_stm32f103c8tx.s.obj
                0x080021e0                RTC_Alarm_IRQHandler
                0x080021e0                EXTI2_IRQHandler
                0x080021e0                TIM1_CC_IRQHandler
                0x080021e0                PVD_IRQHandler
                0x080021e0                EXTI3_IRQHandler
                0x080021e0                EXTI0_IRQHandler
                0x080021e0                I2C2_EV_IRQHandler
                0x080021e0                ADC1_2_IRQHandler
                0x080021e0                SPI1_IRQHandler
                0x080021e0                TAMPER_IRQHandler
                0x080021e0                USART3_IRQHandler
                0x080021e0                RTC_IRQHandler
                0x080021e0                DMA1_Channel7_IRQHandler
                0x080021e0                CAN1_RX1_IRQHandler
                0x080021e0                TIM4_IRQHandler
                0x080021e0                I2C1_EV_IRQHandler
                0x080021e0                DMA1_Channel6_IRQHandler
                0x080021e0                TIM3_IRQHandler
                0x080021e0                RCC_IRQHandler
                0x080021e0                TIM1_TRG_COM_IRQHandler
                0x080021e0                Default_Handler
                0x080021e0                EXTI15_10_IRQHandler
                0x080021e0                EXTI9_5_IRQHandler
                0x080021e0                SPI2_IRQHandler
                0x080021e0                DMA1_Channel5_IRQHandler
                0x080021e0                EXTI4_IRQHandler
                0x080021e0                USB_LP_CAN1_RX0_IRQHandler
                0x080021e0                USB_HP_CAN1_TX_IRQHandler
                0x080021e0                DMA1_Channel3_IRQHandler
                0x080021e0                TIM1_UP_IRQHandler
                0x080021e0                WWDG_IRQHandler
                0x080021e0                TIM2_IRQHandler
                0x080021e0                TIM1_BRK_IRQHandler
                0x080021e0                EXTI1_IRQHandler
                0x080021e0                USART2_IRQHandler
                0x080021e0                I2C2_ER_IRQHandler
                0x080021e0                DMA1_Channel2_IRQHandler
                0x080021e0                CAN1_SCE_IRQHandler
                0x080021e0                FLASH_IRQHandler
                0x080021e0                I2C1_ER_IRQHandler
                0x080021e0                USBWakeUp_IRQHandler
 *fill*         0x080021e2        0x2 
 .text.HAL_InitTick
                0x080021e4       0x4c CMakeFiles/TCD1304Derives.elf.dir/Drivers/STM32F1xx_HAL_Driver/Src/stm32f1xx_hal.c.obj
                0x080021e4                HAL_InitTick
 .text.HAL_Init
                0x08002230       0x24 CMakeFiles/TCD1304Derives.elf.dir/Drivers/STM32F1xx_HAL_Driver/Src/stm32f1xx_hal.c.obj
                0x08002230                HAL_Init
 .text.HAL_IncTick
                0x08002254       0x18 CMakeFiles/TCD1304Derives.elf.dir/Drivers/STM32F1xx_HAL_Driver/Src/stm32f1xx_hal.c.obj
                0x08002254                HAL_IncTick
 .text.HAL_GetTick
                0x0800226c        0xc CMakeFiles/TCD1304Derives.elf.dir/Drivers/STM32F1xx_HAL_Driver/Src/stm32f1xx_hal.c.obj
                0x0800226c                HAL_GetTick
 .text.HAL_Delay
                0x08002278       0x28 CMakeFiles/TCD1304Derives.elf.dir/Drivers/STM32F1xx_HAL_Driver/Src/stm32f1xx_hal.c.obj
                0x08002278                HAL_Delay
 .text.ADC_DMAConvCplt
                0x080022a0       0x52 CMakeFiles/TCD1304Derives.elf.dir/Drivers/STM32F1xx_HAL_Driver/Src/stm32f1xx_hal_adc.c.obj
                0x080022a0                ADC_DMAConvCplt
 .text.HAL_ADC_ConvHalfCpltCallback
                0x080022f2        0x2 CMakeFiles/TCD1304Derives.elf.dir/Drivers/STM32F1xx_HAL_Driver/Src/stm32f1xx_hal_adc.c.obj
                0x080022f2                HAL_ADC_ConvHalfCpltCallback
 .text.ADC_DMAHalfConvCplt
                0x080022f4        0xa CMakeFiles/TCD1304Derives.elf.dir/Drivers/STM32F1xx_HAL_Driver/Src/stm32f1xx_hal_adc.c.obj
                0x080022f4                ADC_DMAHalfConvCplt
 .text.HAL_ADC_ErrorCallback
                0x080022fe        0x2 CMakeFiles/TCD1304Derives.elf.dir/Drivers/STM32F1xx_HAL_Driver/Src/stm32f1xx_hal_adc.c.obj
                0x080022fe                HAL_ADC_ErrorCallback
 .text.ADC_DMAError
                0x08002300       0x1a CMakeFiles/TCD1304Derives.elf.dir/Drivers/STM32F1xx_HAL_Driver/Src/stm32f1xx_hal_adc.c.obj
                0x08002300                ADC_DMAError
 *fill*         0x0800231a        0x2 
 .text.HAL_ADC_ConfigChannel
                0x0800231c      0x144 CMakeFiles/TCD1304Derives.elf.dir/Drivers/STM32F1xx_HAL_Driver/Src/stm32f1xx_hal_adc.c.obj
                0x0800231c                HAL_ADC_ConfigChannel
 .text.ADC_Enable
                0x08002460       0x88 CMakeFiles/TCD1304Derives.elf.dir/Drivers/STM32F1xx_HAL_Driver/Src/stm32f1xx_hal_adc.c.obj
                0x08002460                ADC_Enable
 .text.HAL_ADC_Start_DMA
                0x080024e8      0x130 CMakeFiles/TCD1304Derives.elf.dir/Drivers/STM32F1xx_HAL_Driver/Src/stm32f1xx_hal_adc.c.obj
                0x080024e8                HAL_ADC_Start_DMA
 .text.ADC_ConversionStop_Disable
                0x08002618       0x56 CMakeFiles/TCD1304Derives.elf.dir/Drivers/STM32F1xx_HAL_Driver/Src/stm32f1xx_hal_adc.c.obj
                0x08002618                ADC_ConversionStop_Disable
 *fill*         0x0800266e        0x2 
 .text.HAL_ADC_Init
                0x08002670      0x108 CMakeFiles/TCD1304Derives.elf.dir/Drivers/STM32F1xx_HAL_Driver/Src/stm32f1xx_hal_adc.c.obj
                0x08002670                HAL_ADC_Init
 .text.HAL_NVIC_SetPriorityGrouping
                0x08002778       0x24 CMakeFiles/TCD1304Derives.elf.dir/Drivers/STM32F1xx_HAL_Driver/Src/stm32f1xx_hal_cortex.c.obj
                0x08002778                HAL_NVIC_SetPriorityGrouping
 .text.HAL_NVIC_SetPriority
                0x0800279c       0x70 CMakeFiles/TCD1304Derives.elf.dir/Drivers/STM32F1xx_HAL_Driver/Src/stm32f1xx_hal_cortex.c.obj
                0x0800279c                HAL_NVIC_SetPriority
 .text.HAL_NVIC_EnableIRQ
                0x0800280c       0x1c CMakeFiles/TCD1304Derives.elf.dir/Drivers/STM32F1xx_HAL_Driver/Src/stm32f1xx_hal_cortex.c.obj
                0x0800280c                HAL_NVIC_EnableIRQ
 .text.HAL_SYSTICK_Config
                0x08002828       0x28 CMakeFiles/TCD1304Derives.elf.dir/Drivers/STM32F1xx_HAL_Driver/Src/stm32f1xx_hal_cortex.c.obj
                0x08002828                HAL_SYSTICK_Config
 .text.DMA_SetConfig
                0x08002850       0x2c CMakeFiles/TCD1304Derives.elf.dir/Drivers/STM32F1xx_HAL_Driver/Src/stm32f1xx_hal_dma.c.obj
 .text.HAL_DMA_Init
                0x0800287c       0x6c CMakeFiles/TCD1304Derives.elf.dir/Drivers/STM32F1xx_HAL_Driver/Src/stm32f1xx_hal_dma.c.obj
                0x0800287c                HAL_DMA_Init
 .text.HAL_DMA_Start
                0x080028e8       0x52 CMakeFiles/TCD1304Derives.elf.dir/Drivers/STM32F1xx_HAL_Driver/Src/stm32f1xx_hal_dma.c.obj
                0x080028e8                HAL_DMA_Start
 .text.HAL_DMA_Start_IT
                0x0800293a       0x76 CMakeFiles/TCD1304Derives.elf.dir/Drivers/STM32F1xx_HAL_Driver/Src/stm32f1xx_hal_dma.c.obj
                0x0800293a                HAL_DMA_Start_IT
 .text.HAL_DMA_Abort
                0x080029b0       0x46 CMakeFiles/TCD1304Derives.elf.dir/Drivers/STM32F1xx_HAL_Driver/Src/stm32f1xx_hal_dma.c.obj
                0x080029b0                HAL_DMA_Abort
 *fill*         0x080029f6        0x2 
 .text.HAL_DMA_Abort_IT
                0x080029f8       0x98 CMakeFiles/TCD1304Derives.elf.dir/Drivers/STM32F1xx_HAL_Driver/Src/stm32f1xx_hal_dma.c.obj
                0x080029f8                HAL_DMA_Abort_IT
 .text.HAL_DMA_IRQHandler
                0x08002a90      0x144 CMakeFiles/TCD1304Derives.elf.dir/Drivers/STM32F1xx_HAL_Driver/Src/stm32f1xx_hal_dma.c.obj
                0x08002a90                HAL_DMA_IRQHandler
 .text.HAL_GPIO_Init
                0x08002bd4      0x224 CMakeFiles/TCD1304Derives.elf.dir/Drivers/STM32F1xx_HAL_Driver/Src/stm32f1xx_hal_gpio.c.obj
                0x08002bd4                HAL_GPIO_Init
 .text.HAL_GPIO_ReadPin
                0x08002df8        0xe CMakeFiles/TCD1304Derives.elf.dir/Drivers/STM32F1xx_HAL_Driver/Src/stm32f1xx_hal_gpio.c.obj
                0x08002df8                HAL_GPIO_ReadPin
 .text.HAL_GPIO_WritePin
                0x08002e06        0xc CMakeFiles/TCD1304Derives.elf.dir/Drivers/STM32F1xx_HAL_Driver/Src/stm32f1xx_hal_gpio.c.obj
                0x08002e06                HAL_GPIO_WritePin
 *fill*         0x08002e12        0x2 
 .text.RCC_Delay
                0x08002e14       0x2c CMakeFiles/TCD1304Derives.elf.dir/Drivers/STM32F1xx_HAL_Driver/Src/stm32f1xx_hal_rcc.c.obj
 .text.HAL_RCC_OscConfig
                0x08002e40      0x410 CMakeFiles/TCD1304Derives.elf.dir/Drivers/STM32F1xx_HAL_Driver/Src/stm32f1xx_hal_rcc.c.obj
                0x08002e40                HAL_RCC_OscConfig
 .text.HAL_RCC_GetSysClockFreq
                0x08003250       0x54 CMakeFiles/TCD1304Derives.elf.dir/Drivers/STM32F1xx_HAL_Driver/Src/stm32f1xx_hal_rcc.c.obj
                0x08003250                HAL_RCC_GetSysClockFreq
 .text.HAL_RCC_ClockConfig
                0x080032a4      0x16c CMakeFiles/TCD1304Derives.elf.dir/Drivers/STM32F1xx_HAL_Driver/Src/stm32f1xx_hal_rcc.c.obj
                0x080032a4                HAL_RCC_ClockConfig
 .text.HAL_RCC_GetHCLKFreq
                0x08003410        0xc CMakeFiles/TCD1304Derives.elf.dir/Drivers/STM32F1xx_HAL_Driver/Src/stm32f1xx_hal_rcc.c.obj
                0x08003410                HAL_RCC_GetHCLKFreq
 .text.HAL_RCC_GetPCLK1Freq
                0x0800341c       0x20 CMakeFiles/TCD1304Derives.elf.dir/Drivers/STM32F1xx_HAL_Driver/Src/stm32f1xx_hal_rcc.c.obj
                0x0800341c                HAL_RCC_GetPCLK1Freq
 .text.HAL_RCC_GetPCLK2Freq
                0x0800343c       0x20 CMakeFiles/TCD1304Derives.elf.dir/Drivers/STM32F1xx_HAL_Driver/Src/stm32f1xx_hal_rcc.c.obj
                0x0800343c                HAL_RCC_GetPCLK2Freq
 .text.HAL_RCCEx_PeriphCLKConfig
                0x0800345c      0x118 CMakeFiles/TCD1304Derives.elf.dir/Drivers/STM32F1xx_HAL_Driver/Src/stm32f1xx_hal_rcc_ex.c.obj
                0x0800345c                HAL_RCCEx_PeriphCLKConfig
 .text.TIM_OC1_SetConfig
                0x08003574       0x5c CMakeFiles/TCD1304Derives.elf.dir/Drivers/STM32F1xx_HAL_Driver/Src/stm32f1xx_hal_tim.c.obj
 .text.TIM_OC3_SetConfig
                0x080035d0       0x64 CMakeFiles/TCD1304Derives.elf.dir/Drivers/STM32F1xx_HAL_Driver/Src/stm32f1xx_hal_tim.c.obj
 .text.TIM_OC4_SetConfig
                0x08003634       0x48 CMakeFiles/TCD1304Derives.elf.dir/Drivers/STM32F1xx_HAL_Driver/Src/stm32f1xx_hal_tim.c.obj
 .text.TIM_TI1_ConfigInputStage
                0x0800367c       0x24 CMakeFiles/TCD1304Derives.elf.dir/Drivers/STM32F1xx_HAL_Driver/Src/stm32f1xx_hal_tim.c.obj
 .text.TIM_TI2_ConfigInputStage
                0x080036a0       0x26 CMakeFiles/TCD1304Derives.elf.dir/Drivers/STM32F1xx_HAL_Driver/Src/stm32f1xx_hal_tim.c.obj
 .text.TIM_ITRx_SetConfig
                0x080036c6       0x10 CMakeFiles/TCD1304Derives.elf.dir/Drivers/STM32F1xx_HAL_Driver/Src/stm32f1xx_hal_tim.c.obj
 .text.HAL_TIM_PWM_MspInit
                0x080036d6        0x2 CMakeFiles/TCD1304Derives.elf.dir/Drivers/STM32F1xx_HAL_Driver/Src/stm32f1xx_hal_tim.c.obj
                0x080036d6                HAL_TIM_PWM_MspInit
 .text.HAL_TIM_OnePulse_MspInit
                0x080036d8        0x2 CMakeFiles/TCD1304Derives.elf.dir/Drivers/STM32F1xx_HAL_Driver/Src/stm32f1xx_hal_tim.c.obj
                0x080036d8                HAL_TIM_OnePulse_MspInit
 *fill*         0x080036da        0x2 
 .text.TIM_Base_SetConfig
                0x080036dc       0x74 CMakeFiles/TCD1304Derives.elf.dir/Drivers/STM32F1xx_HAL_Driver/Src/stm32f1xx_hal_tim.c.obj
                0x080036dc                TIM_Base_SetConfig
 .text.HAL_TIM_Base_Init
                0x08003750       0x58 CMakeFiles/TCD1304Derives.elf.dir/Drivers/STM32F1xx_HAL_Driver/Src/stm32f1xx_hal_tim.c.obj
                0x08003750                HAL_TIM_Base_Init
 .text.HAL_TIM_PWM_Init
                0x080037a8       0x58 CMakeFiles/TCD1304Derives.elf.dir/Drivers/STM32F1xx_HAL_Driver/Src/stm32f1xx_hal_tim.c.obj
                0x080037a8                HAL_TIM_PWM_Init
 .text.HAL_TIM_OnePulse_Init
                0x08003800       0x5c CMakeFiles/TCD1304Derives.elf.dir/Drivers/STM32F1xx_HAL_Driver/Src/stm32f1xx_hal_tim.c.obj
                0x08003800                HAL_TIM_OnePulse_Init
 .text.TIM_OC2_SetConfig
                0x0800385c       0x64 CMakeFiles/TCD1304Derives.elf.dir/Drivers/STM32F1xx_HAL_Driver/Src/stm32f1xx_hal_tim.c.obj
                0x0800385c                TIM_OC2_SetConfig
 .text.HAL_TIM_PWM_ConfigChannel
                0x080038c0       0xdc CMakeFiles/TCD1304Derives.elf.dir/Drivers/STM32F1xx_HAL_Driver/Src/stm32f1xx_hal_tim.c.obj
                0x080038c0                HAL_TIM_PWM_ConfigChannel
 .text.TIM_ETR_SetConfig
                0x0800399c       0x18 CMakeFiles/TCD1304Derives.elf.dir/Drivers/STM32F1xx_HAL_Driver/Src/stm32f1xx_hal_tim.c.obj
                0x0800399c                TIM_ETR_SetConfig
 .text.HAL_TIM_ConfigClockSource
                0x080039b4       0xfe CMakeFiles/TCD1304Derives.elf.dir/Drivers/STM32F1xx_HAL_Driver/Src/stm32f1xx_hal_tim.c.obj
                0x080039b4                HAL_TIM_ConfigClockSource
 .text.TIM_CCxChannelCmd
                0x08003ab2       0x1e CMakeFiles/TCD1304Derives.elf.dir/Drivers/STM32F1xx_HAL_Driver/Src/stm32f1xx_hal_tim.c.obj
                0x08003ab2                TIM_CCxChannelCmd
 .text.HAL_TIM_PWM_Start
                0x08003ad0       0xdc CMakeFiles/TCD1304Derives.elf.dir/Drivers/STM32F1xx_HAL_Driver/Src/stm32f1xx_hal_tim.c.obj
                0x08003ad0                HAL_TIM_PWM_Start
 .text.HAL_TIM_OnePulse_Start
                0x08003bac       0x78 CMakeFiles/TCD1304Derives.elf.dir/Drivers/STM32F1xx_HAL_Driver/Src/stm32f1xx_hal_tim.c.obj
                0x08003bac                HAL_TIM_OnePulse_Start
 .text.HAL_TIMEx_MasterConfigSynchronization
                0x08003c24       0x6c CMakeFiles/TCD1304Derives.elf.dir/Drivers/STM32F1xx_HAL_Driver/Src/stm32f1xx_hal_tim_ex.c.obj
                0x08003c24                HAL_TIMEx_MasterConfigSynchronization
 .text.HAL_TIMEx_ConfigBreakDeadTime
                0x08003c90       0x52 CMakeFiles/TCD1304Derives.elf.dir/Drivers/STM32F1xx_HAL_Driver/Src/stm32f1xx_hal_tim_ex.c.obj
                0x08003c90                HAL_TIMEx_ConfigBreakDeadTime
 .text.UART_EndTxTransfer
                0x08003ce2       0x20 CMakeFiles/TCD1304Derives.elf.dir/Drivers/STM32F1xx_HAL_Driver/Src/stm32f1xx_hal_uart.c.obj
 .text.UART_EndRxTransfer
                0x08003d02       0x5c CMakeFiles/TCD1304Derives.elf.dir/Drivers/STM32F1xx_HAL_Driver/Src/stm32f1xx_hal_uart.c.obj
 .text.UART_Transmit_IT
                0x08003d5e       0x60 CMakeFiles/TCD1304Derives.elf.dir/Drivers/STM32F1xx_HAL_Driver/Src/stm32f1xx_hal_uart.c.obj
 *fill*         0x08003dbe        0x2 
 .text.UART_SetConfig
                0x08003dc0       0x94 CMakeFiles/TCD1304Derives.elf.dir/Drivers/STM32F1xx_HAL_Driver/Src/stm32f1xx_hal_uart.c.obj
 .text.UART_WaitOnFlagUntilTimeout
                0x08003e54       0x88 CMakeFiles/TCD1304Derives.elf.dir/Drivers/STM32F1xx_HAL_Driver/Src/stm32f1xx_hal_uart.c.obj
 .text.HAL_UART_Init
                0x08003edc       0x60 CMakeFiles/TCD1304Derives.elf.dir/Drivers/STM32F1xx_HAL_Driver/Src/stm32f1xx_hal_uart.c.obj
                0x08003edc                HAL_UART_Init
 .text.HAL_UART_Transmit
                0x08003f3c       0xbe CMakeFiles/TCD1304Derives.elf.dir/Drivers/STM32F1xx_HAL_Driver/Src/stm32f1xx_hal_uart.c.obj
                0x08003f3c                HAL_UART_Transmit
 *fill*         0x08003ffa        0x2 
 .text.HAL_UART_Transmit_DMA
                0x08003ffc       0x84 CMakeFiles/TCD1304Derives.elf.dir/Drivers/STM32F1xx_HAL_Driver/Src/stm32f1xx_hal_uart.c.obj
                0x08003ffc                HAL_UART_Transmit_DMA
 .text.UART_DMATransmitCplt
                0x08004080       0x4c CMakeFiles/TCD1304Derives.elf.dir/Drivers/STM32F1xx_HAL_Driver/Src/stm32f1xx_hal_uart.c.obj
 .text.UART_EndTransmit_IT
                0x080040cc       0x1a CMakeFiles/TCD1304Derives.elf.dir/Drivers/STM32F1xx_HAL_Driver/Src/stm32f1xx_hal_uart.c.obj
 .text.HAL_UART_TxHalfCpltCallback
                0x080040e6        0x2 CMakeFiles/TCD1304Derives.elf.dir/Drivers/STM32F1xx_HAL_Driver/Src/stm32f1xx_hal_uart.c.obj
                0x080040e6                HAL_UART_TxHalfCpltCallback
 .text.UART_DMATxHalfCplt
                0x080040e8        0xa CMakeFiles/TCD1304Derives.elf.dir/Drivers/STM32F1xx_HAL_Driver/Src/stm32f1xx_hal_uart.c.obj
 .text.HAL_UART_RxCpltCallback
                0x080040f2        0x2 CMakeFiles/TCD1304Derives.elf.dir/Drivers/STM32F1xx_HAL_Driver/Src/stm32f1xx_hal_uart.c.obj
                0x080040f2                HAL_UART_RxCpltCallback
 .text.HAL_UART_ErrorCallback
                0x080040f4        0x2 CMakeFiles/TCD1304Derives.elf.dir/Drivers/STM32F1xx_HAL_Driver/Src/stm32f1xx_hal_uart.c.obj
                0x080040f4                HAL_UART_ErrorCallback
 .text.UART_DMAError
                0x080040f6       0x58 CMakeFiles/TCD1304Derives.elf.dir/Drivers/STM32F1xx_HAL_Driver/Src/stm32f1xx_hal_uart.c.obj
 .text.UART_DMAAbortOnError
                0x0800414e       0x10 CMakeFiles/TCD1304Derives.elf.dir/Drivers/STM32F1xx_HAL_Driver/Src/stm32f1xx_hal_uart.c.obj
 .text.HAL_UARTEx_RxEventCallback
                0x0800415e        0x2 CMakeFiles/TCD1304Derives.elf.dir/Drivers/STM32F1xx_HAL_Driver/Src/stm32f1xx_hal_uart.c.obj
                0x0800415e                HAL_UARTEx_RxEventCallback
 .text.UART_Receive_IT
                0x08004160       0xe6 CMakeFiles/TCD1304Derives.elf.dir/Drivers/STM32F1xx_HAL_Driver/Src/stm32f1xx_hal_uart.c.obj
 *fill*         0x08004246        0x2 
 .text.HAL_UART_IRQHandler
                0x08004248      0x288 CMakeFiles/TCD1304Derives.elf.dir/Drivers/STM32F1xx_HAL_Driver/Src/stm32f1xx_hal_uart.c.obj
                0x08004248                HAL_UART_IRQHandler
 .text.__errno  0x080044d0        0xc d:/study/stm32cube/arm-none-eabi-gcc/gcc-arm-none-eabi-10.3-2021.10-win32/gcc-arm-none-eabi-10.3-2021.10/bin/../lib/gcc/arm-none-eabi/10.3.1/../../../../arm-none-eabi/lib/thumb/v7-m/nofp\libg.a(lib_a-errno.o)
                0x080044d0                __errno
 .text.__libc_init_array
                0x080044dc       0x48 d:/study/stm32cube/arm-none-eabi-gcc/gcc-arm-none-eabi-10.3-2021.10-win32/gcc-arm-none-eabi-10.3-2021.10/bin/../lib/gcc/arm-none-eabi/10.3.1/../../../../arm-none-eabi/lib/thumb/v7-m/nofp\libg.a(lib_a-init.o)
                0x080044dc                __libc_init_array
 .text.memset   0x08004524       0xa4 d:/study/stm32cube/arm-none-eabi-gcc/gcc-arm-none-eabi-10.3-2021.10-win32/gcc-arm-none-eabi-10.3-2021.10/bin/../lib/gcc/arm-none-eabi/10.3.1/../../../../arm-none-eabi/lib/thumb/v7-m/nofp\libg.a(lib_a-memset.o)
                0x08004524                memset
 .text.startup.register_fini
                0x080045c8       0x14 d:/study/stm32cube/arm-none-eabi-gcc/gcc-arm-none-eabi-10.3-2021.10-win32/gcc-arm-none-eabi-10.3-2021.10/bin/../lib/gcc/arm-none-eabi/10.3.1/../../../../arm-none-eabi/lib/thumb/v7-m/nofp\libg.a(lib_a-__call_atexit.o)
 .text.atexit   0x080045dc        0xc d:/study/stm32cube/arm-none-eabi-gcc/gcc-arm-none-eabi-10.3-2021.10-win32/gcc-arm-none-eabi-10.3-2021.10/bin/../lib/gcc/arm-none-eabi/10.3.1/../../../../arm-none-eabi/lib/thumb/v7-m/nofp\libg.a(lib_a-atexit.o)
                0x080045dc                atexit
 .text.__libc_fini_array
                0x080045e8       0x2c d:/study/stm32cube/arm-none-eabi-gcc/gcc-arm-none-eabi-10.3-2021.10-win32/gcc-arm-none-eabi-10.3-2021.10/bin/../lib/gcc/arm-none-eabi/10.3.1/../../../../arm-none-eabi/lib/thumb/v7-m/nofp\libg.a(lib_a-fini.o)
                0x080045e8                __libc_fini_array
 .text.__retarget_lock_acquire_recursive
                0x08004614        0x4 d:/study/stm32cube/arm-none-eabi-gcc/gcc-arm-none-eabi-10.3-2021.10-win32/gcc-arm-none-eabi-10.3-2021.10/bin/../lib/gcc/arm-none-eabi/10.3.1/../../../../arm-none-eabi/lib/thumb/v7-m/nofp\libg.a(lib_a-lock.o)
                0x08004614                __retarget_lock_acquire_recursive
 .text.__retarget_lock_release_recursive
                0x08004618        0x4 d:/study/stm32cube/arm-none-eabi-gcc/gcc-arm-none-eabi-10.3-2021.10-win32/gcc-arm-none-eabi-10.3-2021.10/bin/../lib/gcc/arm-none-eabi/10.3.1/../../../../arm-none-eabi/lib/thumb/v7-m/nofp\libg.a(lib_a-lock.o)
                0x08004618                __retarget_lock_release_recursive
 .text.__register_exitproc
                0x0800461c       0x8c d:/study/stm32cube/arm-none-eabi-gcc/gcc-arm-none-eabi-10.3-2021.10-win32/gcc-arm-none-eabi-10.3-2021.10/bin/../lib/gcc/arm-none-eabi/10.3.1/../../../../arm-none-eabi/lib/thumb/v7-m/nofp\libg.a(lib_a-__atexit.o)
                0x0800461c                __register_exitproc
 .text.sqrtf    0x080046a8       0x3c d:/study/stm32cube/arm-none-eabi-gcc/gcc-arm-none-eabi-10.3-2021.10-win32/gcc-arm-none-eabi-10.3-2021.10/bin/../lib/gcc/arm-none-eabi/10.3.1/../../../../arm-none-eabi/lib/thumb/v7-m/nofp\libm.a(lib_a-wf_sqrt.o)
                0x080046a8                sqrtf
 .text.__ieee754_sqrtf
                0x080046e4       0xb0 d:/study/stm32cube/arm-none-eabi-gcc/gcc-arm-none-eabi-10.3-2021.10-win32/gcc-arm-none-eabi-10.3-2021.10/bin/../lib/gcc/arm-none-eabi/10.3.1/../../../../arm-none-eabi/lib/thumb/v7-m/nofp\libm.a(lib_a-ef_sqrt.o)
                0x080046e4                __ieee754_sqrtf
 *(.glue_7)
 .glue_7        0x08004794        0x0 linker stubs
 *(.glue_7t)
 .glue_7t       0x08004794        0x0 linker stubs
 *(.eh_frame)
 .eh_frame      0x08004794        0x0 d:/study/stm32cube/arm-none-eabi-gcc/gcc-arm-none-eabi-10.3-2021.10-win32/gcc-arm-none-eabi-10.3-2021.10/bin/../lib/gcc/arm-none-eabi/10.3.1/thumb/v7-m/nofp/crtbegin.o
 *(.init)
 .init          0x08004794        0x4 d:/study/stm32cube/arm-none-eabi-gcc/gcc-arm-none-eabi-10.3-2021.10-win32/gcc-arm-none-eabi-10.3-2021.10/bin/../lib/gcc/arm-none-eabi/10.3.1/thumb/v7-m/nofp/crti.o
                0x08004794                _init
 .init          0x08004798        0x8 d:/study/stm32cube/arm-none-eabi-gcc/gcc-arm-none-eabi-10.3-2021.10-win32/gcc-arm-none-eabi-10.3-2021.10/bin/../lib/gcc/arm-none-eabi/10.3.1/thumb/v7-m/nofp/crtn.o
 *(.fini)
 .fini          0x080047a0        0x4 d:/study/stm32cube/arm-none-eabi-gcc/gcc-arm-none-eabi-10.3-2021.10-win32/gcc-arm-none-eabi-10.3-2021.10/bin/../lib/gcc/arm-none-eabi/10.3.1/thumb/v7-m/nofp/crti.o
                0x080047a0                _fini
 .fini          0x080047a4        0x8 d:/study/stm32cube/arm-none-eabi-gcc/gcc-arm-none-eabi-10.3-2021.10-win32/gcc-arm-none-eabi-10.3-2021.10/bin/../lib/gcc/arm-none-eabi/10.3.1/thumb/v7-m/nofp/crtn.o
                0x080047ac                . = ALIGN (0x4)
                0x080047ac                _etext = .

.vfp11_veneer   0x080047ac        0x0
 .vfp11_veneer  0x080047ac        0x0 linker stubs

.v4_bx          0x080047ac        0x0
 .v4_bx         0x080047ac        0x0 linker stubs

.iplt           0x080047ac        0x0
 .iplt          0x080047ac        0x0 d:/study/stm32cube/arm-none-eabi-gcc/gcc-arm-none-eabi-10.3-2021.10-win32/gcc-arm-none-eabi-10.3-2021.10/bin/../lib/gcc/arm-none-eabi/10.3.1/thumb/v7-m/nofp/crtbegin.o

.rodata         0x080047ac     0x1830
                0x080047ac                . = ALIGN (0x4)
 *(.rodata)
 *(.rodata*)
 .rodata.ASCII_1206
                0x080047ac      0x474 CMakeFiles/TCD1304Derives.elf.dir/Core/Src/OLED.c.obj
                0x080047ac                ASCII_1206
 .rodata.ASCII_1608
                0x08004c20      0x5f0 CMakeFiles/TCD1304Derives.elf.dir/Core/Src/OLED.c.obj
                0x08004c20                ASCII_1608
 .rodata.ASCII_2412
                0x08005210      0xd5c CMakeFiles/TCD1304Derives.elf.dir/Core/Src/OLED.c.obj
                0x08005210                ASCII_2412
 .rodata.HAL_UART_TxCpltCallback.str1.4
                0x08005f6c       0x1e CMakeFiles/TCD1304Derives.elf.dir/Core/Src/main.c.obj
 *fill*         0x08005f8a        0x2 
 .rodata.OLED_ShowCCD_Status.str1.4
                0x08005f8c       0x1e CMakeFiles/TCD1304Derives.elf.dir/Core/Src/main.c.obj
 *fill*         0x08005faa        0x2 
 .rodata.AHBPrescTable
                0x08005fac       0x10 CMakeFiles/TCD1304Derives.elf.dir/Core/Src/system_stm32f1xx.c.obj
                0x08005fac                AHBPrescTable
 .rodata.APBPrescTable
                0x08005fbc        0x8 CMakeFiles/TCD1304Derives.elf.dir/Core/Src/system_stm32f1xx.c.obj
                0x08005fbc                APBPrescTable
 .rodata.aPLLMULFactorTable.1
                0x08005fc4       0x10 CMakeFiles/TCD1304Derives.elf.dir/Drivers/STM32F1xx_HAL_Driver/Src/stm32f1xx_hal_rcc.c.obj
 .rodata.aPredivFactorTable.0
                0x08005fd4        0x2 CMakeFiles/TCD1304Derives.elf.dir/Drivers/STM32F1xx_HAL_Driver/Src/stm32f1xx_hal_rcc.c.obj
 *fill*         0x08005fd6        0x2 
 .rodata._global_impure_ptr
                0x08005fd8        0x4 d:/study/stm32cube/arm-none-eabi-gcc/gcc-arm-none-eabi-10.3-2021.10-win32/gcc-arm-none-eabi-10.3-2021.10/bin/../lib/gcc/arm-none-eabi/10.3.1/../../../../arm-none-eabi/lib/thumb/v7-m/nofp\libg.a(lib_a-impure.o)
                0x08005fd8                _global_impure_ptr
                0x08005fdc                . = ALIGN (0x4)

.rel.dyn        0x08005fdc        0x0
 .rel.iplt      0x08005fdc        0x0 d:/study/stm32cube/arm-none-eabi-gcc/gcc-arm-none-eabi-10.3-2021.10-win32/gcc-arm-none-eabi-10.3-2021.10/bin/../lib/gcc/arm-none-eabi/10.3.1/thumb/v7-m/nofp/crtbegin.o

.ARM.extab      0x08005fdc        0x0
                0x08005fdc                . = ALIGN (0x4)
 *(.ARM.extab* .gnu.linkonce.armextab.*)
                0x08005fdc                . = ALIGN (0x4)

.ARM            0x08005fdc        0x0
                0x08005fdc                . = ALIGN (0x4)
                0x08005fdc                __exidx_start = .
 *(.ARM.exidx*)
                0x08005fdc                __exidx_end = .
                0x08005fdc                . = ALIGN (0x4)

.preinit_array  0x08005fdc        0x0
                0x08005fdc                . = ALIGN (0x4)
                0x08005fdc                PROVIDE (__preinit_array_start = .)
 *(.preinit_array*)
                0x08005fdc                PROVIDE (__preinit_array_end = .)
                0x08005fdc                . = ALIGN (0x4)

.init_array     0x08005fdc        0x8
                0x08005fdc                . = ALIGN (0x4)
                0x08005fdc                PROVIDE (__init_array_start = .)
 *(SORT_BY_NAME(.init_array.*))
 .init_array.00000
                0x08005fdc        0x4 d:/study/stm32cube/arm-none-eabi-gcc/gcc-arm-none-eabi-10.3-2021.10-win32/gcc-arm-none-eabi-10.3-2021.10/bin/../lib/gcc/arm-none-eabi/10.3.1/../../../../arm-none-eabi/lib/thumb/v7-m/nofp\libg.a(lib_a-__call_atexit.o)
 *(.init_array*)
 .init_array    0x08005fe0        0x4 d:/study/stm32cube/arm-none-eabi-gcc/gcc-arm-none-eabi-10.3-2021.10-win32/gcc-arm-none-eabi-10.3-2021.10/bin/../lib/gcc/arm-none-eabi/10.3.1/thumb/v7-m/nofp/crtbegin.o
                0x08005fe4                PROVIDE (__init_array_end = .)
                0x08005fe4                . = ALIGN (0x4)

.fini_array     0x08005fe4        0x4
                0x08005fe4                . = ALIGN (0x4)
                0x08005fe4                PROVIDE (__fini_array_start = .)
 *(SORT_BY_NAME(.fini_array.*))
 *(.fini_array*)
 .fini_array    0x08005fe4        0x4 d:/study/stm32cube/arm-none-eabi-gcc/gcc-arm-none-eabi-10.3-2021.10-win32/gcc-arm-none-eabi-10.3-2021.10/bin/../lib/gcc/arm-none-eabi/10.3.1/thumb/v7-m/nofp/crtbegin.o
                0x08005fe8                PROVIDE (__fini_array_end = .)
                0x08005fe8                . = ALIGN (0x4)
                0x08005fe8                _sidata = LOADADDR (.data)

.data           0x20000000      0x43c load address 0x08005fe8
                0x20000000                . = ALIGN (0x4)
                0x20000000                _sdata = .
 *(.data)
 *(.data*)
 .data.SystemCoreClock
                0x20000000        0x4 CMakeFiles/TCD1304Derives.elf.dir/Core/Src/system_stm32f1xx.c.obj
                0x20000000                SystemCoreClock
 .data.uwTickFreq
                0x20000004        0x1 CMakeFiles/TCD1304Derives.elf.dir/Drivers/STM32F1xx_HAL_Driver/Src/stm32f1xx_hal.c.obj
                0x20000004                uwTickFreq
 *fill*         0x20000005        0x3 
 .data.uwTickPrio
                0x20000008        0x4 CMakeFiles/TCD1304Derives.elf.dir/Drivers/STM32F1xx_HAL_Driver/Src/stm32f1xx_hal.c.obj
                0x20000008                uwTickPrio
 .data._impure_ptr
                0x2000000c        0x4 d:/study/stm32cube/arm-none-eabi-gcc/gcc-arm-none-eabi-10.3-2021.10-win32/gcc-arm-none-eabi-10.3-2021.10/bin/../lib/gcc/arm-none-eabi/10.3.1/../../../../arm-none-eabi/lib/thumb/v7-m/nofp\libg.a(lib_a-impure.o)
                0x2000000c                _impure_ptr
 .data.impure_data
                0x20000010      0x428 d:/study/stm32cube/arm-none-eabi-gcc/gcc-arm-none-eabi-10.3-2021.10-win32/gcc-arm-none-eabi-10.3-2021.10/bin/../lib/gcc/arm-none-eabi/10.3.1/../../../../arm-none-eabi/lib/thumb/v7-m/nofp\libg.a(lib_a-impure.o)
 .data.__atexit_recursive_mutex
                0x20000438        0x4 d:/study/stm32cube/arm-none-eabi-gcc/gcc-arm-none-eabi-10.3-2021.10-win32/gcc-arm-none-eabi-10.3-2021.10/bin/../lib/gcc/arm-none-eabi/10.3.1/../../../../arm-none-eabi/lib/thumb/v7-m/nofp\libg.a(lib_a-__call_atexit.o)
                0x20000438                __atexit_recursive_mutex
 *(.RamFunc)
 *(.RamFunc*)
                0x2000043c                . = ALIGN (0x4)
                0x2000043c                _edata = .

.igot.plt       0x2000043c        0x0 load address 0x08006424
 .igot.plt      0x2000043c        0x0 d:/study/stm32cube/arm-none-eabi-gcc/gcc-arm-none-eabi-10.3-2021.10-win32/gcc-arm-none-eabi-10.3-2021.10/bin/../lib/gcc/arm-none-eabi/10.3.1/thumb/v7-m/nofp/crtbegin.o
                0x2000043c                . = ALIGN (0x4)

.bss            0x2000043c     0x4258 load address 0x08006424
                0x2000043c                _sbss = .
                0x2000043c                __bss_start__ = _sbss
 *(.bss)
 .bss           0x2000043c       0x1c d:/study/stm32cube/arm-none-eabi-gcc/gcc-arm-none-eabi-10.3-2021.10-win32/gcc-arm-none-eabi-10.3-2021.10/bin/../lib/gcc/arm-none-eabi/10.3.1/thumb/v7-m/nofp/crtbegin.o
 *(.bss*)
 .bss.Key1      0x20000458        0xc CMakeFiles/TCD1304Derives.elf.dir/Core/Src/KeyScan.c.obj
                0x20000458                Key1
 .bss.Key2      0x20000464        0xc CMakeFiles/TCD1304Derives.elf.dir/Core/Src/KeyScan.c.obj
                0x20000464                Key2
 .bss.OLED_GRAM
                0x20000470      0x400 CMakeFiles/TCD1304Derives.elf.dir/Core/Src/OLED.c.obj
                0x20000470                OLED_GRAM
 .bss.OLED_Soft_I2C
                0x20000870        0xc CMakeFiles/TCD1304Derives.elf.dir/Core/Src/OLED.c.obj
                0x20000870                OLED_Soft_I2C
 .bss.hadc1     0x2000087c       0x30 CMakeFiles/TCD1304Derives.elf.dir/Core/Src/adc.c.obj
                0x2000087c                hadc1
 .bss.hdma_adc1
                0x200008ac       0x44 CMakeFiles/TCD1304Derives.elf.dir/Core/Src/adc.c.obj
                0x200008ac                hdma_adc1
 .bss.hdma_memtomem_dma1_channel2
                0x200008f0       0x44 CMakeFiles/TCD1304Derives.elf.dir/Core/Src/dma.c.obj
                0x200008f0                hdma_memtomem_dma1_channel2
 .bss.BaselineGaussian
                0x20000934       0x18 CMakeFiles/TCD1304Derives.elf.dir/Core/Src/main.c.obj
                0x20000934                BaselineGaussian
 .bss.CCD_DataBUff
                0x2000094c     0x1db0 CMakeFiles/TCD1304Derives.elf.dir/Core/Src/main.c.obj
                0x2000094c                CCD_DataBUff
 .bss.CCD_Status
                0x200026fc        0x1 CMakeFiles/TCD1304Derives.elf.dir/Core/Src/main.c.obj
                0x200026fc                CCD_Status
 .bss.DMA_FLAG  0x200026fd        0x1 CMakeFiles/TCD1304Derives.elf.dir/Core/Src/main.c.obj
                0x200026fd                DMA_FLAG
 *fill*         0x200026fe        0x2 
 .bss.ErrGaussian
                0x20002700       0x18 CMakeFiles/TCD1304Derives.elf.dir/Core/Src/main.c.obj
                0x20002700                ErrGaussian
 .bss.TestLiquidGaussian
                0x20002718       0x18 CMakeFiles/TCD1304Derives.elf.dir/Core/Src/main.c.obj
                0x20002718                TestLiquidGaussian
 .bss.Uart_CCD_DataBUff
                0x20002730     0x1db0 CMakeFiles/TCD1304Derives.elf.dir/Core/Src/main.c.obj
                0x20002730                Uart_CCD_DataBUff
 .bss.htim1     0x200044e0       0x48 CMakeFiles/TCD1304Derives.elf.dir/Core/Src/tim.c.obj
                0x200044e0                htim1
 .bss.htim2     0x20004528       0x48 CMakeFiles/TCD1304Derives.elf.dir/Core/Src/tim.c.obj
                0x20004528                htim2
 .bss.htim3     0x20004570       0x48 CMakeFiles/TCD1304Derives.elf.dir/Core/Src/tim.c.obj
                0x20004570                htim3
 .bss.htim4     0x200045b8       0x48 CMakeFiles/TCD1304Derives.elf.dir/Core/Src/tim.c.obj
                0x200045b8                htim4
 .bss.hdma_usart1_tx
                0x20004600       0x44 CMakeFiles/TCD1304Derives.elf.dir/Core/Src/usart.c.obj
                0x20004600                hdma_usart1_tx
 .bss.huart1    0x20004644       0x48 CMakeFiles/TCD1304Derives.elf.dir/Core/Src/usart.c.obj
                0x20004644                huart1
 .bss.uwTick    0x2000468c        0x4 CMakeFiles/TCD1304Derives.elf.dir/Drivers/STM32F1xx_HAL_Driver/Src/stm32f1xx_hal.c.obj
                0x2000468c                uwTick
 .bss.__lock___atexit_recursive_mutex
                0x20004690        0x1 d:/study/stm32cube/arm-none-eabi-gcc/gcc-arm-none-eabi-10.3-2021.10-win32/gcc-arm-none-eabi-10.3-2021.10/bin/../lib/gcc/arm-none-eabi/10.3.1/../../../../arm-none-eabi/lib/thumb/v7-m/nofp\libg.a(lib_a-lock.o)
                0x20004690                __lock___atexit_recursive_mutex
 *(COMMON)
                0x20004694                . = ALIGN (0x4)
 *fill*         0x20004691        0x3 
                0x20004694                _ebss = .
                0x20004694                __bss_end__ = _ebss

._user_heap_stack
                0x20004694      0x604 load address 0x08006424
                0x20004698                . = ALIGN (0x8)
 *fill*         0x20004694        0x4 
                [!provide]                PROVIDE (end = .)
                0x20004698                PROVIDE (_end = .)
                0x20004898                . = (. + _Min_Heap_Size)
 *fill*         0x20004698      0x200 
                0x20004c98                . = (. + _Min_Stack_Size)
 *fill*         0x20004898      0x400 
                0x20004c98                . = ALIGN (0x8)

/DISCARD/
 libc.a(*)
 libm.a(*)
 libgcc.a(*)

.ARM.attributes
                0x00000000       0x29
 *(.ARM.attributes)
 .ARM.attributes
                0x00000000       0x1d d:/study/stm32cube/arm-none-eabi-gcc/gcc-arm-none-eabi-10.3-2021.10-win32/gcc-arm-none-eabi-10.3-2021.10/bin/../lib/gcc/arm-none-eabi/10.3.1/thumb/v7-m/nofp/crti.o
 .ARM.attributes
                0x0000001d       0x2d d:/study/stm32cube/arm-none-eabi-gcc/gcc-arm-none-eabi-10.3-2021.10-win32/gcc-arm-none-eabi-10.3-2021.10/bin/../lib/gcc/arm-none-eabi/10.3.1/thumb/v7-m/nofp/crtbegin.o
 .ARM.attributes
                0x0000004a       0x2d CMakeFiles/TCD1304Derives.elf.dir/Core/Src/Gaussian.c.obj
 .ARM.attributes
                0x00000077       0x2d CMakeFiles/TCD1304Derives.elf.dir/Core/Src/KeyScan.c.obj
 .ARM.attributes
                0x000000a4       0x2d CMakeFiles/TCD1304Derives.elf.dir/Core/Src/OLED.c.obj
 .ARM.attributes
                0x000000d1       0x2d CMakeFiles/TCD1304Derives.elf.dir/Core/Src/Soft_I2C.c.obj
 .ARM.attributes
                0x000000fe       0x2d CMakeFiles/TCD1304Derives.elf.dir/Core/Src/adc.c.obj
 .ARM.attributes
                0x0000012b       0x2d CMakeFiles/TCD1304Derives.elf.dir/Core/Src/dma.c.obj
 .ARM.attributes
                0x00000158       0x2d CMakeFiles/TCD1304Derives.elf.dir/Core/Src/gpio.c.obj
 .ARM.attributes
                0x00000185       0x2d CMakeFiles/TCD1304Derives.elf.dir/Core/Src/main.c.obj
 .ARM.attributes
                0x000001b2       0x2d CMakeFiles/TCD1304Derives.elf.dir/Core/Src/stm32f1xx_hal_msp.c.obj
 .ARM.attributes
                0x000001df       0x2d CMakeFiles/TCD1304Derives.elf.dir/Core/Src/stm32f1xx_it.c.obj
 .ARM.attributes
                0x0000020c       0x2d CMakeFiles/TCD1304Derives.elf.dir/Core/Src/system_stm32f1xx.c.obj
 .ARM.attributes
                0x00000239       0x2d CMakeFiles/TCD1304Derives.elf.dir/Core/Src/tim.c.obj
 .ARM.attributes
                0x00000266       0x2d CMakeFiles/TCD1304Derives.elf.dir/Core/Src/usart.c.obj
 .ARM.attributes
                0x00000293       0x21 CMakeFiles/TCD1304Derives.elf.dir/Core/Startup/startup_stm32f103c8tx.s.obj
 .ARM.attributes
                0x000002b4       0x2d CMakeFiles/TCD1304Derives.elf.dir/Drivers/STM32F1xx_HAL_Driver/Src/stm32f1xx_hal.c.obj
 .ARM.attributes
                0x000002e1       0x2d CMakeFiles/TCD1304Derives.elf.dir/Drivers/STM32F1xx_HAL_Driver/Src/stm32f1xx_hal_adc.c.obj
 .ARM.attributes
                0x0000030e       0x2d CMakeFiles/TCD1304Derives.elf.dir/Drivers/STM32F1xx_HAL_Driver/Src/stm32f1xx_hal_cortex.c.obj
 .ARM.attributes
                0x0000033b       0x2d CMakeFiles/TCD1304Derives.elf.dir/Drivers/STM32F1xx_HAL_Driver/Src/stm32f1xx_hal_dma.c.obj
 .ARM.attributes
                0x00000368       0x2d CMakeFiles/TCD1304Derives.elf.dir/Drivers/STM32F1xx_HAL_Driver/Src/stm32f1xx_hal_gpio.c.obj
 .ARM.attributes
                0x00000395       0x2d CMakeFiles/TCD1304Derives.elf.dir/Drivers/STM32F1xx_HAL_Driver/Src/stm32f1xx_hal_rcc.c.obj
 .ARM.attributes
                0x000003c2       0x2d CMakeFiles/TCD1304Derives.elf.dir/Drivers/STM32F1xx_HAL_Driver/Src/stm32f1xx_hal_rcc_ex.c.obj
 .ARM.attributes
                0x000003ef       0x2d CMakeFiles/TCD1304Derives.elf.dir/Drivers/STM32F1xx_HAL_Driver/Src/stm32f1xx_hal_tim.c.obj
 .ARM.attributes
                0x0000041c       0x2d CMakeFiles/TCD1304Derives.elf.dir/Drivers/STM32F1xx_HAL_Driver/Src/stm32f1xx_hal_tim_ex.c.obj
 .ARM.attributes
                0x00000449       0x2d CMakeFiles/TCD1304Derives.elf.dir/Drivers/STM32F1xx_HAL_Driver/Src/stm32f1xx_hal_uart.c.obj
 .ARM.attributes
                0x00000476       0x1d d:/study/stm32cube/arm-none-eabi-gcc/gcc-arm-none-eabi-10.3-2021.10-win32/gcc-arm-none-eabi-10.3-2021.10/bin/../lib/gcc/arm-none-eabi/10.3.1/thumb/v7-m/nofp\libgcc.a(_arm_addsubdf3.o)
 .ARM.attributes
                0x00000493       0x1d d:/study/stm32cube/arm-none-eabi-gcc/gcc-arm-none-eabi-10.3-2021.10-win32/gcc-arm-none-eabi-10.3-2021.10/bin/../lib/gcc/arm-none-eabi/10.3.1/thumb/v7-m/nofp\libgcc.a(_arm_muldivdf3.o)
 .ARM.attributes
                0x000004b0       0x1d d:/study/stm32cube/arm-none-eabi-gcc/gcc-arm-none-eabi-10.3-2021.10-win32/gcc-arm-none-eabi-10.3-2021.10/bin/../lib/gcc/arm-none-eabi/10.3.1/thumb/v7-m/nofp\libgcc.a(_arm_truncdfsf2.o)
 .ARM.attributes
                0x000004cd       0x1d d:/study/stm32cube/arm-none-eabi-gcc/gcc-arm-none-eabi-10.3-2021.10-win32/gcc-arm-none-eabi-10.3-2021.10/bin/../lib/gcc/arm-none-eabi/10.3.1/thumb/v7-m/nofp\libgcc.a(_arm_addsubsf3.o)
 .ARM.attributes
                0x000004ea       0x1d d:/study/stm32cube/arm-none-eabi-gcc/gcc-arm-none-eabi-10.3-2021.10-win32/gcc-arm-none-eabi-10.3-2021.10/bin/../lib/gcc/arm-none-eabi/10.3.1/thumb/v7-m/nofp\libgcc.a(_arm_muldivsf3.o)
 .ARM.attributes
                0x00000507       0x1d d:/study/stm32cube/arm-none-eabi-gcc/gcc-arm-none-eabi-10.3-2021.10-win32/gcc-arm-none-eabi-10.3-2021.10/bin/../lib/gcc/arm-none-eabi/10.3.1/thumb/v7-m/nofp\libgcc.a(_arm_fixsfsi.o)
 .ARM.attributes
                0x00000524       0x2d d:/study/stm32cube/arm-none-eabi-gcc/gcc-arm-none-eabi-10.3-2021.10-win32/gcc-arm-none-eabi-10.3-2021.10/bin/../lib/gcc/arm-none-eabi/10.3.1/../../../../arm-none-eabi/lib/thumb/v7-m/nofp\libg.a(lib_a-errno.o)
 .ARM.attributes
                0x00000551       0x2d d:/study/stm32cube/arm-none-eabi-gcc/gcc-arm-none-eabi-10.3-2021.10-win32/gcc-arm-none-eabi-10.3-2021.10/bin/../lib/gcc/arm-none-eabi/10.3.1/../../../../arm-none-eabi/lib/thumb/v7-m/nofp\libg.a(lib_a-impure.o)
 .ARM.attributes
                0x0000057e       0x2d d:/study/stm32cube/arm-none-eabi-gcc/gcc-arm-none-eabi-10.3-2021.10-win32/gcc-arm-none-eabi-10.3-2021.10/bin/../lib/gcc/arm-none-eabi/10.3.1/../../../../arm-none-eabi/lib/thumb/v7-m/nofp\libg.a(lib_a-init.o)
 .ARM.attributes
                0x000005ab       0x2d d:/study/stm32cube/arm-none-eabi-gcc/gcc-arm-none-eabi-10.3-2021.10-win32/gcc-arm-none-eabi-10.3-2021.10/bin/../lib/gcc/arm-none-eabi/10.3.1/../../../../arm-none-eabi/lib/thumb/v7-m/nofp\libg.a(lib_a-memset.o)
 .ARM.attributes
                0x000005d8       0x2d d:/study/stm32cube/arm-none-eabi-gcc/gcc-arm-none-eabi-10.3-2021.10-win32/gcc-arm-none-eabi-10.3-2021.10/bin/../lib/gcc/arm-none-eabi/10.3.1/../../../../arm-none-eabi/lib/thumb/v7-m/nofp\libg.a(lib_a-__call_atexit.o)
 .ARM.attributes
                0x00000605       0x2d d:/study/stm32cube/arm-none-eabi-gcc/gcc-arm-none-eabi-10.3-2021.10-win32/gcc-arm-none-eabi-10.3-2021.10/bin/../lib/gcc/arm-none-eabi/10.3.1/../../../../arm-none-eabi/lib/thumb/v7-m/nofp\libg.a(lib_a-atexit.o)
 .ARM.attributes
                0x00000632       0x2d d:/study/stm32cube/arm-none-eabi-gcc/gcc-arm-none-eabi-10.3-2021.10-win32/gcc-arm-none-eabi-10.3-2021.10/bin/../lib/gcc/arm-none-eabi/10.3.1/../../../../arm-none-eabi/lib/thumb/v7-m/nofp\libg.a(lib_a-fini.o)
 .ARM.attributes
                0x0000065f       0x2d d:/study/stm32cube/arm-none-eabi-gcc/gcc-arm-none-eabi-10.3-2021.10-win32/gcc-arm-none-eabi-10.3-2021.10/bin/../lib/gcc/arm-none-eabi/10.3.1/../../../../arm-none-eabi/lib/thumb/v7-m/nofp\libg.a(lib_a-lock.o)
 .ARM.attributes
                0x0000068c       0x2d d:/study/stm32cube/arm-none-eabi-gcc/gcc-arm-none-eabi-10.3-2021.10-win32/gcc-arm-none-eabi-10.3-2021.10/bin/../lib/gcc/arm-none-eabi/10.3.1/../../../../arm-none-eabi/lib/thumb/v7-m/nofp\libg.a(lib_a-__atexit.o)
 .ARM.attributes
                0x000006b9       0x1d d:/study/stm32cube/arm-none-eabi-gcc/gcc-arm-none-eabi-10.3-2021.10-win32/gcc-arm-none-eabi-10.3-2021.10/bin/../lib/gcc/arm-none-eabi/10.3.1/thumb/v7-m/nofp/crtn.o
OUTPUT(TCD1304Derives.elf elf32-littlearm)
LOAD linker stubs
LOAD d:/study/stm32cube/arm-none-eabi-gcc/gcc-arm-none-eabi-10.3-2021.10-win32/gcc-arm-none-eabi-10.3-2021.10/bin/../lib/gcc/arm-none-eabi/10.3.1/../../../../arm-none-eabi/lib/thumb/v7-m/nofp\libc.a
LOAD d:/study/stm32cube/arm-none-eabi-gcc/gcc-arm-none-eabi-10.3-2021.10-win32/gcc-arm-none-eabi-10.3-2021.10/bin/../lib/gcc/arm-none-eabi/10.3.1/../../../../arm-none-eabi/lib/thumb/v7-m/nofp\libm.a
LOAD d:/study/stm32cube/arm-none-eabi-gcc/gcc-arm-none-eabi-10.3-2021.10-win32/gcc-arm-none-eabi-10.3-2021.10/bin/../lib/gcc/arm-none-eabi/10.3.1/thumb/v7-m/nofp\libgcc.a

.debug_info     0x00000000    0x14def
 .debug_info    0x00000000      0x296 CMakeFiles/TCD1304Derives.elf.dir/Core/Src/Gaussian.c.obj
 .debug_info    0x00000296      0x396 CMakeFiles/TCD1304Derives.elf.dir/Core/Src/KeyScan.c.obj
 .debug_info    0x0000062c     0x1883 CMakeFiles/TCD1304Derives.elf.dir/Core/Src/OLED.c.obj
 .debug_info    0x00001eaf      0x68d CMakeFiles/TCD1304Derives.elf.dir/Core/Src/Soft_I2C.c.obj
 .debug_info    0x0000253c      0x8bd CMakeFiles/TCD1304Derives.elf.dir/Core/Src/adc.c.obj
 .debug_info    0x00002df9      0x5d1 CMakeFiles/TCD1304Derives.elf.dir/Core/Src/dma.c.obj
 .debug_info    0x000033ca      0x2b1 CMakeFiles/TCD1304Derives.elf.dir/Core/Src/gpio.c.obj
 .debug_info    0x0000367b     0x158a CMakeFiles/TCD1304Derives.elf.dir/Core/Src/main.c.obj
 .debug_info    0x00004c05      0x211 CMakeFiles/TCD1304Derives.elf.dir/Core/Src/stm32f1xx_hal_msp.c.obj
 .debug_info    0x00004e16      0x6b1 CMakeFiles/TCD1304Derives.elf.dir/Core/Src/stm32f1xx_it.c.obj
 .debug_info    0x000054c7      0x248 CMakeFiles/TCD1304Derives.elf.dir/Core/Src/system_stm32f1xx.c.obj
 .debug_info    0x0000570f     0x108c CMakeFiles/TCD1304Derives.elf.dir/Core/Src/tim.c.obj
 .debug_info    0x0000679b      0xa64 CMakeFiles/TCD1304Derives.elf.dir/Core/Src/usart.c.obj
 .debug_info    0x000071ff       0x22 CMakeFiles/TCD1304Derives.elf.dir/Core/Startup/startup_stm32f103c8tx.s.obj
 .debug_info    0x00007221      0x7a8 CMakeFiles/TCD1304Derives.elf.dir/Drivers/STM32F1xx_HAL_Driver/Src/stm32f1xx_hal.c.obj
 .debug_info    0x000079c9      0xf3f CMakeFiles/TCD1304Derives.elf.dir/Drivers/STM32F1xx_HAL_Driver/Src/stm32f1xx_hal_adc.c.obj
 .debug_info    0x00008908      0xd8a CMakeFiles/TCD1304Derives.elf.dir/Drivers/STM32F1xx_HAL_Driver/Src/stm32f1xx_hal_cortex.c.obj
 .debug_info    0x00009692      0x84b CMakeFiles/TCD1304Derives.elf.dir/Drivers/STM32F1xx_HAL_Driver/Src/stm32f1xx_hal_dma.c.obj
 .debug_info    0x00009edd      0x66f CMakeFiles/TCD1304Derives.elf.dir/Drivers/STM32F1xx_HAL_Driver/Src/stm32f1xx_hal_gpio.c.obj
 .debug_info    0x0000a54c      0xa3b CMakeFiles/TCD1304Derives.elf.dir/Drivers/STM32F1xx_HAL_Driver/Src/stm32f1xx_hal_rcc.c.obj
 .debug_info    0x0000af87      0x449 CMakeFiles/TCD1304Derives.elf.dir/Drivers/STM32F1xx_HAL_Driver/Src/stm32f1xx_hal_rcc_ex.c.obj
 .debug_info    0x0000b3d0     0x3d52 CMakeFiles/TCD1304Derives.elf.dir/Drivers/STM32F1xx_HAL_Driver/Src/stm32f1xx_hal_tim.c.obj
 .debug_info    0x0000f122     0x1abb CMakeFiles/TCD1304Derives.elf.dir/Drivers/STM32F1xx_HAL_Driver/Src/stm32f1xx_hal_tim_ex.c.obj
 .debug_info    0x00010bdd     0x4212 CMakeFiles/TCD1304Derives.elf.dir/Drivers/STM32F1xx_HAL_Driver/Src/stm32f1xx_hal_uart.c.obj

.debug_abbrev   0x00000000     0x2cb0
 .debug_abbrev  0x00000000       0xf9 CMakeFiles/TCD1304Derives.elf.dir/Core/Src/Gaussian.c.obj
 .debug_abbrev  0x000000f9      0x1bb CMakeFiles/TCD1304Derives.elf.dir/Core/Src/KeyScan.c.obj
 .debug_abbrev  0x000002b4      0x2a4 CMakeFiles/TCD1304Derives.elf.dir/Core/Src/OLED.c.obj
 .debug_abbrev  0x00000558      0x1aa CMakeFiles/TCD1304Derives.elf.dir/Core/Src/Soft_I2C.c.obj
 .debug_abbrev  0x00000702      0x1c9 CMakeFiles/TCD1304Derives.elf.dir/Core/Src/adc.c.obj
 .debug_abbrev  0x000008cb      0x19a CMakeFiles/TCD1304Derives.elf.dir/Core/Src/dma.c.obj
 .debug_abbrev  0x00000a65      0x113 CMakeFiles/TCD1304Derives.elf.dir/Core/Src/gpio.c.obj
 .debug_abbrev  0x00000b78      0x296 CMakeFiles/TCD1304Derives.elf.dir/Core/Src/main.c.obj
 .debug_abbrev  0x00000e0e       0xe5 CMakeFiles/TCD1304Derives.elf.dir/Core/Src/stm32f1xx_hal_msp.c.obj
 .debug_abbrev  0x00000ef3      0x15b CMakeFiles/TCD1304Derives.elf.dir/Core/Src/stm32f1xx_it.c.obj
 .debug_abbrev  0x0000104e      0x13e CMakeFiles/TCD1304Derives.elf.dir/Core/Src/system_stm32f1xx.c.obj
 .debug_abbrev  0x0000118c      0x23e CMakeFiles/TCD1304Derives.elf.dir/Core/Src/tim.c.obj
 .debug_abbrev  0x000013ca      0x1e4 CMakeFiles/TCD1304Derives.elf.dir/Core/Src/usart.c.obj
 .debug_abbrev  0x000015ae       0x12 CMakeFiles/TCD1304Derives.elf.dir/Core/Startup/startup_stm32f103c8tx.s.obj
 .debug_abbrev  0x000015c0      0x1f4 CMakeFiles/TCD1304Derives.elf.dir/Drivers/STM32F1xx_HAL_Driver/Src/stm32f1xx_hal.c.obj
 .debug_abbrev  0x000017b4      0x1fc CMakeFiles/TCD1304Derives.elf.dir/Drivers/STM32F1xx_HAL_Driver/Src/stm32f1xx_hal_adc.c.obj
 .debug_abbrev  0x000019b0      0x341 CMakeFiles/TCD1304Derives.elf.dir/Drivers/STM32F1xx_HAL_Driver/Src/stm32f1xx_hal_cortex.c.obj
 .debug_abbrev  0x00001cf1      0x223 CMakeFiles/TCD1304Derives.elf.dir/Drivers/STM32F1xx_HAL_Driver/Src/stm32f1xx_hal_dma.c.obj
 .debug_abbrev  0x00001f14      0x1e6 CMakeFiles/TCD1304Derives.elf.dir/Drivers/STM32F1xx_HAL_Driver/Src/stm32f1xx_hal_gpio.c.obj
 .debug_abbrev  0x000020fa      0x27a CMakeFiles/TCD1304Derives.elf.dir/Drivers/STM32F1xx_HAL_Driver/Src/stm32f1xx_hal_rcc.c.obj
 .debug_abbrev  0x00002374      0x1d2 CMakeFiles/TCD1304Derives.elf.dir/Drivers/STM32F1xx_HAL_Driver/Src/stm32f1xx_hal_rcc_ex.c.obj
 .debug_abbrev  0x00002546      0x245 CMakeFiles/TCD1304Derives.elf.dir/Drivers/STM32F1xx_HAL_Driver/Src/stm32f1xx_hal_tim.c.obj
 .debug_abbrev  0x0000278b      0x248 CMakeFiles/TCD1304Derives.elf.dir/Drivers/STM32F1xx_HAL_Driver/Src/stm32f1xx_hal_tim_ex.c.obj
 .debug_abbrev  0x000029d3      0x2dd CMakeFiles/TCD1304Derives.elf.dir/Drivers/STM32F1xx_HAL_Driver/Src/stm32f1xx_hal_uart.c.obj

.debug_loc      0x00000000     0xf7b2
 .debug_loc     0x00000000      0x128 CMakeFiles/TCD1304Derives.elf.dir/Core/Src/Gaussian.c.obj
 .debug_loc     0x00000128       0x47 CMakeFiles/TCD1304Derives.elf.dir/Core/Src/KeyScan.c.obj
 .debug_loc     0x0000016f      0xf5f CMakeFiles/TCD1304Derives.elf.dir/Core/Src/OLED.c.obj
 .debug_loc     0x000010ce      0x2dc CMakeFiles/TCD1304Derives.elf.dir/Core/Src/Soft_I2C.c.obj
 .debug_loc     0x000013aa       0x71 CMakeFiles/TCD1304Derives.elf.dir/Core/Src/adc.c.obj
 .debug_loc     0x0000141b      0x188 CMakeFiles/TCD1304Derives.elf.dir/Core/Src/main.c.obj
 .debug_loc     0x000015a3       0x15 CMakeFiles/TCD1304Derives.elf.dir/Core/Src/stm32f1xx_hal_msp.c.obj
 .debug_loc     0x000015b8       0xff CMakeFiles/TCD1304Derives.elf.dir/Core/Src/system_stm32f1xx.c.obj
 .debug_loc     0x000016b7       0x7c CMakeFiles/TCD1304Derives.elf.dir/Core/Src/tim.c.obj
 .debug_loc     0x00001733       0x71 CMakeFiles/TCD1304Derives.elf.dir/Core/Src/usart.c.obj
 .debug_loc     0x000017a4      0x141 CMakeFiles/TCD1304Derives.elf.dir/Drivers/STM32F1xx_HAL_Driver/Src/stm32f1xx_hal.c.obj
 .debug_loc     0x000018e5      0xb03 CMakeFiles/TCD1304Derives.elf.dir/Drivers/STM32F1xx_HAL_Driver/Src/stm32f1xx_hal_adc.c.obj
 .debug_loc     0x000023e8      0x71f CMakeFiles/TCD1304Derives.elf.dir/Drivers/STM32F1xx_HAL_Driver/Src/stm32f1xx_hal_cortex.c.obj
 .debug_loc     0x00002b07      0x7d1 CMakeFiles/TCD1304Derives.elf.dir/Drivers/STM32F1xx_HAL_Driver/Src/stm32f1xx_hal_dma.c.obj
 .debug_loc     0x000032d8      0x47d CMakeFiles/TCD1304Derives.elf.dir/Drivers/STM32F1xx_HAL_Driver/Src/stm32f1xx_hal_gpio.c.obj
 .debug_loc     0x00003755      0x618 CMakeFiles/TCD1304Derives.elf.dir/Drivers/STM32F1xx_HAL_Driver/Src/stm32f1xx_hal_rcc.c.obj
 .debug_loc     0x00003d6d      0x43d CMakeFiles/TCD1304Derives.elf.dir/Drivers/STM32F1xx_HAL_Driver/Src/stm32f1xx_hal_rcc_ex.c.obj
 .debug_loc     0x000041aa     0x50fa CMakeFiles/TCD1304Derives.elf.dir/Drivers/STM32F1xx_HAL_Driver/Src/stm32f1xx_hal_tim.c.obj
 .debug_loc     0x000092a4     0x1c93 CMakeFiles/TCD1304Derives.elf.dir/Drivers/STM32F1xx_HAL_Driver/Src/stm32f1xx_hal_tim_ex.c.obj
 .debug_loc     0x0000af37     0x487b CMakeFiles/TCD1304Derives.elf.dir/Drivers/STM32F1xx_HAL_Driver/Src/stm32f1xx_hal_uart.c.obj

.debug_aranges  0x00000000      0xf18
 .debug_aranges
                0x00000000       0x20 CMakeFiles/TCD1304Derives.elf.dir/Core/Src/Gaussian.c.obj
 .debug_aranges
                0x00000020       0x40 CMakeFiles/TCD1304Derives.elf.dir/Core/Src/KeyScan.c.obj
 .debug_aranges
                0x00000060       0xf8 CMakeFiles/TCD1304Derives.elf.dir/Core/Src/OLED.c.obj
 .debug_aranges
                0x00000158       0x58 CMakeFiles/TCD1304Derives.elf.dir/Core/Src/Soft_I2C.c.obj
 .debug_aranges
                0x000001b0       0x30 CMakeFiles/TCD1304Derives.elf.dir/Core/Src/adc.c.obj
 .debug_aranges
                0x000001e0       0x20 CMakeFiles/TCD1304Derives.elf.dir/Core/Src/dma.c.obj
 .debug_aranges
                0x00000200       0x20 CMakeFiles/TCD1304Derives.elf.dir/Core/Src/gpio.c.obj
 .debug_aranges
                0x00000220       0x58 CMakeFiles/TCD1304Derives.elf.dir/Core/Src/main.c.obj
 .debug_aranges
                0x00000278       0x20 CMakeFiles/TCD1304Derives.elf.dir/Core/Src/stm32f1xx_hal_msp.c.obj
 .debug_aranges
                0x00000298       0x78 CMakeFiles/TCD1304Derives.elf.dir/Core/Src/stm32f1xx_it.c.obj
 .debug_aranges
                0x00000310       0x28 CMakeFiles/TCD1304Derives.elf.dir/Core/Src/system_stm32f1xx.c.obj
 .debug_aranges
                0x00000338       0x50 CMakeFiles/TCD1304Derives.elf.dir/Core/Src/tim.c.obj
 .debug_aranges
                0x00000388       0x30 CMakeFiles/TCD1304Derives.elf.dir/Core/Src/usart.c.obj
 .debug_aranges
                0x000003b8       0x28 CMakeFiles/TCD1304Derives.elf.dir/Core/Startup/startup_stm32f103c8tx.s.obj
 .debug_aranges
                0x000003e0       0xe0 CMakeFiles/TCD1304Derives.elf.dir/Drivers/STM32F1xx_HAL_Driver/Src/stm32f1xx_hal.c.obj
 .debug_aranges
                0x000004c0       0xf0 CMakeFiles/TCD1304Derives.elf.dir/Drivers/STM32F1xx_HAL_Driver/Src/stm32f1xx_hal_adc.c.obj
 .debug_aranges
                0x000005b0       0x90 CMakeFiles/TCD1304Derives.elf.dir/Drivers/STM32F1xx_HAL_Driver/Src/stm32f1xx_hal_cortex.c.obj
 .debug_aranges
                0x00000640       0x80 CMakeFiles/TCD1304Derives.elf.dir/Drivers/STM32F1xx_HAL_Driver/Src/stm32f1xx_hal_dma.c.obj
 .debug_aranges
                0x000006c0       0x58 CMakeFiles/TCD1304Derives.elf.dir/Drivers/STM32F1xx_HAL_Driver/Src/stm32f1xx_hal_gpio.c.obj
 .debug_aranges
                0x00000718       0x90 CMakeFiles/TCD1304Derives.elf.dir/Drivers/STM32F1xx_HAL_Driver/Src/stm32f1xx_hal_rcc.c.obj
 .debug_aranges
                0x000007a8       0x30 CMakeFiles/TCD1304Derives.elf.dir/Drivers/STM32F1xx_HAL_Driver/Src/stm32f1xx_hal_rcc_ex.c.obj
 .debug_aranges
                0x000007d8      0x3d0 CMakeFiles/TCD1304Derives.elf.dir/Drivers/STM32F1xx_HAL_Driver/Src/stm32f1xx_hal_tim.c.obj
 .debug_aranges
                0x00000ba8      0x168 CMakeFiles/TCD1304Derives.elf.dir/Drivers/STM32F1xx_HAL_Driver/Src/stm32f1xx_hal_tim_ex.c.obj
 .debug_aranges
                0x00000d10      0x208 CMakeFiles/TCD1304Derives.elf.dir/Drivers/STM32F1xx_HAL_Driver/Src/stm32f1xx_hal_uart.c.obj

.debug_ranges   0x00000000      0xf28
 .debug_ranges  0x00000000       0x28 CMakeFiles/TCD1304Derives.elf.dir/Core/Src/Gaussian.c.obj
 .debug_ranges  0x00000028       0x30 CMakeFiles/TCD1304Derives.elf.dir/Core/Src/KeyScan.c.obj
 .debug_ranges  0x00000058      0x1a8 CMakeFiles/TCD1304Derives.elf.dir/Core/Src/OLED.c.obj
 .debug_ranges  0x00000200       0x48 CMakeFiles/TCD1304Derives.elf.dir/Core/Src/Soft_I2C.c.obj
 .debug_ranges  0x00000248       0x20 CMakeFiles/TCD1304Derives.elf.dir/Core/Src/adc.c.obj
 .debug_ranges  0x00000268       0x10 CMakeFiles/TCD1304Derives.elf.dir/Core/Src/dma.c.obj
 .debug_ranges  0x00000278       0x10 CMakeFiles/TCD1304Derives.elf.dir/Core/Src/gpio.c.obj
 .debug_ranges  0x00000288       0x48 CMakeFiles/TCD1304Derives.elf.dir/Core/Src/main.c.obj
 .debug_ranges  0x000002d0       0x10 CMakeFiles/TCD1304Derives.elf.dir/Core/Src/stm32f1xx_hal_msp.c.obj
 .debug_ranges  0x000002e0       0x68 CMakeFiles/TCD1304Derives.elf.dir/Core/Src/stm32f1xx_it.c.obj
 .debug_ranges  0x00000348       0x18 CMakeFiles/TCD1304Derives.elf.dir/Core/Src/system_stm32f1xx.c.obj
 .debug_ranges  0x00000360       0x40 CMakeFiles/TCD1304Derives.elf.dir/Core/Src/tim.c.obj
 .debug_ranges  0x000003a0       0x20 CMakeFiles/TCD1304Derives.elf.dir/Core/Src/usart.c.obj
 .debug_ranges  0x000003c0       0x20 CMakeFiles/TCD1304Derives.elf.dir/Core/Startup/startup_stm32f103c8tx.s.obj
 .debug_ranges  0x000003e0       0xd0 CMakeFiles/TCD1304Derives.elf.dir/Drivers/STM32F1xx_HAL_Driver/Src/stm32f1xx_hal.c.obj
 .debug_ranges  0x000004b0       0xe0 CMakeFiles/TCD1304Derives.elf.dir/Drivers/STM32F1xx_HAL_Driver/Src/stm32f1xx_hal_adc.c.obj
 .debug_ranges  0x00000590       0xe0 CMakeFiles/TCD1304Derives.elf.dir/Drivers/STM32F1xx_HAL_Driver/Src/stm32f1xx_hal_cortex.c.obj
 .debug_ranges  0x00000670       0x70 CMakeFiles/TCD1304Derives.elf.dir/Drivers/STM32F1xx_HAL_Driver/Src/stm32f1xx_hal_dma.c.obj
 .debug_ranges  0x000006e0       0x48 CMakeFiles/TCD1304Derives.elf.dir/Drivers/STM32F1xx_HAL_Driver/Src/stm32f1xx_hal_gpio.c.obj
 .debug_ranges  0x00000728       0xa0 CMakeFiles/TCD1304Derives.elf.dir/Drivers/STM32F1xx_HAL_Driver/Src/stm32f1xx_hal_rcc.c.obj
 .debug_ranges  0x000007c8       0x38 CMakeFiles/TCD1304Derives.elf.dir/Drivers/STM32F1xx_HAL_Driver/Src/stm32f1xx_hal_rcc_ex.c.obj
 .debug_ranges  0x00000800      0x3c0 CMakeFiles/TCD1304Derives.elf.dir/Drivers/STM32F1xx_HAL_Driver/Src/stm32f1xx_hal_tim.c.obj
 .debug_ranges  0x00000bc0      0x158 CMakeFiles/TCD1304Derives.elf.dir/Drivers/STM32F1xx_HAL_Driver/Src/stm32f1xx_hal_tim_ex.c.obj
 .debug_ranges  0x00000d18      0x210 CMakeFiles/TCD1304Derives.elf.dir/Drivers/STM32F1xx_HAL_Driver/Src/stm32f1xx_hal_uart.c.obj

.debug_line     0x00000000    0x13699
 .debug_line    0x00000000      0x39c CMakeFiles/TCD1304Derives.elf.dir/Core/Src/Gaussian.c.obj
 .debug_line    0x0000039c      0x434 CMakeFiles/TCD1304Derives.elf.dir/Core/Src/KeyScan.c.obj
 .debug_line    0x000007d0      0xe65 CMakeFiles/TCD1304Derives.elf.dir/Core/Src/OLED.c.obj
 .debug_line    0x00001635      0x52b CMakeFiles/TCD1304Derives.elf.dir/Core/Src/Soft_I2C.c.obj
 .debug_line    0x00001b60      0x4bc CMakeFiles/TCD1304Derives.elf.dir/Core/Src/adc.c.obj
 .debug_line    0x0000201c      0x3a4 CMakeFiles/TCD1304Derives.elf.dir/Core/Src/dma.c.obj
 .debug_line    0x000023c0      0x2e4 CMakeFiles/TCD1304Derives.elf.dir/Core/Src/gpio.c.obj
 .debug_line    0x000026a4      0x7af CMakeFiles/TCD1304Derives.elf.dir/Core/Src/main.c.obj
 .debug_line    0x00002e53      0x258 CMakeFiles/TCD1304Derives.elf.dir/Core/Src/stm32f1xx_hal_msp.c.obj
 .debug_line    0x000030ab      0x440 CMakeFiles/TCD1304Derives.elf.dir/Core/Src/stm32f1xx_it.c.obj
 .debug_line    0x000034eb      0x322 CMakeFiles/TCD1304Derives.elf.dir/Core/Src/system_stm32f1xx.c.obj
 .debug_line    0x0000380d      0x8ce CMakeFiles/TCD1304Derives.elf.dir/Core/Src/tim.c.obj
 .debug_line    0x000040db      0x4cb CMakeFiles/TCD1304Derives.elf.dir/Core/Src/usart.c.obj
 .debug_line    0x000045a6       0xc9 CMakeFiles/TCD1304Derives.elf.dir/Core/Startup/startup_stm32f103c8tx.s.obj
 .debug_line    0x0000466f      0x696 CMakeFiles/TCD1304Derives.elf.dir/Drivers/STM32F1xx_HAL_Driver/Src/stm32f1xx_hal.c.obj
 .debug_line    0x00004d05     0x100f CMakeFiles/TCD1304Derives.elf.dir/Drivers/STM32F1xx_HAL_Driver/Src/stm32f1xx_hal_adc.c.obj
 .debug_line    0x00005d14      0x75b CMakeFiles/TCD1304Derives.elf.dir/Drivers/STM32F1xx_HAL_Driver/Src/stm32f1xx_hal_cortex.c.obj
 .debug_line    0x0000646f      0xb7c CMakeFiles/TCD1304Derives.elf.dir/Drivers/STM32F1xx_HAL_Driver/Src/stm32f1xx_hal_dma.c.obj
 .debug_line    0x00006feb      0x703 CMakeFiles/TCD1304Derives.elf.dir/Drivers/STM32F1xx_HAL_Driver/Src/stm32f1xx_hal_gpio.c.obj
 .debug_line    0x000076ee      0xd40 CMakeFiles/TCD1304Derives.elf.dir/Drivers/STM32F1xx_HAL_Driver/Src/stm32f1xx_hal_rcc.c.obj
 .debug_line    0x0000842e      0x5b5 CMakeFiles/TCD1304Derives.elf.dir/Drivers/STM32F1xx_HAL_Driver/Src/stm32f1xx_hal_rcc_ex.c.obj
 .debug_line    0x000089e3     0x4a9b CMakeFiles/TCD1304Derives.elf.dir/Drivers/STM32F1xx_HAL_Driver/Src/stm32f1xx_hal_tim.c.obj
 .debug_line    0x0000d47e     0x1d10 CMakeFiles/TCD1304Derives.elf.dir/Drivers/STM32F1xx_HAL_Driver/Src/stm32f1xx_hal_tim_ex.c.obj
 .debug_line    0x0000f18e     0x450b CMakeFiles/TCD1304Derives.elf.dir/Drivers/STM32F1xx_HAL_Driver/Src/stm32f1xx_hal_uart.c.obj

.debug_str      0x00000000     0x4912
 .debug_str     0x00000000      0x27e CMakeFiles/TCD1304Derives.elf.dir/Core/Src/Gaussian.c.obj
                                0x2d0 (size before relaxing)
 .debug_str     0x0000027e      0x16d CMakeFiles/TCD1304Derives.elf.dir/Core/Src/KeyScan.c.obj
                                0x33b (size before relaxing)
 .debug_str     0x000003eb      0x36c CMakeFiles/TCD1304Derives.elf.dir/Core/Src/OLED.c.obj
                                0x5c8 (size before relaxing)
 .debug_str     0x00000757       0xc7 CMakeFiles/TCD1304Derives.elf.dir/Core/Src/Soft_I2C.c.obj
                                0x3fb (size before relaxing)
 .debug_str     0x0000081e      0x429 CMakeFiles/TCD1304Derives.elf.dir/Core/Src/adc.c.obj
                                0x6c9 (size before relaxing)
 .debug_str     0x00000c47      0x37a CMakeFiles/TCD1304Derives.elf.dir/Core/Src/dma.c.obj
                                0x798 (size before relaxing)
 .debug_str     0x00000fc1       0x63 CMakeFiles/TCD1304Derives.elf.dir/Core/Src/gpio.c.obj
                                0x2d3 (size before relaxing)
 .debug_str     0x00001024      0x8e2 CMakeFiles/TCD1304Derives.elf.dir/Core/Src/main.c.obj
                                0xfae (size before relaxing)
 .debug_str     0x00001906       0x9d CMakeFiles/TCD1304Derives.elf.dir/Core/Src/stm32f1xx_hal_msp.c.obj
                                0x2a3 (size before relaxing)
 .debug_str     0x000019a3      0x174 CMakeFiles/TCD1304Derives.elf.dir/Core/Src/stm32f1xx_it.c.obj
                                0x73f (size before relaxing)
 .debug_str     0x00001b17       0xc1 CMakeFiles/TCD1304Derives.elf.dir/Core/Src/system_stm32f1xx.c.obj
                                0x2d8 (size before relaxing)
 .debug_str     0x00001bd8      0x2f5 CMakeFiles/TCD1304Derives.elf.dir/Core/Src/tim.c.obj
                                0xac1 (size before relaxing)
 .debug_str     0x00001ecd       0xa8 CMakeFiles/TCD1304Derives.elf.dir/Core/Src/usart.c.obj
                                0xa80 (size before relaxing)
 .debug_str     0x00001f75       0x79 CMakeFiles/TCD1304Derives.elf.dir/Core/Startup/startup_stm32f103c8tx.s.obj
                                 0xd1 (size before relaxing)
 .debug_str     0x00001fee      0x347 CMakeFiles/TCD1304Derives.elf.dir/Drivers/STM32F1xx_HAL_Driver/Src/stm32f1xx_hal.c.obj
                                0x8a8 (size before relaxing)
 .debug_str     0x00002335      0x342 CMakeFiles/TCD1304Derives.elf.dir/Drivers/STM32F1xx_HAL_Driver/Src/stm32f1xx_hal_adc.c.obj
                                0x95e (size before relaxing)
 .debug_str     0x00002677      0x3d7 CMakeFiles/TCD1304Derives.elf.dir/Drivers/STM32F1xx_HAL_Driver/Src/stm32f1xx_hal_cortex.c.obj
                                0x957 (size before relaxing)
 .debug_str     0x00002a4e      0x221 CMakeFiles/TCD1304Derives.elf.dir/Drivers/STM32F1xx_HAL_Driver/Src/stm32f1xx_hal_dma.c.obj
                                0x681 (size before relaxing)
 .debug_str     0x00002c6f      0x139 CMakeFiles/TCD1304Derives.elf.dir/Drivers/STM32F1xx_HAL_Driver/Src/stm32f1xx_hal_gpio.c.obj
                                0x484 (size before relaxing)
 .debug_str     0x00002da8      0x228 CMakeFiles/TCD1304Derives.elf.dir/Drivers/STM32F1xx_HAL_Driver/Src/stm32f1xx_hal_rcc.c.obj
                                0x6af (size before relaxing)
 .debug_str     0x00002fd0       0xc7 CMakeFiles/TCD1304Derives.elf.dir/Drivers/STM32F1xx_HAL_Driver/Src/stm32f1xx_hal_rcc_ex.c.obj
                                0x457 (size before relaxing)
 .debug_str     0x00003097      0xdc0 CMakeFiles/TCD1304Derives.elf.dir/Drivers/STM32F1xx_HAL_Driver/Src/stm32f1xx_hal_tim.c.obj
                               0x16c3 (size before relaxing)
 .debug_str     0x00003e57      0x4b5 CMakeFiles/TCD1304Derives.elf.dir/Drivers/STM32F1xx_HAL_Driver/Src/stm32f1xx_hal_tim_ex.c.obj
                                0xec4 (size before relaxing)
 .debug_str     0x0000430c      0x606 CMakeFiles/TCD1304Derives.elf.dir/Drivers/STM32F1xx_HAL_Driver/Src/stm32f1xx_hal_uart.c.obj
                                0xd78 (size before relaxing)

.comment        0x00000000       0x49
 .comment       0x00000000       0x49 CMakeFiles/TCD1304Derives.elf.dir/Core/Src/Gaussian.c.obj
                                 0x4a (size before relaxing)
 .comment       0x00000049       0x4a CMakeFiles/TCD1304Derives.elf.dir/Core/Src/KeyScan.c.obj
 .comment       0x00000049       0x4a CMakeFiles/TCD1304Derives.elf.dir/Core/Src/OLED.c.obj
 .comment       0x00000049       0x4a CMakeFiles/TCD1304Derives.elf.dir/Core/Src/Soft_I2C.c.obj
 .comment       0x00000049       0x4a CMakeFiles/TCD1304Derives.elf.dir/Core/Src/adc.c.obj
 .comment       0x00000049       0x4a CMakeFiles/TCD1304Derives.elf.dir/Core/Src/dma.c.obj
 .comment       0x00000049       0x4a CMakeFiles/TCD1304Derives.elf.dir/Core/Src/gpio.c.obj
 .comment       0x00000049       0x4a CMakeFiles/TCD1304Derives.elf.dir/Core/Src/main.c.obj
 .comment       0x00000049       0x4a CMakeFiles/TCD1304Derives.elf.dir/Core/Src/stm32f1xx_hal_msp.c.obj
 .comment       0x00000049       0x4a CMakeFiles/TCD1304Derives.elf.dir/Core/Src/stm32f1xx_it.c.obj
 .comment       0x00000049       0x4a CMakeFiles/TCD1304Derives.elf.dir/Core/Src/system_stm32f1xx.c.obj
 .comment       0x00000049       0x4a CMakeFiles/TCD1304Derives.elf.dir/Core/Src/tim.c.obj
 .comment       0x00000049       0x4a CMakeFiles/TCD1304Derives.elf.dir/Core/Src/usart.c.obj
 .comment       0x00000049       0x4a CMakeFiles/TCD1304Derives.elf.dir/Drivers/STM32F1xx_HAL_Driver/Src/stm32f1xx_hal.c.obj
 .comment       0x00000049       0x4a CMakeFiles/TCD1304Derives.elf.dir/Drivers/STM32F1xx_HAL_Driver/Src/stm32f1xx_hal_adc.c.obj
 .comment       0x00000049       0x4a CMakeFiles/TCD1304Derives.elf.dir/Drivers/STM32F1xx_HAL_Driver/Src/stm32f1xx_hal_cortex.c.obj
 .comment       0x00000049       0x4a CMakeFiles/TCD1304Derives.elf.dir/Drivers/STM32F1xx_HAL_Driver/Src/stm32f1xx_hal_dma.c.obj
 .comment       0x00000049       0x4a CMakeFiles/TCD1304Derives.elf.dir/Drivers/STM32F1xx_HAL_Driver/Src/stm32f1xx_hal_gpio.c.obj
 .comment       0x00000049       0x4a CMakeFiles/TCD1304Derives.elf.dir/Drivers/STM32F1xx_HAL_Driver/Src/stm32f1xx_hal_rcc.c.obj
 .comment       0x00000049       0x4a CMakeFiles/TCD1304Derives.elf.dir/Drivers/STM32F1xx_HAL_Driver/Src/stm32f1xx_hal_rcc_ex.c.obj
 .comment       0x00000049       0x4a CMakeFiles/TCD1304Derives.elf.dir/Drivers/STM32F1xx_HAL_Driver/Src/stm32f1xx_hal_tim.c.obj
 .comment       0x00000049       0x4a CMakeFiles/TCD1304Derives.elf.dir/Drivers/STM32F1xx_HAL_Driver/Src/stm32f1xx_hal_tim_ex.c.obj
 .comment       0x00000049       0x4a CMakeFiles/TCD1304Derives.elf.dir/Drivers/STM32F1xx_HAL_Driver/Src/stm32f1xx_hal_uart.c.obj

.debug_frame    0x00000000     0x2ba8
 .debug_frame   0x00000000       0x34 CMakeFiles/TCD1304Derives.elf.dir/Core/Src/Gaussian.c.obj
 .debug_frame   0x00000034       0x8c CMakeFiles/TCD1304Derives.elf.dir/Core/Src/KeyScan.c.obj
 .debug_frame   0x000000c0      0x344 CMakeFiles/TCD1304Derives.elf.dir/Core/Src/OLED.c.obj
 .debug_frame   0x00000404       0xf0 CMakeFiles/TCD1304Derives.elf.dir/Core/Src/Soft_I2C.c.obj
 .debug_frame   0x000004f4       0x68 CMakeFiles/TCD1304Derives.elf.dir/Core/Src/adc.c.obj
 .debug_frame   0x0000055c       0x30 CMakeFiles/TCD1304Derives.elf.dir/Core/Src/dma.c.obj
 .debug_frame   0x0000058c       0x2c CMakeFiles/TCD1304Derives.elf.dir/Core/Src/gpio.c.obj
 .debug_frame   0x000005b8       0xe0 CMakeFiles/TCD1304Derives.elf.dir/Core/Src/main.c.obj
 .debug_frame   0x00000698       0x28 CMakeFiles/TCD1304Derives.elf.dir/Core/Src/stm32f1xx_hal_msp.c.obj
 .debug_frame   0x000006c0       0xf0 CMakeFiles/TCD1304Derives.elf.dir/Core/Src/stm32f1xx_it.c.obj
 .debug_frame   0x000007b0       0x30 CMakeFiles/TCD1304Derives.elf.dir/Core/Src/system_stm32f1xx.c.obj
 .debug_frame   0x000007e0       0xe0 CMakeFiles/TCD1304Derives.elf.dir/Core/Src/tim.c.obj
 .debug_frame   0x000008c0       0x64 CMakeFiles/TCD1304Derives.elf.dir/Core/Src/usart.c.obj
 .debug_frame   0x00000924      0x1cc CMakeFiles/TCD1304Derives.elf.dir/Drivers/STM32F1xx_HAL_Driver/Src/stm32f1xx_hal.c.obj
 .debug_frame   0x00000af0      0x2c8 CMakeFiles/TCD1304Derives.elf.dir/Drivers/STM32F1xx_HAL_Driver/Src/stm32f1xx_hal_adc.c.obj
 .debug_frame   0x00000db8      0x118 CMakeFiles/TCD1304Derives.elf.dir/Drivers/STM32F1xx_HAL_Driver/Src/stm32f1xx_hal_cortex.c.obj
 .debug_frame   0x00000ed0      0x144 CMakeFiles/TCD1304Derives.elf.dir/Drivers/STM32F1xx_HAL_Driver/Src/stm32f1xx_hal_dma.c.obj
 .debug_frame   0x00001014       0xe4 CMakeFiles/TCD1304Derives.elf.dir/Drivers/STM32F1xx_HAL_Driver/Src/stm32f1xx_hal_gpio.c.obj
 .debug_frame   0x000010f8      0x184 CMakeFiles/TCD1304Derives.elf.dir/Drivers/STM32F1xx_HAL_Driver/Src/stm32f1xx_hal_rcc.c.obj
 .debug_frame   0x0000127c       0x5c CMakeFiles/TCD1304Derives.elf.dir/Drivers/STM32F1xx_HAL_Driver/Src/stm32f1xx_hal_rcc_ex.c.obj
 .debug_frame   0x000012d8      0xb18 CMakeFiles/TCD1304Derives.elf.dir/Drivers/STM32F1xx_HAL_Driver/Src/stm32f1xx_hal_tim.c.obj
 .debug_frame   0x00001df0      0x40c CMakeFiles/TCD1304Derives.elf.dir/Drivers/STM32F1xx_HAL_Driver/Src/stm32f1xx_hal_tim_ex.c.obj
 .debug_frame   0x000021fc      0x5d8 CMakeFiles/TCD1304Derives.elf.dir/Drivers/STM32F1xx_HAL_Driver/Src/stm32f1xx_hal_uart.c.obj
 .debug_frame   0x000027d4       0xac d:/study/stm32cube/arm-none-eabi-gcc/gcc-arm-none-eabi-10.3-2021.10-win32/gcc-arm-none-eabi-10.3-2021.10/bin/../lib/gcc/arm-none-eabi/10.3.1/thumb/v7-m/nofp\libgcc.a(_arm_addsubdf3.o)
 .debug_frame   0x00002880       0x50 d:/study/stm32cube/arm-none-eabi-gcc/gcc-arm-none-eabi-10.3-2021.10-win32/gcc-arm-none-eabi-10.3-2021.10/bin/../lib/gcc/arm-none-eabi/10.3.1/thumb/v7-m/nofp\libgcc.a(_arm_muldivdf3.o)
 .debug_frame   0x000028d0       0x24 d:/study/stm32cube/arm-none-eabi-gcc/gcc-arm-none-eabi-10.3-2021.10-win32/gcc-arm-none-eabi-10.3-2021.10/bin/../lib/gcc/arm-none-eabi/10.3.1/thumb/v7-m/nofp\libgcc.a(_arm_truncdfsf2.o)
 .debug_frame   0x000028f4       0x4c d:/study/stm32cube/arm-none-eabi-gcc/gcc-arm-none-eabi-10.3-2021.10-win32/gcc-arm-none-eabi-10.3-2021.10/bin/../lib/gcc/arm-none-eabi/10.3.1/thumb/v7-m/nofp\libgcc.a(_arm_addsubsf3.o)
 .debug_frame   0x00002940       0x38 d:/study/stm32cube/arm-none-eabi-gcc/gcc-arm-none-eabi-10.3-2021.10-win32/gcc-arm-none-eabi-10.3-2021.10/bin/../lib/gcc/arm-none-eabi/10.3.1/thumb/v7-m/nofp\libgcc.a(_arm_muldivsf3.o)
 .debug_frame   0x00002978       0x24 d:/study/stm32cube/arm-none-eabi-gcc/gcc-arm-none-eabi-10.3-2021.10-win32/gcc-arm-none-eabi-10.3-2021.10/bin/../lib/gcc/arm-none-eabi/10.3.1/thumb/v7-m/nofp\libgcc.a(_arm_fixsfsi.o)
 .debug_frame   0x0000299c       0x20 d:/study/stm32cube/arm-none-eabi-gcc/gcc-arm-none-eabi-10.3-2021.10-win32/gcc-arm-none-eabi-10.3-2021.10/bin/../lib/gcc/arm-none-eabi/10.3.1/../../../../arm-none-eabi/lib/thumb/v7-m/nofp\libg.a(lib_a-errno.o)
 .debug_frame   0x000029bc       0x2c d:/study/stm32cube/arm-none-eabi-gcc/gcc-arm-none-eabi-10.3-2021.10-win32/gcc-arm-none-eabi-10.3-2021.10/bin/../lib/gcc/arm-none-eabi/10.3.1/../../../../arm-none-eabi/lib/thumb/v7-m/nofp\libg.a(lib_a-init.o)
 .debug_frame   0x000029e8       0x2c d:/study/stm32cube/arm-none-eabi-gcc/gcc-arm-none-eabi-10.3-2021.10-win32/gcc-arm-none-eabi-10.3-2021.10/bin/../lib/gcc/arm-none-eabi/10.3.1/../../../../arm-none-eabi/lib/thumb/v7-m/nofp\libg.a(lib_a-memset.o)
 .debug_frame   0x00002a14       0x5c d:/study/stm32cube/arm-none-eabi-gcc/gcc-arm-none-eabi-10.3-2021.10-win32/gcc-arm-none-eabi-10.3-2021.10/bin/../lib/gcc/arm-none-eabi/10.3.1/../../../../arm-none-eabi/lib/thumb/v7-m/nofp\libg.a(lib_a-__call_atexit.o)
 .debug_frame   0x00002a70       0x20 d:/study/stm32cube/arm-none-eabi-gcc/gcc-arm-none-eabi-10.3-2021.10-win32/gcc-arm-none-eabi-10.3-2021.10/bin/../lib/gcc/arm-none-eabi/10.3.1/../../../../arm-none-eabi/lib/thumb/v7-m/nofp\libg.a(lib_a-atexit.o)
 .debug_frame   0x00002a90       0x34 d:/study/stm32cube/arm-none-eabi-gcc/gcc-arm-none-eabi-10.3-2021.10-win32/gcc-arm-none-eabi-10.3-2021.10/bin/../lib/gcc/arm-none-eabi/10.3.1/../../../../arm-none-eabi/lib/thumb/v7-m/nofp\libg.a(lib_a-fini.o)
 .debug_frame   0x00002ac4       0xb0 d:/study/stm32cube/arm-none-eabi-gcc/gcc-arm-none-eabi-10.3-2021.10-win32/gcc-arm-none-eabi-10.3-2021.10/bin/../lib/gcc/arm-none-eabi/10.3.1/../../../../arm-none-eabi/lib/thumb/v7-m/nofp\libg.a(lib_a-lock.o)
 .debug_frame   0x00002b74       0x34 d:/study/stm32cube/arm-none-eabi-gcc/gcc-arm-none-eabi-10.3-2021.10-win32/gcc-arm-none-eabi-10.3-2021.10/bin/../lib/gcc/arm-none-eabi/10.3.1/../../../../arm-none-eabi/lib/thumb/v7-m/nofp\libg.a(lib_a-__atexit.o)